<html>
<body>
<pre>
<h1>µVision Build Log</h1>
<h2>Tool Versions:</h2>
IDE-Version: ¦ÌVision V5.24.2.0
Copyright (C) 2017 ARM Ltd and ARM Germany GmbH. All rights reserved.
License Information: 1 ASUS, whu, LIC=21E4T-R7DCY-VE4HA-1DFGG-7LG2C-6HCJY
 
Tool Versions:
Toolchain:       MDK-ARM Plus  Version: 5.24.1
Toolchain Path:  D:\Keil5\ARM\ARMCC\Bin
C Compiler:      Armcc.exe V5.06 update 5 (build 528)
Assembler:       Armasm.exe V5.06 update 5 (build 528)
Linker/Locator:  ArmLink.exe V5.06 update 5 (build 528)
Library Manager: ArmAr.exe V5.06 update 5 (build 528)
Hex Converter:   FromElf.exe V5.06 update 5 (build 528)
CPU DLL:         SARMCM3.DLL V5.24.1
Dialog DLL:      DCM.DLL V1.16.0.0
Target DLL:      CMSIS_AGDI.dll V1.28.3.0
Dialog DLL:      TCM.DLL V1.32.0.0
 
<h2>Project:</h2>
C:\Users\ASUS\Desktop\WHU_balance_V2.1.5\02Balance_gimbal_task\MDK-ARM\standard_robot.uvprojx
Project File Date:  11/22/2025

<h2>Output:</h2>
*** Using Compiler 'V5.06 update 5 (build 528)', folder: 'D:\Keil5\ARM\ARMCC\Bin'
Build target 'standard_robot'
compiling shoot.c...
..\application\INS_task.h(85): warning:  #1295-D: Deprecated declaration get_INS - give arg types
  extern INS_t *get_INS();
..\application\gimbal_task.h(289): warning:  #1295-D: Deprecated declaration get_chassis_data_point - give arg types
  extern chassis_data_t *get_chassis_data_point();
..\application\gimbal_task.h(290): warning:  #1295-D: Deprecated declaration get_gimbal_data - give arg types
  extern gimbal_control_t *get_gimbal_data();
..\application\shoot.c(17): warning:  #550-D: variable "Self_aim_data"  was set but never used
  static InputData *Self_aim_data;
..\application\shoot.c: 4 warnings, 0 errors
compiling CAN_receive.c...
..\application\INS_task.h(85): warning:  #1295-D: Deprecated declaration get_INS - give arg types
  extern INS_t *get_INS();
..\application\gimbal_task.h(289): warning:  #1295-D: Deprecated declaration get_chassis_data_point - give arg types
  extern chassis_data_t *get_chassis_data_point();
..\application\gimbal_task.h(290): warning:  #1295-D: Deprecated declaration get_gimbal_data - give arg types
  extern gimbal_control_t *get_gimbal_data();
..\application\CAN_receive.c(164): warning:  #9-D: nested comment is not allowed
  /**
..\application\CAN_receive.c: 4 warnings, 0 errors
compiling UART_task.c...
..\application\INS_task.h(85): warning:  #1295-D: Deprecated declaration get_INS - give arg types
  extern INS_t *get_INS();
..\application\gimbal_task.h(289): warning:  #1295-D: Deprecated declaration get_chassis_data_point - give arg types
  extern chassis_data_t *get_chassis_data_point();
..\application\gimbal_task.h(290): warning:  #1295-D: Deprecated declaration get_gimbal_data - give arg types
  extern gimbal_control_t *get_gimbal_data();
..\application\UART_task.h(24): warning:  #1-D: last line of file ends without a newline
  #endif
..\application\UART_task.c: 4 warnings, 0 errors
compiling usbd_cdc_if.c...
../application/INS_task.h(85): warning:  #1295-D: Deprecated declaration get_INS - give arg types
  extern INS_t *get_INS();
../application/gimbal_task.h(289): warning:  #1295-D: Deprecated declaration get_chassis_data_point - give arg types
  extern chassis_data_t *get_chassis_data_point();
../application/gimbal_task.h(290): warning:  #1295-D: Deprecated declaration get_gimbal_data - give arg types
  extern gimbal_control_t *get_gimbal_data();
../Src/usbd_cdc_if.c: 3 warnings, 0 errors
compiling freertos.c...
../application/INS_task.h(85): warning:  #1295-D: Deprecated declaration get_INS - give arg types
  extern INS_t *get_INS();
../application/gimbal_task.h(289): warning:  #1295-D: Deprecated declaration get_chassis_data_point - give arg types
  extern chassis_data_t *get_chassis_data_point();
../application/gimbal_task.h(290): warning:  #1295-D: Deprecated declaration get_gimbal_data - give arg types
  extern gimbal_control_t *get_gimbal_data();
../application/UART_task.h(24): warning:  #1-D: last line of file ends without a newline
  #endif
../Src/freertos.c(196): warning:  #550-D: variable "s"  was set but never used
    float s[3] = {0};
../Src/freertos.c: 5 warnings, 0 errors
compiling gimbal_task.c...
..\application\INS_task.h(85): warning:  #1295-D: Deprecated declaration get_INS - give arg types
  extern INS_t *get_INS();
..\application\gimbal_task.h(289): warning:  #1295-D: Deprecated declaration get_chassis_data_point - give arg types
  extern chassis_data_t *get_chassis_data_point();
..\application\gimbal_task.h(290): warning:  #1295-D: Deprecated declaration get_gimbal_data - give arg types
  extern gimbal_control_t *get_gimbal_data();
..\application\gimbal_task.c(181): warning:  #188-D: enumerated type mixed with another type
    chassis_data.shoot_mode = 0;
..\application\gimbal_task.c(182): warning:  #188-D: enumerated type mixed with another type
    chassis_data.chassis_mode = 0;
..\application\gimbal_task.c(300): warning:  #1035-D: single-precision operand implicitly converted to double-precision
    feedback_update->gimbal_pitch_motor.self_aim_pitch_angle = Self_aim_data->pitch / 3.14 * 180;
..\application\gimbal_task.c(302): warning:  #1035-D: single-precision operand implicitly converted to double-precision
    feedback_update->gimbal_yaw_motor.self_aim_yaw_angle = sliding_average(Self_aim_data->yaw / 3.14 * 180);
..\application\gimbal_task.c(311): warning:  #175-D: subscript out of range
    
c_deadband_limit(set_control->gimbal_rc_ctrl->rc.ch[PITCH_CHANNEL], pitch_channel, RC_DEADBAND);
..\application\gimbal_task.c(311): warning:  #175-D: subscript out of range
    
c_deadband_limit(set_control->gimbal_rc_ctrl->rc.ch[PITCH_CHANNEL], pitch_channel, RC_DEADBAND);
..\application\gimbal_task.c(311): warning:  #175-D: subscript out of range
    
c_deadband_limit(set_control->gimbal_rc_ctrl->rc.ch[PITCH_CHANNEL], pitch_channel, RC_DEADBAND);
..\application\gimbal_task.c(314): warning:  #1035-D: single-precision operand implicitly converted to double-precision
      set_control->gimbal_pitch_motor.absolute_angle_set += pitch_channel * 
ITCH_RC_SEN + set_control->gimbal_rc_ctrl->mouse.y * 
ITCH_MOUSE_SEN * 0.5;
..\application\gimbal_task.c(104): warning:  #177-D: variable "chassis_self_aim_yaw_filter"  was declared but never referenced
  const static fp32 chassis_self_aim_yaw_filter[1] = {CHASSIS_ACCEL_Y_NUM};
..\application\gimbal_task.c: 12 warnings, 0 errors
compiling main.c...
../application/INS_task.h(85): warning:  #1295-D: Deprecated declaration get_INS - give arg types
  extern INS_t *get_INS();
../application/gimbal_task.h(289): warning:  #1295-D: Deprecated declaration get_chassis_data_point - give arg types
  extern chassis_data_t *get_chassis_data_point();
../application/gimbal_task.h(290): warning:  #1295-D: Deprecated declaration get_gimbal_data - give arg types
  extern gimbal_control_t *get_gimbal_data();
../Src/main.c: 3 warnings, 0 errors
compiling calibrate_task.c...
..\application\INS_task.h(85): warning:  #1295-D: Deprecated declaration get_INS - give arg types
  extern INS_t *get_INS();
..\application\gimbal_task.h(289): warning:  #1295-D: Deprecated declaration get_chassis_data_point - give arg types
  extern chassis_data_t *get_chassis_data_point();
..\application\gimbal_task.h(290): warning:  #1295-D: Deprecated declaration get_gimbal_data - give arg types
  extern gimbal_control_t *get_gimbal_data();
..\application\calibrate_task.c: 3 warnings, 0 errors
compiling Self_aim.c...
..\application\INS_task.h(85): warning:  #1295-D: Deprecated declaration get_INS - give arg types
  extern INS_t *get_INS();
..\application\gimbal_task.h(289): warning:  #1295-D: Deprecated declaration get_chassis_data_point - give arg types
  extern chassis_data_t *get_chassis_data_point();
..\application\gimbal_task.h(290): warning:  #1295-D: Deprecated declaration get_gimbal_data - give arg types
  extern gimbal_control_t *get_gimbal_data();
..\application\Self_aim.c(89): warning:  #1035-D: single-precision operand implicitly converted to double-precision
      Send_Data.output_data.yaw = gimbal_data->gimbal_yaw_motor.absolute_angle / 180 * 3.1415926;
..\application\Self_aim.c: 4 warnings, 0 errors
linking...
Program Size: Code=77132 RO-data=4436 RW-data=1892 ZI-data=54940  
FromELF: creating hex file...
".\standard_tpye_c\standard_tpye_c.axf" - 0 Error(s), 42 Warning(s).

<h2>Software Packages used:</h2>

Package Vendor: ARM
                http://www.keil.com/pack/ARM.CMSIS.5.0.1.pack
                ARM.CMSIS.5.0.1
                CMSIS (Cortex Microcontroller Software Interface Standard)
   * Component: CORE Version: 5.0.1

Package Vendor: Keil
                http://www.keil.com/pack/Keil.STM32F4xx_DFP.2.11.0.pack
                Keil.STM32F4xx_DFP.2.11.0
                STMicroelectronics STM32F4 Series Device Support, Drivers and Examples

<h2>Collection of Component include folders:</h2>
  .\RTE\_standard_robot
  D:\Keil5\ARM\PACK\ARM\CMSIS\5.0.1\CMSIS\Include
  D:\Keil5\ARM\PACK\Keil\STM32F4xx_DFP\2.11.0\Drivers\CMSIS\Device\ST\STM32F4xx\Include

<h2>Collection of Component Files used:</h2>

   * Component: ARM::CMSIS:CORE:5.0.1
Build Time Elapsed:  00:00:04
</pre>
</body>
</html>
