Component: ARM Compiler 5.06 update 5 (build 528) Tool: armlink [4d35e2]

==============================================================================

Section Cross References

    startup_stm32f407xx.o(STACK) refers (Special) to heapauxi.o(.text) for __use_two_region_memory
    startup_stm32f407xx.o(HEAP) refers (Special) to heapauxi.o(.text) for __use_two_region_memory
    startup_stm32f407xx.o(RESET) refers (Special) to heapauxi.o(.text) for __use_two_region_memory
    startup_stm32f407xx.o(RESET) refers to startup_stm32f407xx.o(STACK) for __initial_sp
    startup_stm32f407xx.o(RESET) refers to startup_stm32f407xx.o(.text) for Reset_Handler
    startup_stm32f407xx.o(RESET) refers to stm32f4xx_it.o(i.NMI_Handler) for NMI_Handler
    startup_stm32f407xx.o(RESET) refers to stm32f4xx_it.o(i.HardFault_Handler) for HardFault_Handler
    startup_stm32f407xx.o(RESET) refers to stm32f4xx_it.o(i.MemManage_Handler) for MemManage_Handler
    startup_stm32f407xx.o(RESET) refers to stm32f4xx_it.o(i.BusFault_Handler) for BusFault_Handler
    startup_stm32f407xx.o(RESET) refers to stm32f4xx_it.o(i.UsageFault_Handler) for UsageFault_Handler
    startup_stm32f407xx.o(RESET) refers to port.o(.emb_text) for SVC_Handler
    startup_stm32f407xx.o(RESET) refers to stm32f4xx_it.o(i.DebugMon_Handler) for DebugMon_Handler
    startup_stm32f407xx.o(RESET) refers to stm32f4xx_it.o(i.SysTick_Handler) for SysTick_Handler
    startup_stm32f407xx.o(RESET) refers to stm32f4xx_it.o(i.EXTI0_IRQHandler) for EXTI0_IRQHandler
    startup_stm32f407xx.o(RESET) refers to stm32f4xx_it.o(i.EXTI3_IRQHandler) for EXTI3_IRQHandler
    startup_stm32f407xx.o(RESET) refers to stm32f4xx_it.o(i.EXTI4_IRQHandler) for EXTI4_IRQHandler
    startup_stm32f407xx.o(RESET) refers to stm32f4xx_it.o(i.CAN1_RX0_IRQHandler) for CAN1_RX0_IRQHandler
    startup_stm32f407xx.o(RESET) refers to stm32f4xx_it.o(i.EXTI9_5_IRQHandler) for EXTI9_5_IRQHandler
    startup_stm32f407xx.o(RESET) refers to stm32f4xx_it.o(i.TIM2_IRQHandler) for TIM2_IRQHandler
    startup_stm32f407xx.o(RESET) refers to stm32f4xx_it.o(i.USART1_IRQHandler) for USART1_IRQHandler
    startup_stm32f407xx.o(RESET) refers to remote_control.o(i.USART3_IRQHandler) for USART3_IRQHandler
    startup_stm32f407xx.o(RESET) refers to bsp_i2c.o(i.DMA1_Stream7_IRQHandler) for DMA1_Stream7_IRQHandler
    startup_stm32f407xx.o(RESET) refers to stm32f4xx_it.o(i.DMA2_Stream1_IRQHandler) for DMA2_Stream1_IRQHandler
    startup_stm32f407xx.o(RESET) refers to stm32f4xx_it.o(i.CAN2_RX0_IRQHandler) for CAN2_RX0_IRQHandler
    startup_stm32f407xx.o(RESET) refers to stm32f4xx_it.o(i.OTG_FS_IRQHandler) for OTG_FS_IRQHandler
    startup_stm32f407xx.o(RESET) refers to stm32f4xx_it.o(i.DMA2_Stream6_IRQHandler) for DMA2_Stream6_IRQHandler
    startup_stm32f407xx.o(RESET) refers to stm32f4xx_it.o(i.DMA2_Stream7_IRQHandler) for DMA2_Stream7_IRQHandler
    startup_stm32f407xx.o(RESET) refers to referee_usart_task.o(i.USART6_IRQHandler) for USART6_IRQHandler
    startup_stm32f407xx.o(.text) refers (Special) to heapauxi.o(.text) for __use_two_region_memory
    startup_stm32f407xx.o(.text) refers to system_stm32f4xx.o(i.SystemInit) for SystemInit
    startup_stm32f407xx.o(.text) refers to __main.o(!!!main) for __main
    startup_stm32f407xx.o(.text) refers to startup_stm32f407xx.o(HEAP) for Heap_Mem
    startup_stm32f407xx.o(.text) refers to startup_stm32f407xx.o(STACK) for Stack_Mem
    main.o(i.SystemClock_Config) refers to rt_memclr_w.o(.text) for __aeabi_memclr4
    main.o(i.SystemClock_Config) refers to stm32f4xx_hal_rcc.o(i.HAL_RCC_OscConfig) for HAL_RCC_OscConfig
    main.o(i.SystemClock_Config) refers to main.o(i.Error_Handler) for Error_Handler
    main.o(i.SystemClock_Config) refers to stm32f4xx_hal_rcc.o(i.HAL_RCC_ClockConfig) for HAL_RCC_ClockConfig
    main.o(i.SystemClock_Config) refers to stm32f4xx_hal_rcc_ex.o(i.HAL_RCCEx_PeriphCLKConfig) for HAL_RCCEx_PeriphCLKConfig
    main.o(i.main) refers to stm32f4xx_hal.o(i.HAL_Init) for HAL_Init
    main.o(i.main) refers to main.o(i.SystemClock_Config) for SystemClock_Config
    main.o(i.main) refers to gpio.o(i.MX_GPIO_Init) for MX_GPIO_Init
    main.o(i.main) refers to dma.o(i.MX_DMA_Init) for MX_DMA_Init
    main.o(i.main) refers to adc.o(i.MX_ADC1_Init) for MX_ADC1_Init
    main.o(i.main) refers to adc.o(i.MX_ADC3_Init) for MX_ADC3_Init
    main.o(i.main) refers to can.o(i.MX_CAN1_Init) for MX_CAN1_Init
    main.o(i.main) refers to can.o(i.MX_CAN2_Init) for MX_CAN2_Init
    main.o(i.main) refers to i2c.o(i.MX_I2C1_Init) for MX_I2C1_Init
    main.o(i.main) refers to spi.o(i.MX_SPI1_Init) for MX_SPI1_Init
    main.o(i.main) refers to tim.o(i.MX_TIM4_Init) for MX_TIM4_Init
    main.o(i.main) refers to tim.o(i.MX_TIM5_Init) for MX_TIM5_Init
    main.o(i.main) refers to usart.o(i.MX_USART3_UART_Init) for MX_USART3_UART_Init
    main.o(i.main) refers to tim.o(i.MX_TIM8_Init) for MX_TIM8_Init
    main.o(i.main) refers to crc.o(i.MX_CRC_Init) for MX_CRC_Init
[...]
    huart1                                   0x20001244   Data          64  usart.o(.bss)
    huart3                                   0x20001284   Data          64  usart.o(.bss)
    huart6                                   0x200012c4   Data          64  usart.o(.bss)
    hdma_usart1_tx                           0x20001304   Data          96  usart.o(.bss)
    hdma_usart3_rx                           0x20001364   Data          96  usart.o(.bss)
    hdma_usart6_rx                           0x200013c4   Data          96  usart.o(.bss)
    hdma_usart6_tx                           0x20001424   Data          96  usart.o(.bss)
    hpcd_USB_OTG_FS                          0x20001484   Data        1032  usbd_conf.o(.bss)
    lkmotor_data                             0x200018d4   Data          16  can_receive.o(.bss)
    error_list                               0x20001914   Data         540  detect_task.o(.bss)
    yaw_buffer                               0x20001b30   Data          40  gimbal_task.o(.bss)
    gimbal_control                           0x20001b58   Data         728  gimbal_task.o(.bss)
    chassis_data                             0x20001e30   Data          40  gimbal_task.o(.bss)
    chassis_self_aim_yaw                     0x20001e58   Data          16  gimbal_task.o(.bss)
    cali_sensor                              0x20001f3c   Data          65  calibrate_task.o(.bss)
    INS                                      0x20001f80   Data         128  ins_task.o(.bss)
    IMU_Param                                0x20002000   Data          28  ins_task.o(.bss)
    TempCtrl                                 0x2000201c   Data         170  ins_task.o(.bss)
    INS_angle                                0x200020c8   Data          12  ins_task.o(.bss)
    G1                                       0x200020d4   Data          15  referee_usart_task.o(.bss)
    G2                                       0x200020e3   Data          15  referee_usart_task.o(.bss)
    G3                                       0x200020f2   Data          15  referee_usart_task.o(.bss)
    G4                                       0x20002101   Data          15  referee_usart_task.o(.bss)
    G5                                       0x20002110   Data          15  referee_usart_task.o(.bss)
    usart6_buf                               0x2000211f   Data        1024  referee_usart_task.o(.bss)
    referee_fifo                             0x20002520   Data          24  referee_usart_task.o(.bss)
    referee_fifo_buf                         0x20002538   Data        1024  referee_usart_task.o(.bss)
    referee_unpack_obj                       0x20002938   Data         137  referee_usart_task.o(.bss)
    Dr_Char_2                                0x200029c1   Data          30  referee_usart_task.o(.bss)
    rc_ctrl                                  0x20002a1b   Data          22  remote_control.o(.bss)
    shoot_control                            0x20002a90   Data         380  shoot.o(.bss)
    buffer                                   0x20002c0c   Data          14  self_aim.o(.bss)
    inputdata                                0x20002c1a   Data          10  self_aim.o(.bss)
    Send_Data                                0x20002c24   Data          19  self_aim.o(.bss)
    uart_data                                0x20002c38   Data          44  uart_task.o(.bss)
    gyroDiff                                 0x20002c64   Data          12  bmi088driver.o(.bss)
    BMI088                                   0x20002c70   Data          52  bmi088driver.o(.bss)
    QEKF_INS                                 0x20002ca8   Data         472  quaternionekf.o(.bss)
    IMU_QuaternionEKF_K                      0x20002e80   Data          72  quaternionekf.o(.bss)
    IMU_QuaternionEKF_H                      0x20002ec8   Data          72  quaternionekf.o(.bss)
    pFlash                                   0x20002f10   Data          32  stm32f4xx_hal_flash.o(.bss)
    xQueueRegistry                           0x20002f30   Data          64  queue.o(.bss)
    __libspace_start                         0x20009170   Data          96  libspace.o(.bss)
    __temporary_stack_top$libspace           0x200091d0   Data           0  libspace.o(.bss)



==============================================================================

Memory Map of the image

  Image Entry point : 0x08000189

  Load Region LR_IROM1 (Base: 0x08000000, Size: 0x00013be0, Max: 0x00100000, ABSOLUTE, COMPRESSED[0x000136dc])

    Execution Region ER_IROM1 (Exec base: 0x08000000, Load base: 0x08000000, Size: 0x000135e0, Max: 0x00100000, ABSOLUTE)

    Exec Addr    Load Addr    Size         Type   Attr      Idx    E Section Name        Object

    0x08000000   0x08000000   0x00000188   Data   RO            3    RESET               startup_stm32f407xx.o
    0x08000188   0x08000188   0x00000008   Code   RO        12390  * !!!main             c_w.l(__main.o)
    0x08000190   0x08000190   0x00000034   Code   RO        12760    !!!scatter          c_w.l(__scatter.o)
    0x080001c4   0x080001c4   0x0000005a   Code   RO        12758    !!dczerorl2         c_w.l(__dczerorl2.o)
    0x0800021e   0x0800021e   0x00000002   PAD
    0x08000220   0x08000220   0x0000001c   Code   RO        12762    !!handler_zi        c_w.l(__scatter_zi.o)
    0x0800023c   0x0800023c   0x00000002   Code   RO        12697    .ARM.Collect$$libinit$$00000000  c_w.l(libinit.o)
    0x0800023e   0x0800023e   0x00000004   Code   RO        12532    .ARM.Collect$$libinit$$00000001  c_w.l(libinit2.o)
    0x08000242   0x08000242   0x00000000   Code   RO        12535    .ARM.Collect$$libinit$$00000004  c_w.l(libinit2.o)
    0x08000242   0x08000242   0x00000008   Code   RO        12536    .ARM.Collect$$libinit$$00000005  c_w.l(libinit2.o)
    0x0800024a   0x0800024a   0x00000000   Code   RO        12538    .ARM.Collect$$libinit$$0000000A  c_w.l(libinit2.o)
    0x0800024a   0x0800024a   0x00000000   Code   RO        12540    .ARM.Collect$$libinit$$0000000C  c_w.l(libinit2.o)
    0x0800024a   0x0800024a   0x00000000   Code   RO        12542    .ARM.Collect$$libinit$$0000000E  c_w.l(libinit2.o)
    0x0800024a   0x0800024a   0x00000000   Code   RO        12545    .ARM.Collect$$libinit$$00000011  c_w.l(libinit2.o)
    0x0800024a   0x0800024a   0x00000000   Code   RO        12547    .ARM.Collect$$libinit$$00000013  c_w.l(libinit2.o)
    0x0800024a   0x0800024a   0x00000000   Code   RO        12549    .ARM.Collect$$libinit$$00000015  c_w.l(libinit2.o)
    0x0800024a   0x0800024a   0x00000000   Code   RO        12551    .ARM.Collect$$libinit$$00000017  c_w.l(libinit2.o)
    0x0800024a   0x0800024a   0x00000000   Code   RO        12553    .ARM.Collect$$libinit$$00000019  c_w.l(libinit2.o)
    0x0800024a   0x0800024a   0x00000000   Code   RO        12555    .ARM.Collect$$libinit$$0000001B  c_w.l(libinit2.o)
    0x0800024a   0x0800024a   0x00000000   Code   RO        12557    .ARM.Collect$$libinit$$0000001D  c_w.l(libinit2.o)
    0x0800024a   0x0800024a   0x00000000   Code   RO        12559    .ARM.Collect$$libinit$$0000001F  c_w.l(libinit2.o)
    0x0800024a   0x0800024a   0x00000000   Code   RO        12561    .ARM.Collect$$libinit$$00000021  c_w.l(libinit2.o)
    0x0800024a   0x0800024a   0x00000000   Code   RO        12563    .ARM.Collect$$libinit$$00000023  c_w.l(libinit2.o)
    0x0800024a   0x0800024a   0x00000000   Code   RO        12565    .ARM.Collect$$libinit$$00000025  c_w.l(libinit2.o)
    0x0800024a   0x0800024a   0x00000000   Code   RO        12569    .ARM.Collect$$libinit$$0000002C  c_w.l(libinit2.o)
    0x0800024a   0x0800024a   0x00000000   Code   RO        12571    .ARM.Collect$$libinit$$0000002E  c_w.l(libinit2.o)
    0x0800024a   0x0800024a   0x00000000   Code   RO        12573    .ARM.Collect$$libinit$$00000030  c_w.l(libinit2.o)
    0x0800024a   0x0800024a   0x00000000   Code   RO        12575    .ARM.Collect$$libinit$$00000032  c_w.l(libinit2.o)
    0x0800024a   0x0800024a   0x00000002   Code   RO        12576    .ARM.Collect$$libinit$$00000033  c_w.l(libinit2.o)
    0x0800024c   0x0800024c   0x00000002   Code   RO        12755    .ARM.Collect$$libshutdown$$00000000  c_w.l(libshutdown.o)
    0x0800024e   0x0800024e   0x00000000   Code   RO        12713    .ARM.Collect$$libshutdown$$00000002  c_w.l(libshutdown2.o)
    0x0800024e   0x0800024e   0x00000000   Code   RO        12715    .ARM.Collect$$libshutdown$$00000004  c_w.l(libshutdown2.o)
    0x0800024e   0x0800024e   0x00000000   Code   RO        12718    .ARM.Collect$$libshutdown$$00000007  c_w.l(libshutdown2.o)
    0x0800024e   0x0800024e   0x00000000   Code   RO        12721    .ARM.Collect$$libshutdown$$0000000A  c_w.l(libshutdown2.o)
    0x0800024e   0x0800024e   0x00000000   Code   RO        12723    .ARM.Collect$$libshutdown$$0000000C  c_w.l(libshutdown2.o)
    0x0800024e   0x0800024e   0x00000000   Code   RO        12726    .ARM.Collect$$libshutdown$$0000000F  c_w.l(libshutdown2.o)
    0x0800024e   0x0800024e   0x00000002   Code   RO        12727    .ARM.Collect$$libshutdown$$00000010  c_w.l(libshutdown2.o)
    0x08000250   0x08000250   0x00000000   Code   RO        12498    .ARM.Collect$$rtentry$$00000000  c_w.l(__rtentry.o)
    0x08000250   0x08000250   0x00000000   Code   RO        12625    .ARM.Collect$$rtentry$$00000002  c_w.l(__rtentry2.o)
    0x08000250   0x08000250   0x00000006   Code   RO        12637    .ARM.Collect$$rtentry$$00000004  c_w.l(__rtentry4.o)
    0x08000256   0x08000256   0x00000000   Code   RO        12627    .ARM.Collect$$rtentry$$00000009  c_w.l(__rtentry2.o)
    0x08000256   0x08000256   0x00000004   Code   RO        12628    .ARM.Collect$$rtentry$$0000000A  c_w.l(__rtentry2.o)
    0x0800025a   0x0800025a   0x00000000   Code   RO        12630    .ARM.Collect$$rtentry$$0000000C  c_w.l(__rtentry2.o)
    0x0800025a   0x0800025a   0x00000008   Code   RO        12631    .ARM.Collect$$rtentry$$0000000D  c_w.l(__rtentry2.o)
    0x08000262   0x08000262   0x00000002   Code   RO        12700    .ARM.Collect$$rtexit$$00000000  c_w.l(rtexit.o)
    0x08000264   0x08000264   0x00000000   Code   RO        12731    .ARM.Collect$$rtexit$$00000002  c_w.l(rtexit2.o)
    0x08000264   0x08000264   0x00000004   Code   RO        12732    .ARM.Collect$$rtexit$$00000003  c_w.l(rtexit2.o)
    0x08000268   0x08000268   0x00000006   Code   RO        12733    .ARM.Collect$$rtexit$$00000004  c_w.l(rtexit2.o)
    0x0800026e   0x0800026e   0x00000002   PAD
    0x08000270   0x08000270   0x000000be   Code   RO        11529    .emb_text           port.o
    0x0800032e   0x0800032e   0x00000002   PAD
    0x08000330   0x08000330   0x00000000   Code   RO        12648    .emb_text           c_w.l(maybetermalloc1.o)
    0x08000330   0x08000330   0x00000040   Code   RO            4    .text               startup_stm32f407xx.o
    0x08000370   0x08000370   0x00000078   Code   RO        12008    .text               arm_cortexM4lf_math.lib(arm_cos_f32.o)
    0x080003e8   0x080003e8   0x00000074   Code   RO        12061    .text               arm_cortexM4lf_math.lib(arm_sin_f32.o)
    0x0800045c   0x0800045c   0x00000108   Code   RO        12085    .text               arm_cortexM4lf_math.lib(arm_mat_add_f32.o)
    0x08000564   0x08000564   0x00000008   Code   RO        12109    .text               arm_cortexM4lf_math.lib(arm_mat_init_f32.o)
    0x0800056c   0x0800056c   0x00000530   Code   RO        12133    .text               arm_cortexM4lf_math.lib(arm_mat_inverse_f32.o)
    0x08000a9c   0x08000a9c   0x0000013c   Code   RO        12157    .text               arm_cortexM4lf_math.lib(arm_mat_mult_f32.o)
    0x08000bd8   0x08000bd8   0x00000108   Code   RO        12181    .text               arm_cortexM4lf_math.lib(arm_mat_sub_f32.o)
    0x08000ce0   0x08000ce0   0x00000114   Code   RO        12205    .text               arm_cortexM4lf_math.lib(arm_mat_trans_f32.o)
    0x08000df4   0x08000df4   0x0000005e   Code   RO        12314    .text               c_w.l(h1_alloc.o)
    0x08000e52   0x08000e52   0x0000004e   Code   RO        12316    .text               c_w.l(h1_free.o)
    0x08000ea0   0x08000ea0   0x000000ee   Code   RO        12372    .text               c_w.l(lludivv7m.o)
    0x08000f8e   0x08000f8e   0x0000008a   Code   RO        12376    .text               c_w.l(rt_memcpy_v6.o)
    0x08001018   0x08001018   0x00000064   Code   RO        12378    .text               c_w.l(rt_memcpy_w.o)
    0x0800107c   0x0800107c   0x00000010   Code   RO        12382    .text               c_w.l(aeabi_memset.o)
    0x0800108c   0x0800108c   0x00000044   Code   RO        12384    .text               c_w.l(rt_memclr.o)
    0x080010d0   0x080010d0   0x0000004e   Code   RO        12386    .text               c_w.l(rt_memclr_w.o)
    0x0800111e   0x0800111e   0x00000006   Code   RO        12388    .text               c_w.l(heapauxi.o)
    0x08001124   0x08001124   0x00000008   Code   RO        12506    .text               c_w.l(rt_heap_descriptor_intlibspace.o)
    0x0800112c   0x0800112c   0x00000004   Code   RO        12508    .text               c_w.l(hguard.o)
    0x08001130   0x08001130   0x0000008a   Code   RO        12510    .text               c_w.l(init_alloc.o)
    0x080011ba   0x080011ba   0x0000000e   Code   RO        12514    .text               c_w.l(h1_init.o)
    0x080011c8   0x080011c8   0x00000016   Code   RO        12528    .text               c_w.l(_rserrno.o)
    0x080011de   0x080011de   0x00000002   PAD
    0x080011e0   0x080011e0   0x00000008   Code   RO        12621    .text               c_w.l(libspace.o)
    0x080011e8   0x080011e8   0x00000008   Code   RO        12644    .text               c_w.l(rt_errno_addr_intlibspace.o)
    0x080011f0   0x080011f0   0x00000034   Code   RO        12650    .text               c_w.l(h1_extend.o)
    0x08001224   0x08001224   0x00000030   Code   RO        12654    .text               c_w.l(_fptrap.o)
    0x08001254   0x08001254   0x0000000e   Code   RO        12656    .text               c_w.l(defsig_rtmem_outer.o)
    0x08001262   0x08001262   0x00000002   Code   RO        12669    .text               c_w.l(use_no_semi.o)
    0x08001264   0x08001264   0x00000000   Code   RO        12671    .text               c_w.l(indicate_semi.o)
    0x08001264   0x08001264   0x0000004a   Code   RO        12672    .text               c_w.l(sys_stackheap_outer.o)
    0x080012ae   0x080012ae   0x00000012   Code   RO        12678    .text               c_w.l(exit.o)
    0x080012c0   0x080012c0   0x0000000a   Code   RO        12680    .text               c_w.l(defsig_exit.o)
    0x080012ca   0x080012ca   0x0000000e   Code   RO        12682    .text               c_w.l(defsig_fpe_outer.o)
    0x080012d8   0x080012d8   0x00000050   Code   RO        12686    .text               c_w.l(defsig_rtmem_inner.o)
    0x08001328   0x08001328   0x0000000c   Code   RO        12698    .text               c_w.l(sys_exit.o)
    0x08001334   0x08001334   0x00000032   Code   RO        12708    .text               c_w.l(defsig_general.o)
    0x08001366   0x08001366   0x00000002   PAD
    0x08001368   0x08001368   0x000000ac   Code   RO        12710    .text               c_w.l(defsig_fpe_inner.o)
    0x08001414   0x08001414   0x0000000e   Code   RO        12728    .text               c_w.l(sys_wrch.o)
    0x08001422   0x08001422   0x00000002   PAD
    0x08001424   0x08001424   0x00000130   Code   RO         7019    i.ADC_Init          stm32f4xx_hal_adc.o
    0x08001554   0x08001554   0x00000014   Code   RO         3982    i.BMI088_ACCEL_NS_H  bmi088middleware.o
    0x08001568   0x08001568   0x00000014   Code   RO         3983    i.BMI088_ACCEL_NS_L  bmi088middleware.o
    0x0800157c   0x0800157c   0x00000014   Code   RO         3984    i.BMI088_GYRO_NS_H  bmi088middleware.o
    0x08001590   0x08001590   0x00000014   Code   RO         3985    i.BMI088_GYRO_NS_L  bmi088middleware.o
    0x080015a4   0x080015a4   0x0000027c   Code   RO         3901    i.BMI088_Read       bmi088driver.o
    0x08001820   0x08001820   0x00000098   Code   RO         3902    i.BMI088_init       bmi088driver.o
    0x080018b8   0x080018b8   0x00000026   Code   RO         3903    i.BMI088_read_muli_reg  bmi088driver.o
    0x080018de   0x080018de   0x00000018   Code   RO         3904    i.BMI088_read_single_reg  bmi088driver.o
    0x080018f6   0x080018f6   0x00000002   PAD
    0x080018f8   0x080018f8   0x00000024   Code   RO         3986    i.BMI088_read_write_byte  bmi088middleware.o
    0x0800191c   0x0800191c   0x00000014   Code   RO         3905    i.BMI088_write_single_reg  bmi088driver.o
    0x08001930   0x08001930   0x0000015a   Code   RO         3103    i.BodyFrameToEarthFrame  ins_task.o
    0x08001a8a   0x08001a8a   0x00000004   Code   RO         1465    i.BusFault_Handler  stm32f4xx_it.o
    0x08001a8e   0x08001a8e   0x00000002   PAD
    0x08001a90   0x08001a90   0x00000010   Code   RO         1466    i.CAN1_RX0_IRQHandler  stm32f4xx_it.o
    0x08001aa0   0x08001aa0   0x00000010   Code   RO         1467    i.CAN2_RX0_IRQHandler  stm32f4xx_it.o
    0x08001ab0   0x08001ab0   0x00000044   Code   RO         2489    i.CAN_LK_CLOSE_control  can_receive.o
    0x08001af4   0x08001af4   0x00000060   Code   RO         2490    i.CAN_LK_SPEED_Control  can_receive.o
    0x08001b54   0x08001b54   0x00000044   Code   RO         2491    i.CAN_LK_START_control  can_receive.o
    0x08001b98   0x08001b98   0x00000050   Code   RO         2492    i.CAN_cmd_chassis   can_receive.o
    0x08001be8   0x08001be8   0x00000044   Code   RO         2493    i.CAN_cmd_chassis_reset_ID  can_receive.o
    0x08001c2c   0x08001c2c   0x0000000c   Code   RO         2496    i.CAN_receive_referee_data  can_receive.o
    0x08001c38   0x08001c38   0x00000540   Code   RO         3906    i.Calibrate_MPU_Offset  bmi088driver.o
    0x08002178   0x08002178   0x0000007c   Code   RO         2065    i.DMA1_Stream7_IRQHandler  bsp_i2c.o
    0x080021f4   0x080021f4   0x00000010   Code   RO         1468    i.DMA2_Stream1_IRQHandler  stm32f4xx_it.o
    0x08002204   0x08002204   0x00000010   Code   RO         1469    i.DMA2_Stream6_IRQHandler  stm32f4xx_it.o
    0x08002214   0x08002214   0x00000010   Code   RO         1470    i.DMA2_Stream7_IRQHandler  stm32f4xx_it.o
    0x08002224   0x08002224   0x00000034   Code   RO         6351    i.DMA_CalcBaseAndBitshift  stm32f4xx_hal_dma.o
    0x08002258   0x08002258   0x0000007e   Code   RO         6352    i.DMA_CheckFifoParam  stm32f4xx_hal_dma.o
    0x080022d6   0x080022d6   0x00000002   PAD
    0x080022d8   0x080022d8   0x00000030   Code   RO         2381    i.DWT_CNT_Update    bsp_dwt.o
    0x08002308   0x08002308   0x0000003c   Code   RO         2382    i.DWT_Delay         bsp_dwt.o
    0x08002344   0x08002344   0x0000004c   Code   RO         2383    i.DWT_GetDeltaT     bsp_dwt.o
    0x08002390   0x08002390   0x00000054   Code   RO         2386    i.DWT_GetTimeline_s  bsp_dwt.o
    0x080023e4   0x080023e4   0x00000068   Code   RO         2388    i.DWT_Init          bsp_dwt.o
    0x0800244c   0x0800244c   0x000000d0   Code   RO         2389    i.DWT_SysTimeUpdate  bsp_dwt.o
    0x0800251c   0x0800251c   0x00000002   Code   RO         1471    i.DebugMon_Handler  stm32f4xx_it.o
    0x0800251e   0x0800251e   0x0000000a   Code   RO         1472    i.EXTI0_IRQHandler  stm32f4xx_it.o
    0x08002528   0x08002528   0x0000000a   Code   RO         1473    i.EXTI3_IRQHandler  stm32f4xx_it.o
    0x08002532   0x08002532   0x0000000a   Code   RO         1474    i.EXTI4_IRQHandler  stm32f4xx_it.o
    0x0800253c   0x0800253c   0x0000000a   Code   RO         1475    i.EXTI9_5_IRQHandler  stm32f4xx_it.o
    0x08002546   0x08002546   0x0000015a   Code   RO         3104    i.EarthFrameToBodyFrame  ins_task.o
    0x080026a0   0x080026a0   0x00000002   Code   RO           13    i.Error_Handler     main.o
    0x080026a2   0x080026a2   0x00000002   PAD
    0x080026a4   0x080026a4   0x00000050   Code   RO         6121    i.FLASH_Erase_Sector  stm32f4xx_hal_flash_ex.o
    0x080026f4   0x080026f4   0x00000058   Code   RO         6122    i.FLASH_FlushCaches  stm32f4xx_hal_flash_ex.o
    0x0800274c   0x0800274c   0x00000028   Code   RO         6123    i.FLASH_MassErase   stm32f4xx_hal_flash_ex.o
    0x08002774   0x08002774   0x00000020   Code   RO         6003    i.FLASH_Program_Byte  stm32f4xx_hal_flash.o
    0x08002794   0x08002794   0x00000030   Code   RO         6004    i.FLASH_Program_DoubleWord  stm32f4xx_hal_flash.o
    0x080027c4   0x080027c4   0x00000024   Code   RO         6005    i.FLASH_Program_HalfWord  stm32f4xx_hal_flash.o
    0x080027e8   0x080027e8   0x00000024   Code   RO         6006    i.FLASH_Program_Word  stm32f4xx_hal_flash.o
    0x0800280c   0x0800280c   0x00000074   Code   RO         6007    i.FLASH_SetErrorCode  stm32f4xx_hal_flash.o
    0x08002880   0x08002880   0x00000060   Code   RO         6008    i.FLASH_WaitForLastOperation  stm32f4xx_hal_flash.o
    0x080028e0   0x080028e0   0x00000174   Code   RO         7021    i.HAL_ADC_ConfigChannel  stm32f4xx_hal_adc.o
    0x08002a54   0x08002a54   0x00000056   Code   RO         7030    i.HAL_ADC_Init      stm32f4xx_hal_adc.o
    0x08002aaa   0x08002aaa   0x00000002   PAD
    0x08002aac   0x08002aac   0x000000ac   Code   RO          582    i.HAL_ADC_MspInit   adc.o
    0x08002b58   0x08002b58   0x00000024   Code   RO         7292    i.HAL_CAN_ActivateNotification  stm32f4xx_hal_can.o
    0x08002b7c   0x08002b7c   0x00000104   Code   RO         7293    i.HAL_CAN_AddTxMessage  stm32f4xx_hal_can.o
    0x08002c80   0x08002c80   0x00000128   Code   RO         7294    i.HAL_CAN_ConfigFilter  stm32f4xx_hal_can.o
    0x08002da8   0x08002da8   0x00000002   Code   RO         7297    i.HAL_CAN_ErrorCallback  stm32f4xx_hal_can.o
    0x08002daa   0x08002daa   0x0000016c   Code   RO         7300    i.HAL_CAN_GetRxMessage  stm32f4xx_hal_can.o
    0x08002f16   0x08002f16   0x00000032   Code   RO         7302    i.HAL_CAN_GetTxMailboxesFreeLevel  stm32f4xx_hal_can.o
    0x08002f48   0x08002f48   0x00000234   Code   RO         7304    i.HAL_CAN_IRQHandler  stm32f4xx_hal_can.o
    0x0800317c   0x0800317c   0x00000168   Code   RO         7305    i.HAL_CAN_Init      stm32f4xx_hal_can.o
    0x080032e4   0x080032e4   0x00000160   Code   RO          630    i.HAL_CAN_MspInit   can.o
    0x08003444   0x08003444   0x00000002   Code   RO         7312    i.HAL_CAN_RxFifo0FullCallback  stm32f4xx_hal_can.o
    0x08003446   0x08003446   0x00000002   PAD
    0x08003448   0x08003448   0x000001b4   Code   RO         2497    i.HAL_CAN_RxFifo0MsgPendingCallback  can_receive.o
    0x080035fc   0x080035fc   0x00000002   Code   RO         7314    i.HAL_CAN_RxFifo1FullCallback  stm32f4xx_hal_can.o
    0x080035fe   0x080035fe   0x00000002   Code   RO         7315    i.HAL_CAN_RxFifo1MsgPendingCallback  stm32f4xx_hal_can.o
    0x08003600   0x08003600   0x00000002   Code   RO         7316    i.HAL_CAN_SleepCallback  stm32f4xx_hal_can.o
    0x08003602   0x08003602   0x00000064   Code   RO         7317    i.HAL_CAN_Start     stm32f4xx_hal_can.o
    0x08003666   0x08003666   0x00000002   Code   RO         7319    i.HAL_CAN_TxMailbox0AbortCallback  stm32f4xx_hal_can.o
    0x08003668   0x08003668   0x00000002   Code   RO         7320    i.HAL_CAN_TxMailbox0CompleteCallback  stm32f4xx_hal_can.o
    0x0800366a   0x0800366a   0x00000002   Code   RO         7321    i.HAL_CAN_TxMailbox1AbortCallback  stm32f4xx_hal_can.o
    0x0800366c   0x0800366c   0x00000002   Code   RO         7322    i.HAL_CAN_TxMailbox1CompleteCallback  stm32f4xx_hal_can.o
    0x0800366e   0x0800366e   0x00000002   Code   RO         7323    i.HAL_CAN_TxMailbox2AbortCallback  stm32f4xx_hal_can.o
    0x08003670   0x08003670   0x00000002   Code   RO         7324    i.HAL_CAN_TxMailbox2CompleteCallback  stm32f4xx_hal_can.o
    0x08003672   0x08003672   0x00000002   Code   RO         7326    i.HAL_CAN_WakeUpFromRxMsgCallback  stm32f4xx_hal_can.o
    0x08003674   0x08003674   0x00000028   Code   RO         7529    i.HAL_CRC_Init      stm32f4xx_hal_crc.o
    0x0800369c   0x0800369c   0x00000034   Code   RO          679    i.HAL_CRC_MspInit   crc.o
    0x080036d0   0x080036d0   0x00000024   Code   RO         6355    i.HAL_DMA_Abort_IT  stm32f4xx_hal_dma.o
    0x080036f4   0x080036f4   0x000001ec   Code   RO         6359    i.HAL_DMA_IRQHandler  stm32f4xx_hal_dma.o
    0x080038e0   0x080038e0   0x000000ec   Code   RO         6360    i.HAL_DMA_Init      stm32f4xx_hal_dma.o
    0x080039cc   0x080039cc   0x00000028   Code   RO         6768    i.HAL_Delay         stm32f4xx_hal.o
    0x080039f4   0x080039f4   0x000000ac   Code   RO         6133    i.HAL_FLASHEx_Erase  stm32f4xx_hal_flash_ex.o
    0x08003aa0   0x08003aa0   0x00000014   Code   RO         6012    i.HAL_FLASH_Lock    stm32f4xx_hal_flash.o
    0x08003ab4   0x08003ab4   0x00000080   Code   RO         6017    i.HAL_FLASH_Program  stm32f4xx_hal_flash.o
    0x08003b34   0x08003b34   0x00000034   Code   RO         6019    i.HAL_FLASH_Unlock  stm32f4xx_hal_flash.o
    0x08003b68   0x08003b68   0x00000002   Code   RO         6245    i.HAL_GPIO_EXTI_Callback  stm32f4xx_hal_gpio.o
    0x08003b6a   0x08003b6a   0x00000002   PAD
    0x08003b6c   0x08003b6c   0x00000018   Code   RO         6246    i.HAL_GPIO_EXTI_IRQHandler  stm32f4xx_hal_gpio.o
    0x08003b84   0x08003b84   0x0000021c   Code   RO         6247    i.HAL_GPIO_Init     stm32f4xx_hal_gpio.o
    0x08003da0   0x08003da0   0x0000000e   Code   RO         6251    i.HAL_GPIO_WritePin  stm32f4xx_hal_gpio.o
    0x08003dae   0x08003dae   0x00000002   PAD
    0x08003db0   0x08003db0   0x0000000c   Code   RO         6774    i.HAL_GetTick       stm32f4xx_hal.o
    0x08003dbc   0x08003dbc   0x00000198   Code   RO         7596    i.HAL_I2C_Init      stm32f4xx_hal_i2c.o
    0x08003f54   0x08003f54   0x00000208   Code   RO          748    i.HAL_I2C_MspInit   i2c.o
    0x0800415c   0x0800415c   0x00000010   Code   RO         6780    i.HAL_IncTick       stm32f4xx_hal.o
    0x0800416c   0x0800416c   0x00000034   Code   RO         6781    i.HAL_Init          stm32f4xx_hal.o
    0x080041a0   0x080041a0   0x00000044   Code   RO         6782    i.HAL_InitTick      stm32f4xx_hal.o
    0x080041e4   0x080041e4   0x00000054   Code   RO         1643    i.HAL_MspInit       stm32f4xx_hal_msp.o
    0x08004238   0x08004238   0x0000001c   Code   RO         6636    i.HAL_NVIC_EnableIRQ  stm32f4xx_hal_cortex.o
    0x08004254   0x08004254   0x00000068   Code   RO         6642    i.HAL_NVIC_SetPriority  stm32f4xx_hal_cortex.o
    0x080042bc   0x080042bc   0x00000024   Code   RO         6643    i.HAL_NVIC_SetPriorityGrouping  stm32f4xx_hal_cortex.o
    0x080042e0   0x080042e0   0x00000002   Code   RO         5500    i.HAL_PCDEx_LPM_Callback  stm32f4xx_hal_pcd_ex.o
    0x080042e2   0x080042e2   0x0000000e   Code   RO         1128    i.HAL_PCD_ConnectCallback  usbd_conf.o
    0x080042f0   0x080042f0   0x00000020   Code   RO         1129    i.HAL_PCD_DataInStageCallback  usbd_conf.o
    0x08004310   0x08004310   0x00000020   Code   RO         1130    i.HAL_PCD_DataOutStageCallback  usbd_conf.o
    0x08004330   0x08004330   0x0000000e   Code   RO         1131    i.HAL_PCD_DisconnectCallback  usbd_conf.o
    0x0800433e   0x0800433e   0x0000005c   Code   RO         5284    i.HAL_PCD_EP_ClrStall  stm32f4xx_hal_pcd.o
    0x0800439a   0x0800439a   0x0000005c   Code   RO         5287    i.HAL_PCD_EP_Open   stm32f4xx_hal_pcd.o
    0x080043f6   0x080043f6   0x00000046   Code   RO         5288    i.HAL_PCD_EP_Receive  stm32f4xx_hal_pcd.o
    0x0800443c   0x0800443c   0x00000074   Code   RO         5289    i.HAL_PCD_EP_SetStall  stm32f4xx_hal_pcd.o
    0x080044b0   0x080044b0   0x00000046   Code   RO         5290    i.HAL_PCD_EP_Transmit  stm32f4xx_hal_pcd.o
    0x080044f6   0x080044f6   0x0000042e   Code   RO         5292    i.HAL_PCD_IRQHandler  stm32f4xx_hal_pcd.o
    0x08004924   0x08004924   0x00000012   Code   RO         1132    i.HAL_PCD_ISOINIncompleteCallback  usbd_conf.o
    0x08004936   0x08004936   0x00000012   Code   RO         1133    i.HAL_PCD_ISOOUTIncompleteCallback  usbd_conf.o
    0x08004948   0x08004948   0x00000030   Code   RO         1136    i.HAL_PCD_ResetCallback  usbd_conf.o
    0x08004978   0x08004978   0x0000000e   Code   RO         1137    i.HAL_PCD_ResumeCallback  usbd_conf.o
    0x08004986   0x08004986   0x0000000e   Code   RO         1138    i.HAL_PCD_SOFCallback  usbd_conf.o
    0x08004994   0x08004994   0x00000028   Code   RO         5301    i.HAL_PCD_SetAddress  stm32f4xx_hal_pcd.o
    0x080049bc   0x080049bc   0x00000012   Code   RO         1139    i.HAL_PCD_SetupStageCallback  usbd_conf.o
    0x080049ce   0x080049ce   0x00000002   PAD
    0x080049d0   0x080049d0   0x00000034   Code   RO         1140    i.HAL_PCD_SuspendCallback  usbd_conf.o
    0x08004a04   0x08004a04   0x0000017c   Code   RO         5953    i.HAL_RCCEx_PeriphCLKConfig  stm32f4xx_hal_rcc_ex.o
    0x08004b80   0x08004b80   0x00000174   Code   RO         5848    i.HAL_RCC_ClockConfig  stm32f4xx_hal_rcc.o
    0x08004cf4   0x08004cf4   0x0000000c   Code   RO         5853    i.HAL_RCC_GetHCLKFreq  stm32f4xx_hal_rcc.o
    0x08004d00   0x08004d00   0x00000020   Code   RO         5855    i.HAL_RCC_GetPCLK1Freq  stm32f4xx_hal_rcc.o
    0x08004d20   0x08004d20   0x00000020   Code   RO         5856    i.HAL_RCC_GetPCLK2Freq  stm32f4xx_hal_rcc.o
    0x08004d40   0x08004d40   0x00000070   Code   RO         5857    i.HAL_RCC_GetSysClockFreq  stm32f4xx_hal_rcc.o
    0x08004db0   0x08004db0   0x00000436   Code   RO         5860    i.HAL_RCC_OscConfig  stm32f4xx_hal_rcc.o
    0x080051e6   0x080051e6   0x00000034   Code   RO         8074    i.HAL_RNG_Init      stm32f4xx_hal_rng.o
    0x0800521a   0x0800521a   0x00000002   PAD
    0x0800521c   0x0800521c   0x00000034   Code   RO          802    i.HAL_RNG_MspInit   rng.o
    0x08005250   0x08005250   0x000000ba   Code   RO         8175    i.HAL_RTC_Init      stm32f4xx_hal_rtc.o
    0x0800530a   0x0800530a   0x00000002   PAD
    0x0800530c   0x0800530c   0x00000018   Code   RO          844    i.HAL_RTC_MspInit   rtc.o
    0x08005324   0x08005324   0x0000003c   Code   RO         8183    i.HAL_RTC_WaitForSynchro  stm32f4xx_hal_rtc.o
    0x08005360   0x08005360   0x00000082   Code   RO         8544    i.HAL_SPI_Init      stm32f4xx_hal_spi.o
    0x080053e2   0x080053e2   0x00000002   PAD
    0x080053e4   0x080053e4   0x000001cc   Code   RO          886    i.HAL_SPI_MspInit   spi.o
    0x080055b0   0x080055b0   0x000001f8   Code   RO         8553    i.HAL_SPI_TransmitReceive  stm32f4xx_hal_spi.o
    0x080057a8   0x080057a8   0x00000028   Code   RO         6647    i.HAL_SYSTICK_Config  stm32f4xx_hal_cortex.o
    0x080057d0   0x080057d0   0x00000002   Code   RO         9543    i.HAL_TIMEx_BreakCallback  stm32f4xx_hal_tim_ex.o
    0x080057d2   0x080057d2   0x00000002   Code   RO         9544    i.HAL_TIMEx_CommutCallback  stm32f4xx_hal_tim_ex.o
    0x080057d4   0x080057d4   0x00000066   Code   RO         9546    i.HAL_TIMEx_ConfigBreakDeadTime  stm32f4xx_hal_tim_ex.o
    0x0800583a   0x0800583a   0x0000004e   Code   RO         9561    i.HAL_TIMEx_MasterConfigSynchronization  stm32f4xx_hal_tim_ex.o
    0x08005888   0x08005888   0x00000038   Code   RO         8857    i.HAL_TIM_Base_Init  stm32f4xx_hal_tim.o
    0x080058c0   0x080058c0   0x0000015c   Code   RO          934    i.HAL_TIM_Base_MspInit  tim.o
    0x08005a1c   0x08005a1c   0x00000024   Code   RO         8860    i.HAL_TIM_Base_Start  stm32f4xx_hal_tim.o
    0x08005a40   0x08005a40   0x00000022   Code   RO         8862    i.HAL_TIM_Base_Start_IT  stm32f4xx_hal_tim.o
    0x08005a62   0x08005a62   0x000000e4   Code   RO         8866    i.HAL_TIM_ConfigClockSource  stm32f4xx_hal_tim.o
    0x08005b46   0x08005b46   0x00000002   Code   RO         8886    i.HAL_TIM_IC_CaptureCallback  stm32f4xx_hal_tim.o
    0x08005b48   0x08005b48   0x00000174   Code   RO         8900    i.HAL_TIM_IRQHandler  stm32f4xx_hal_tim.o
    0x08005cbc   0x08005cbc   0x000002c0   Code   RO          935    i.HAL_TIM_MspPostInit  tim.o
    0x08005f7c   0x08005f7c   0x00000002   Code   RO         8903    i.HAL_TIM_OC_DelayElapsedCallback  stm32f4xx_hal_tim.o
    0x08005f7e   0x08005f7e   0x000000dc   Code   RO         8924    i.HAL_TIM_PWM_ConfigChannel  stm32f4xx_hal_tim.o
    0x0800605a   0x0800605a   0x00000038   Code   RO         8927    i.HAL_TIM_PWM_Init  stm32f4xx_hal_tim.o
    0x08006092   0x08006092   0x00000002   Code   RO         8929    i.HAL_TIM_PWM_MspInit  stm32f4xx_hal_tim.o
    0x08006094   0x08006094   0x00000002   Code   RO         8930    i.HAL_TIM_PWM_PulseFinishedCallback  stm32f4xx_hal_tim.o
    0x08006096   0x08006096   0x00000042   Code   RO         8932    i.HAL_TIM_PWM_Start  stm32f4xx_hal_tim.o
    0x080060d8   0x080060d8   0x00000002   Code   RO         8938    i.HAL_TIM_PeriodElapsedCallback  stm32f4xx_hal_tim.o
    0x080060da   0x080060da   0x00000002   Code   RO         8943    i.HAL_TIM_TriggerCallback  stm32f4xx_hal_tim.o
    0x080060dc   0x080060dc   0x00000002   Code   RO         9815    i.HAL_UART_ErrorCallback  stm32f4xx_hal_uart.o
    0x080060de   0x080060de   0x00000002   PAD
    0x080060e0   0x080060e0   0x00000138   Code   RO         9818    i.HAL_UART_IRQHandler  stm32f4xx_hal_uart.o
    0x08006218   0x08006218   0x00000064   Code   RO         9819    i.HAL_UART_Init     stm32f4xx_hal_uart.o
    0x0800627c   0x0800627c   0x00000304   Code   RO         1018    i.HAL_UART_MspInit  usart.o
    0x08006580   0x08006580   0x00000056   Code   RO         9824    i.HAL_UART_Receive_IT  stm32f4xx_hal_uart.o
    0x080065d6   0x080065d6   0x00000002   PAD
    0x080065d8   0x080065d8   0x000000f0   Code   RO         3761    i.HAL_UART_RxCpltCallback  self_aim.o
    0x080066c8   0x080066c8   0x000000dc   Code   RO         9827    i.HAL_UART_Transmit  stm32f4xx_hal_uart.o
    0x080067a4   0x080067a4   0x00000042   Code   RO         9829    i.HAL_UART_Transmit_IT  stm32f4xx_hal_uart.o
    0x080067e6   0x080067e6   0x00000002   Code   RO         9830    i.HAL_UART_TxCpltCallback  stm32f4xx_hal_uart.o
    0x080067e8   0x080067e8   0x00000130   Code   RO         4386    i.H_K_R_Adjustment  kalman_filter.o
    0x08006918   0x08006918   0x00000004   Code   RO         1476    i.HardFault_Handler  stm32f4xx_it.o
    0x0800691c   0x0800691c   0x00000374   Code   RO         3106    i.IMU_Param_Correction  ins_task.o
    0x08006c90   0x08006c90   0x00000238   Code   RO         4312    i.IMU_QuaternionEKF_F_Linearization_P_Fading  quaternionekf.o
    0x08006ec8   0x08006ec8   0x00000120   Code   RO         4313    i.IMU_QuaternionEKF_Init  quaternionekf.o
    0x08006fe8   0x08006fe8   0x00000034   Code   RO         4314    i.IMU_QuaternionEKF_Observe  quaternionekf.o
    0x0800701c   0x0800701c   0x00000128   Code   RO         4315    i.IMU_QuaternionEKF_SetH  quaternionekf.o
    0x08007144   0x08007144   0x00000634   Code   RO         4316    i.IMU_QuaternionEKF_Update  quaternionekf.o
    0x08007778   0x08007778   0x00000520   Code   RO         4317    i.IMU_QuaternionEKF_xhatUpdate  quaternionekf.o
    0x08007c98   0x08007c98   0x00000074   Code   RO         3107    i.IMU_Temperature_Ctrl  ins_task.o
    0x08007d0c   0x08007d0c   0x000000c4   Code   RO         3108    i.INS_Init          ins_task.o
    0x08007dd0   0x08007dd0   0x00000298   Code   RO         3109    i.INS_Task          ins_task.o
    0x08008068   0x08008068   0x0000070c   Code   RO         4387    i.Kalman_Filter_Init  kalman_filter.o
    0x08008774   0x08008774   0x00000050   Code   RO         4388    i.Kalman_Filter_Measure  kalman_filter.o
    0x080087c4   0x080087c4   0x00000068   Code   RO         4389    i.Kalman_Filter_P_Update  kalman_filter.o
    0x0800882c   0x0800882c   0x00000068   Code   RO         4390    i.Kalman_Filter_PminusUpdate  kalman_filter.o
    0x08008894   0x08008894   0x000000d2   Code   RO         4391    i.Kalman_Filter_SetK  kalman_filter.o
    0x08008966   0x08008966   0x00000002   PAD
    0x08008968   0x08008968   0x00000128   Code   RO         4392    i.Kalman_Filter_Update  kalman_filter.o
    0x08008a90   0x08008a90   0x0000007c   Code   RO         4393    i.Kalman_Filter_xhatMinusUpdate  kalman_filter.o
    0x08008b0c   0x08008b0c   0x00000086   Code   RO         4394    i.Kalman_Filter_xhatUpdate  kalman_filter.o
    0x08008b92   0x08008b92   0x00000002   PAD
    0x08008b94   0x08008b94   0x00000070   Code   RO          583    i.MX_ADC1_Init      adc.o
    0x08008c04   0x08008c04   0x00000070   Code   RO          584    i.MX_ADC3_Init      adc.o
    0x08008c74   0x08008c74   0x00000044   Code   RO          631    i.MX_CAN1_Init      can.o
    0x08008cb8   0x08008cb8   0x00000044   Code   RO          632    i.MX_CAN2_Init      can.o
    0x08008cfc   0x08008cfc   0x00000020   Code   RO          680    i.MX_CRC_Init       crc.o
    0x08008d1c   0x08008d1c   0x000000b8   Code   RO          720    i.MX_DMA_Init       dma.o
    0x08008dd4   0x08008dd4   0x00000100   Code   RO          507    i.MX_FREERTOS_Init  freertos.o
    0x08008ed4   0x08008ed4   0x00000254   Code   RO          352    i.MX_GPIO_Init      gpio.o
    0x08009128   0x08009128   0x0000003c   Code   RO          749    i.MX_I2C1_Init      i2c.o
    0x08009164   0x08009164   0x0000003c   Code   RO          750    i.MX_I2C2_Init      i2c.o
    0x080091a0   0x080091a0   0x0000003c   Code   RO          751    i.MX_I2C3_Init      i2c.o
    0x080091dc   0x080091dc   0x00000020   Code   RO          803    i.MX_RNG_Init       rng.o
    0x080091fc   0x080091fc   0x00000034   Code   RO          845    i.MX_RTC_Init       rtc.o
    0x08009230   0x08009230   0x00000048   Code   RO          887    i.MX_SPI1_Init      spi.o
    0x08009278   0x08009278   0x00000048   Code   RO          888    i.MX_SPI2_Init      spi.o
    0x080092c0   0x080092c0   0x0000006c   Code   RO          936    i.MX_TIM10_Init     tim.o
    0x0800932c   0x0800932c   0x0000010c   Code   RO          937    i.MX_TIM1_Init      tim.o
    0x08009438   0x08009438   0x0000006c   Code   RO          938    i.MX_TIM2_Init      tim.o
    0x080094a4   0x080094a4   0x000000a4   Code   RO          939    i.MX_TIM3_Init      tim.o
    0x08009548   0x08009548   0x000000a4   Code   RO          940    i.MX_TIM4_Init      tim.o
    0x080095ec   0x080095ec   0x000000c4   Code   RO          941    i.MX_TIM5_Init      tim.o
    0x080096b0   0x080096b0   0x000000ec   Code   RO          942    i.MX_TIM8_Init      tim.o
    0x0800979c   0x0800979c   0x00000038   Code   RO         1019    i.MX_USART1_UART_Init  usart.o
    0x080097d4   0x080097d4   0x0000003c   Code   RO         1020    i.MX_USART3_UART_Init  usart.o
    0x08009810   0x08009810   0x00000038   Code   RO         1021    i.MX_USART6_UART_Init  usart.o
    0x08009848   0x08009848   0x00000004   Code   RO         1477    i.MemManage_Handler  stm32f4xx_it.o
    0x0800984c   0x0800984c   0x00000002   Code   RO         1478    i.NMI_Handler       stm32f4xx_it.o
    0x0800984e   0x0800984e   0x00000002   PAD
    0x08009850   0x08009850   0x0000024c   Code   RO         4635    i.OLS_Derivative    user_lib.o
    0x08009a9c   0x08009a9c   0x00000058   Code   RO         4636    i.OLS_Init          user_lib.o
    0x08009af4   0x08009af4   0x00000010   Code   RO         1479    i.OTG_FS_IRQHandler  stm32f4xx_it.o
    0x08009b04   0x08009b04   0x00000068   Code   RO         5306    i.PCD_EP_OutSetupPacket_int  stm32f4xx_hal_pcd.o
    0x08009b6c   0x08009b6c   0x000000f0   Code   RO         5307    i.PCD_EP_OutXfrComplete_int  stm32f4xx_hal_pcd.o
    0x08009c5c   0x08009c5c   0x000000a2   Code   RO         5308    i.PCD_WriteEmptyTxFifo  stm32f4xx_hal_pcd.o
    0x08009cfe   0x08009cfe   0x000002d0   Code   RO         4183    i.PID_Calculate     controller.o
    0x08009fce   0x08009fce   0x00000002   PAD
    0x08009fd0   0x08009fd0   0x000000bc   Code   RO         4184    i.PID_Init          controller.o
    0x0800a08c   0x0800a08c   0x000001f0   Code   RO         5135    i.PID_calc          pid.o
    0x0800a27c   0x0800a27c   0x00000060   Code   RO         5137    i.PID_init          pid.o
    0x0800a2dc   0x0800a2dc   0x0000009c   Code   RO         2198    i.RC_Init           bsp_rc.o
    0x0800a378   0x0800a378   0x00000368   Code   RO         2982    i.RC_cmd_to_calibrate  calibrate_task.o
    0x0800a6e0   0x0800a6e0   0x00000042   Code   RO         8186    i.RTC_EnterInitMode  stm32f4xx_hal_rtc.o
    0x0800a722   0x0800a722   0x00000002   PAD
    0x0800a724   0x0800a724   0x00000064   Code   RO         8582    i.SPI_EndRxTxTransaction  stm32f4xx_hal_spi.o
    0x0800a788   0x0800a788   0x000000a6   Code   RO         8587    i.SPI_WaitFlagStateUntilTimeout  stm32f4xx_hal_spi.o
    0x0800a82e   0x0800a82e   0x00000002   PAD
    0x0800a830   0x0800a830   0x00000020   Code   RO         3762    i.Self_aim_task     self_aim.o
    0x0800a850   0x0800a850   0x00000014   Code   RO         1480    i.SysTick_Handler   stm32f4xx_it.o
    0x0800a864   0x0800a864   0x000000d4   Code   RO           14    i.SystemClock_Config  main.o
    0x0800a938   0x0800a938   0x00000064   Code   RO         1668    i.SystemInit        system_stm32f4xx.o
    0x0800a99c   0x0800a99c   0x00000010   Code   RO         1481    i.TIM2_IRQHandler   stm32f4xx_it.o
    0x0800a9ac   0x0800a9ac   0x000000cc   Code   RO         8945    i.TIM_Base_SetConfig  stm32f4xx_hal_tim.o
    0x0800aa78   0x0800aa78   0x0000001e   Code   RO         8946    i.TIM_CCxChannelCmd  stm32f4xx_hal_tim.o
    0x0800aa96   0x0800aa96   0x00000016   Code   RO         8956    i.TIM_ETR_SetConfig  stm32f4xx_hal_tim.o
    0x0800aaac   0x0800aaac   0x00000010   Code   RO         8957    i.TIM_ITRx_SetConfig  stm32f4xx_hal_tim.o
    0x0800aabc   0x0800aabc   0x00000070   Code   RO         8958    i.TIM_OC1_SetConfig  stm32f4xx_hal_tim.o
    0x0800ab2c   0x0800ab2c   0x00000078   Code   RO         8959    i.TIM_OC2_SetConfig  stm32f4xx_hal_tim.o
    0x0800aba4   0x0800aba4   0x00000078   Code   RO         8960    i.TIM_OC3_SetConfig  stm32f4xx_hal_tim.o
    0x0800ac1c   0x0800ac1c   0x00000058   Code   RO         8961    i.TIM_OC4_SetConfig  stm32f4xx_hal_tim.o
    0x0800ac74   0x0800ac74   0x0000003a   Code   RO         2458    i.TIM_Set_PWM       bsp_pwm.o
    0x0800acae   0x0800acae   0x00000026   Code   RO         8963    i.TIM_TI1_ConfigInputStage  stm32f4xx_hal_tim.o
    0x0800acd4   0x0800acd4   0x00000024   Code   RO         8965    i.TIM_TI2_ConfigInputStage  stm32f4xx_hal_tim.o
    0x0800acf8   0x0800acf8   0x00000010   Code   RO         9832    i.UART_DMAAbortOnError  stm32f4xx_hal_uart.o
    0x0800ad08   0x0800ad08   0x0000001c   Code   RO         9842    i.UART_EndRxTransfer  stm32f4xx_hal_uart.o
    0x0800ad24   0x0800ad24   0x0000001a   Code   RO         9843    i.UART_EndTransmit_IT  stm32f4xx_hal_uart.o
    0x0800ad3e   0x0800ad3e   0x0000009c   Code   RO         9845    i.UART_Receive_IT   stm32f4xx_hal_uart.o
    0x0800adda   0x0800adda   0x00000002   PAD
    0x0800addc   0x0800addc   0x00000340   Code   RO         9846    i.UART_SetConfig    stm32f4xx_hal_uart.o
    0x0800b11c   0x0800b11c   0x00000066   Code   RO         9847    i.UART_Transmit_IT  stm32f4xx_hal_uart.o
    0x0800b182   0x0800b182   0x00000078   Code   RO         9848    i.UART_WaitOnFlagUntilTimeout  stm32f4xx_hal_uart.o
    0x0800b1fa   0x0800b1fa   0x00000002   PAD
    0x0800b1fc   0x0800b1fc   0x00000010   Code   RO         1482    i.USART1_IRQHandler  stm32f4xx_it.o
    0x0800b20c   0x0800b20c   0x00000060   Code   RO         3763    i.USART1_SEND       self_aim.o
    0x0800b26c   0x0800b26c   0x00000130   Code   RO         3381    i.USART3_IRQHandler  remote_control.o
    0x0800b39c   0x0800b39c   0x00000128   Code   RO         3306    i.USART6_IRQHandler  referee_usart_task.o
    0x0800b4c4   0x0800b4c4   0x0000000e   Code   RO        11609    i.USBD_ClrClassConfig  usbd_core.o
    0x0800b4d2   0x0800b4d2   0x00000026   Code   RO        11747    i.USBD_ClrFeature   usbd_ctlreq.o
    0x0800b4f8   0x0800b4f8   0x00000010   Code   RO        11842    i.USBD_CtlContinueRx  usbd_ioreq.o
    0x0800b508   0x0800b508   0x00000010   Code   RO        11843    i.USBD_CtlContinueSendData  usbd_ioreq.o
    0x0800b518   0x0800b518   0x00000018   Code   RO        11748    i.USBD_CtlError     usbd_ctlreq.o
    0x0800b530   0x0800b530   0x00000016   Code   RO        11845    i.USBD_CtlReceiveStatus  usbd_ioreq.o
    0x0800b546   0x0800b546   0x0000001a   Code   RO        11846    i.USBD_CtlSendData  usbd_ioreq.o
    0x0800b560   0x0800b560   0x00000016   Code   RO        11847    i.USBD_CtlSendStatus  usbd_ioreq.o
    0x0800b576   0x0800b576   0x00000034   Code   RO        11749    i.USBD_GetConfig    usbd_ctlreq.o
    0x0800b5aa   0x0800b5aa   0x00000136   Code   RO        11750    i.USBD_GetDescriptor  usbd_ctlreq.o
    0x0800b6e0   0x0800b6e0   0x00000036   Code   RO        11752    i.USBD_GetStatus    usbd_ctlreq.o
    0x0800b716   0x0800b716   0x0000002c   Code   RO         1141    i.USBD_Get_USB_Status  usbd_conf.o
    0x0800b742   0x0800b742   0x00000026   Code   RO         1142    i.USBD_LL_ClearStallEP  usbd_conf.o
    0x0800b768   0x0800b768   0x000000d6   Code   RO        11612    i.USBD_LL_DataInStage  usbd_core.o
    0x0800b83e   0x0800b83e   0x0000008a   Code   RO        11613    i.USBD_LL_DataOutStage  usbd_core.o
    0x0800b8c8   0x0800b8c8   0x00000004   Code   RO        11614    i.USBD_LL_DevConnected  usbd_core.o
    0x0800b8cc   0x0800b8cc   0x00000016   Code   RO        11615    i.USBD_LL_DevDisconnected  usbd_core.o
    0x0800b8e2   0x0800b8e2   0x00000038   Code   RO         1149    i.USBD_LL_IsStallEP  usbd_conf.o
    0x0800b91a   0x0800b91a   0x00000004   Code   RO        11616    i.USBD_LL_IsoINIncomplete  usbd_core.o
    0x0800b91e   0x0800b91e   0x00000004   Code   RO        11617    i.USBD_LL_IsoOUTIncomplete  usbd_core.o
    0x0800b922   0x0800b922   0x00000030   Code   RO         1150    i.USBD_LL_OpenEP    usbd_conf.o
    0x0800b952   0x0800b952   0x00000030   Code   RO         1151    i.USBD_LL_PrepareReceive  usbd_conf.o
    0x0800b982   0x0800b982   0x00000052   Code   RO        11618    i.USBD_LL_Reset     usbd_core.o
    0x0800b9d4   0x0800b9d4   0x0000000c   Code   RO        11619    i.USBD_LL_Resume    usbd_core.o
    0x0800b9e0   0x0800b9e0   0x00000018   Code   RO        11620    i.USBD_LL_SOF       usbd_core.o
    0x0800b9f8   0x0800b9f8   0x00000006   Code   RO        11621    i.USBD_LL_SetSpeed  usbd_core.o
    0x0800b9fe   0x0800b9fe   0x00000026   Code   RO         1152    i.USBD_LL_SetUSBAddress  usbd_conf.o
    0x0800ba24   0x0800ba24   0x0000005e   Code   RO        11622    i.USBD_LL_SetupStage  usbd_core.o
    0x0800ba82   0x0800ba82   0x00000026   Code   RO         1153    i.USBD_LL_StallEP   usbd_conf.o
    0x0800baa8   0x0800baa8   0x00000012   Code   RO        11623    i.USBD_LL_Suspend   usbd_core.o
    0x0800baba   0x0800baba   0x00000030   Code   RO         1156    i.USBD_LL_Transmit  usbd_conf.o
    0x0800baea   0x0800baea   0x00000028   Code   RO        11754    i.USBD_ParseSetupRequest  usbd_ctlreq.o
    0x0800bb12   0x0800bb12   0x00000004   Code   RO        11625    i.USBD_RunTestMode  usbd_core.o
    0x0800bb16   0x0800bb16   0x00000058   Code   RO        11755    i.USBD_SetAddress   usbd_ctlreq.o
    0x0800bb6e   0x0800bb6e   0x00000018   Code   RO        11626    i.USBD_SetClassConfig  usbd_core.o
    0x0800bb86   0x0800bb86   0x00000002   PAD
    0x0800bb88   0x0800bb88   0x000000cc   Code   RO        11756    i.USBD_SetConfig    usbd_ctlreq.o
    0x0800bc54   0x0800bc54   0x00000010   Code   RO        11757    i.USBD_SetFeature   usbd_ctlreq.o
    0x0800bc64   0x0800bc64   0x00000080   Code   RO        11758    i.USBD_StdDevReq    usbd_ctlreq.o
    0x0800bce4   0x0800bce4   0x000001f0   Code   RO        11759    i.USBD_StdEPReq     usbd_ctlreq.o
    0x0800bed4   0x0800bed4   0x0000006a   Code   RO        11760    i.USBD_StdItfReq    usbd_ctlreq.o
    0x0800bf3e   0x0800bf3e   0x00000002   PAD
    0x0800bf40   0x0800bf40   0x0000009c   Code   RO         5542    i.USB_ActivateEndpoint  stm32f4xx_ll_usb.o
    0x0800bfdc   0x0800bfdc   0x00000034   Code   RO         5544    i.USB_ActivateSetup  stm32f4xx_ll_usb.o
    0x0800c010   0x0800c010   0x0000012a   Code   RO         5557    i.USB_EP0StartXfer  stm32f4xx_ll_usb.o
    0x0800c13a   0x0800c13a   0x00000002   PAD
    0x0800c13c   0x0800c13c   0x00000060   Code   RO         5558    i.USB_EP0_OutStart  stm32f4xx_ll_usb.o
    0x0800c19c   0x0800c19c   0x00000058   Code   RO         5559    i.USB_EPClearStall  stm32f4xx_ll_usb.o
    0x0800c1f4   0x0800c1f4   0x0000005e   Code   RO         5560    i.USB_EPSetStall    stm32f4xx_ll_usb.o
    0x0800c252   0x0800c252   0x00000228   Code   RO         5561    i.USB_EPStartXfer   stm32f4xx_ll_usb.o
    0x0800c47a   0x0800c47a   0x00000002   PAD
    0x0800c47c   0x0800c47c   0x00000028   Code   RO         5564    i.USB_FlushTxFifo   stm32f4xx_ll_usb.o
    0x0800c4a4   0x0800c4a4   0x00000020   Code   RO         5566    i.USB_GetDevSpeed   stm32f4xx_ll_usb.o
    0x0800c4c4   0x0800c4c4   0x00000008   Code   RO         5568    i.USB_GetMode       stm32f4xx_ll_usb.o
    0x0800c4cc   0x0800c4cc   0x0000000e   Code   RO         5575    i.USB_ReadDevAllInEpInterrupt  stm32f4xx_ll_usb.o
    0x0800c4da   0x0800c4da   0x0000000e   Code   RO         5576    i.USB_ReadDevAllOutEpInterrupt  stm32f4xx_ll_usb.o
    0x0800c4e8   0x0800c4e8   0x00000024   Code   RO         5577    i.USB_ReadDevInEPInterrupt  stm32f4xx_ll_usb.o
    0x0800c50c   0x0800c50c   0x00000010   Code   RO         5578    i.USB_ReadDevOutEPInterrupt  stm32f4xx_ll_usb.o
    0x0800c51c   0x0800c51c   0x00000008   Code   RO         5579    i.USB_ReadInterrupts  stm32f4xx_ll_usb.o
    0x0800c524   0x0800c524   0x00000024   Code   RO         5580    i.USB_ReadPacket    stm32f4xx_ll_usb.o
    0x0800c548   0x0800c548   0x00000022   Code   RO         5583    i.USB_SetDevAddress  stm32f4xx_ll_usb.o
    0x0800c56a   0x0800c56a   0x00000002   PAD
    0x0800c56c   0x0800c56c   0x000000f4   Code   RO         5585    i.USB_SetTurnaroundTime  stm32f4xx_ll_usb.o
    0x0800c660   0x0800c660   0x00000030   Code   RO         5588    i.USB_WritePacket   stm32f4xx_ll_usb.o
    0x0800c690   0x0800c690   0x00000004   Code   RO         1483    i.UsageFault_Handler  stm32f4xx_it.o
    0x0800c694   0x0800c694   0x00000026   Code   RO        12600    i.__ARM_fpclassifyf  m_wm.l(fpclassifyf.o)
    0x0800c6ba   0x0800c6ba   0x00000006   Code   RO         4853    i.__get_PRIMASK     fifo.o
    0x0800c6c0   0x0800c6c0   0x00000118   Code   RO        12418    i.__hardfp_acosf    m_wm.l(acosf.o)
    0x0800c7d8   0x0800c7d8   0x0000012c   Code   RO        12430    i.__hardfp_asinf    m_wm.l(asinf.o)
    0x0800c904   0x0800c904   0x00000250   Code   RO        12442    i.__hardfp_atan2f   m_wm.l(atan2f.o)
    0x0800cb54   0x0800cb54   0x00000014   Code   RO        12454    i.__hardfp_fabs     m_wm.l(fabs.o)
    0x0800cb68   0x0800cb68   0x0000003a   Code   RO        12478    i.__hardfp_sqrtf    m_wm.l(sqrtf_full.o)
    0x0800cba2   0x0800cba2   0x00000006   Code   RO        12603    i.__mathlib_flt_infnan  m_wm.l(funder.o)
    0x0800cba8   0x0800cba8   0x00000006   Code   RO        12604    i.__mathlib_flt_infnan2  m_wm.l(funder.o)
    0x0800cbae   0x0800cbae   0x00000002   PAD
    0x0800cbb0   0x0800cbb0   0x00000010   Code   RO        12605    i.__mathlib_flt_invalid  m_wm.l(funder.o)
    0x0800cbc0   0x0800cbc0   0x00000010   Code   RO        12608    i.__mathlib_flt_underflow  m_wm.l(funder.o)
    0x0800cbd0   0x0800cbd0   0x00000006   Code   RO         4854    i.__set_PRIMASK     fifo.o
    0x0800cbd6   0x0800cbd6   0x00000002   PAD
    0x0800cbd8   0x0800cbd8   0x00000068   Code   RO         2169    i.aRGB_led_show     bsp_led.o
    0x0800cc40   0x0800cc40   0x0000016c   Code   RO         3907    i.bmi088_accel_init  bmi088driver.o
    0x0800cdac   0x0800cdac   0x00000130   Code   RO         3908    i.bmi088_gyro_init  bmi088driver.o
    0x0800cedc   0x0800cedc   0x00000010   Code   RO         1704    i.buzzer_off        bsp_buzzer.o
    0x0800ceec   0x0800ceec   0x00000014   Code   RO         1705    i.buzzer_on         bsp_buzzer.o
    0x0800cf00   0x0800cf00   0x0000007c   Code   RO         3628    i.buzzer_warn_error  test_task.o
    0x0800cf7c   0x0800cf7c   0x0000008c   Code   RO         2984    i.cali_data_write   calibrate_task.o
    0x0800d008   0x0800d008   0x00000006   Code   RO         2985    i.cali_gimbal_hook  calibrate_task.o
    0x0800d00e   0x0800d00e   0x00000036   Code   RO         2986    i.cali_head_hook    calibrate_task.o
    0x0800d044   0x0800d044   0x00000154   Code   RO         2988    i.calibrate_task    calibrate_task.o
    0x0800d198   0x0800d198   0x0000005c   Code   RO         1830    i.can_filter_init   bsp_can.o
    0x0800d1f4   0x0800d1f4   0x0000007c   Code   RO         2498    i.can_gimbal_chassis_data1  can_receive.o
    0x0800d270   0x0800d270   0x0000007c   Code   RO         2499    i.can_gimbal_chassis_data2  can_receive.o
    0x0800d2ec   0x0800d2ec   0x00000070   Code   RO         2500    i.can_gimbal_chassis_data3  can_receive.o
    0x0800d35c   0x0800d35c   0x00000044   Code   RO         2501    i.can_gimbal_chassis_data4  can_receive.o
    0x0800d3a0   0x0800d3a0   0x00000028   Code   RO         3824    i.can_task          can_task.o
    0x0800d3c8   0x0800d3c8   0x00000438   Code   RO         2860    i.chassis_rc_to_control_vector  gimbal_task.o
    0x0800d800   0x0800d800   0x000000e0   Code   RO         3764    i.data_transition   self_aim.o
    0x0800d8e0   0x0800d8e0   0x00000030   Code   RO         1899    i.delay_init        bsp_delay.o
    0x0800d910   0x0800d910   0x00000124   Code   RO         2783    i.detect_hook       detect_task.o
    0x0800da34   0x0800da34   0x0000016c   Code   RO         2784    i.detect_init       detect_task.o
    0x0800dba0   0x0800dba0   0x00000288   Code   RO         2785    i.detect_task       detect_task.o
    0x0800de28   0x0800de28   0x000000f0   Code   RO         4187    i.f_Changing_Integration_Rate  controller.o
    0x0800df18   0x0800df18   0x00000056   Code   RO         4188    i.f_Derivative_Filter  controller.o
    0x0800df6e   0x0800df6e   0x000000f4   Code   RO         4189    i.f_Derivative_On_Measurement  controller.o
    0x0800e062   0x0800e062   0x00000002   PAD
    0x0800e064   0x0800e064   0x000000f0   Code   RO         4190    i.f_Integral_Limit  controller.o
    0x0800e154   0x0800e154   0x00000056   Code   RO         4191    i.f_Output_Filter   controller.o
    0x0800e1aa   0x0800e1aa   0x00000046   Code   RO         4192    i.f_Output_Limit    controller.o
    0x0800e1f0   0x0800e1f0   0x000000b4   Code   RO         4193    i.f_PID_ErrorHandle  controller.o
    0x0800e2a4   0x0800e2a4   0x00000046   Code   RO         4194    i.f_Proportion_Limit  controller.o
    0x0800e2ea   0x0800e2ea   0x00000080   Code   RO         4195    i.f_Trapezoid_Intergral  controller.o
    0x0800e36a   0x0800e36a   0x000000a0   Code   RO         4881    i.fifo_s_puts       fifo.o
    0x0800e40a   0x0800e40a   0x0000002e   Code   RO         1940    i.flash_erase_address  bsp_flash.o
    0x0800e438   0x0800e438   0x00000098   Code   RO         1943    i.flash_write_single_address  bsp_flash.o
    0x0800e4d0   0x0800e4d0   0x0000002a   Code   RO         4643    i.float_constrain   user_lib.o
    0x0800e4fa   0x0800e4fa   0x00000002   PAD
    0x0800e4fc   0x0800e4fc   0x00000048   Code   RO         4645    i.float_rounding    user_lib.o
    0x0800e544   0x0800e544   0x0000002a   Code   RO         4646    i.fp32_constrain    user_lib.o
    0x0800e56e   0x0800e56e   0x00000002   PAD
    0x0800e570   0x0800e570   0x00000058   Code   RO         3546    i.friction_control_set  shoot.o
    0x0800e5c8   0x0800e5c8   0x000000f4   Code   RO         1944    i.ger_sector        bsp_flash.o
    0x0800e6bc   0x0800e6bc   0x00000034   Code   RO         4794    i.get_CRC16_check_sum  crc8_crc16.o
    0x0800e6f0   0x0800e6f0   0x00000008   Code   RO         3112    i.get_INS           ins_task.o
    0x0800e6f8   0x0800e6f8   0x00000008   Code   RO         3113    i.get_INS_angle_point  ins_task.o
    0x0800e700   0x0800e700   0x00000008   Code   RO         2861    i.get_chassis_data_point  gimbal_task.o
    0x0800e708   0x0800e708   0x00000018   Code   RO         2502    i.get_chassis_motor_measure_point  can_receive.o
    0x0800e720   0x0800e720   0x0000000c   Code   RO         2503    i.get_enemy_color   can_receive.o
    0x0800e72c   0x0800e72c   0x00000008   Code   RO         2786    i.get_error_list_point  detect_task.o
    0x0800e734   0x0800e734   0x00000008   Code   RO         2862    i.get_gimbal_data   gimbal_task.o
    0x0800e73c   0x0800e73c   0x00000008   Code   RO         3114    i.get_gyro_data_point  ins_task.o
    0x0800e744   0x0800e744   0x000000e8   Code   RO         1945    i.get_next_flash_address  bsp_flash.o
    0x0800e82c   0x0800e82c   0x00000008   Code   RO         3382    i.get_remote_control_point  remote_control.o
    0x0800e834   0x0800e834   0x00000008   Code   RO         3765    i.get_selfaim_data  self_aim.o
    0x0800e83c   0x0800e83c   0x00000098   Code   RO         2866    i.gimbal_control_loop  gimbal_task.o
    0x0800e8d4   0x0800e8d4   0x00000144   Code   RO         2867    i.gimbal_feedback_update  gimbal_task.o
    0x0800ea18   0x0800ea18   0x00000080   Code   RO         2868    i.gimbal_init       gimbal_task.o
    0x0800ea98   0x0800ea98   0x000001c8   Code   RO         2870    i.gimbal_set_control  gimbal_task.o
    0x0800ec60   0x0800ec60   0x00000114   Code   RO         2871    i.gimbal_set_mode   gimbal_task.o
    0x0800ed74   0x0800ed74   0x00000090   Code   RO         2872    i.gimbal_task       gimbal_task.o
    0x0800ee04   0x0800ee04   0x00000038   Code   RO          508    i.ins_task          freertos.o
    0x0800ee3c   0x0800ee3c   0x0000003c   Code   RO         4318    i.invSqrt           quaternionekf.o
    0x0800ee78   0x0800ee78   0x00000010   Code   RO         2135    i.laser_off         bsp_laser.o
    0x0800ee88   0x0800ee88   0x00000010   Code   RO         2136    i.laser_on          bsp_laser.o
    0x0800ee98   0x0800ee98   0x000001b0   Code   RO         3666    i.led_RGB_flow_task  led_flow_task.o
    0x0800f048   0x0800f048   0x00000010   Code   RO         2873    i.leg_control_init  gimbal_task.o
    0x0800f058   0x0800f058   0x000000a8   Code   RO           15    i.main              main.o
    0x0800f100   0x0800f100   0x0000000c   Code   RO        11101    i.makeFreeRtosPriority  cmsis_os.o
    0x0800f10c   0x0800f10c   0x0000001c   Code   RO         2874    i.motor_ecd_to_angle_change  gimbal_task.o
    0x0800f128   0x0800f128   0x00000010   Code   RO        11103    i.osDelay           cmsis_os.o
    0x0800f138   0x0800f138   0x0000000a   Code   RO        11106    i.osKernelStart     cmsis_os.o
    0x0800f142   0x0800f142   0x0000005c   Code   RO        11140    i.osThreadCreate    cmsis_os.o
    0x0800f19e   0x0800f19e   0x00000002   PAD
    0x0800f1a0   0x0800f1a0   0x00000080   Code   RO        10599    i.prvAddCurrentTaskToDelayedList  tasks.o
    0x0800f220   0x0800f220   0x00000088   Code   RO        10600    i.prvAddNewTaskToReadyList  tasks.o
    0x0800f2a8   0x0800f2a8   0x0000005c   Code   RO        10948    i.prvCheckForValidListAndQueue  timers.o
    0x0800f304   0x0800f304   0x00000040   Code   RO        10601    i.prvCheckTasksWaitingTermination  tasks.o
    0x0800f344   0x0800f344   0x00000024   Code   RO        10264    i.prvCopyDataFromQueue  queue.o
    0x0800f368   0x0800f368   0x0000006e   Code   RO        10265    i.prvCopyDataToQueue  queue.o
    0x0800f3d6   0x0800f3d6   0x00000040   Code   RO        10602    i.prvDeleteTCB      tasks.o
    0x0800f416   0x0800f416   0x00000002   PAD
    0x0800f418   0x0800f418   0x00000024   Code   RO        10949    i.prvGetNextExpireTime  timers.o
    0x0800f43c   0x0800f43c   0x00000050   Code   RO        11480    i.prvHeapInit       heap_4.o
    0x0800f48c   0x0800f48c   0x00000028   Code   RO        10603    i.prvIdleTask       tasks.o
    0x0800f4b4   0x0800f4b4   0x00000018   Code   RO        10268    i.prvInitialiseNewQueue  queue.o
    0x0800f4cc   0x0800f4cc   0x00000090   Code   RO        10604    i.prvInitialiseNewTask  tasks.o
    0x0800f55c   0x0800f55c   0x00000060   Code   RO        10605    i.prvInitialiseTaskLists  tasks.o
    0x0800f5bc   0x0800f5bc   0x0000005c   Code   RO        11481    i.prvInsertBlockIntoFreeList  heap_4.o
    0x0800f618   0x0800f618   0x00000048   Code   RO        10951    i.prvInsertTimerInActiveList  timers.o
    0x0800f660   0x0800f660   0x0000001a   Code   RO        10269    i.prvIsQueueEmpty   queue.o
    0x0800f67a   0x0800f67a   0x0000001e   Code   RO        10270    i.prvIsQueueFull    queue.o
    0x0800f698   0x0800f698   0x0000005c   Code   RO        10952    i.prvProcessExpiredTimer  timers.o
    0x0800f6f4   0x0800f6f4   0x000000d8   Code   RO        10953    i.prvProcessReceivedCommands  timers.o
    0x0800f7cc   0x0800f7cc   0x0000006c   Code   RO        10954    i.prvProcessTimerOrBlockTask  timers.o
    0x0800f838   0x0800f838   0x00000024   Code   RO        10606    i.prvResetNextTaskUnblockTime  tasks.o
    0x0800f85c   0x0800f85c   0x0000002c   Code   RO        10955    i.prvSampleTimeNow  timers.o
    0x0800f888   0x0800f888   0x00000074   Code   RO        10956    i.prvSwitchTimerLists  timers.o
    0x0800f8fc   0x0800f8fc   0x00000018   Code   RO        10608    i.prvTaskCheckFreeStackSpace  tasks.o
    0x0800f914   0x0800f914   0x00000030   Code   RO        11530    i.prvTaskExitError  port.o
    0x0800f944   0x0800f944   0x00000014   Code   RO        10957    i.prvTimerTask      timers.o
    0x0800f958   0x0800f958   0x00000068   Code   RO        10271    i.prvUnlockQueue    queue.o
    0x0800f9c0   0x0800f9c0   0x000000e4   Code   RO        11482    i.pvPortMalloc      heap_4.o
    0x0800faa4   0x0800faa4   0x0000002c   Code   RO        11531    i.pxPortInitialiseStack  port.o
    0x0800fad0   0x0800fad0   0x00000014   Code   RO         3383    i.remote_control_init  remote_control.o
    0x0800fae4   0x0800fae4   0x000000da   Code   RO         3384    i.sbus_to_rc        remote_control.o
    0x0800fbbe   0x0800fbbe   0x00000002   PAD
    0x0800fbc0   0x0800fbc0   0x00000094   Code   RO         3547    i.shoot_Init        shoot.o
    0x0800fc54   0x0800fc54   0x00000074   Code   RO         3548    i.shoot_control_loop  shoot.o
    0x0800fcc8   0x0800fcc8   0x00000030   Code   RO         3549    i.shoot_feedback_update  shoot.o
    0x0800fcf8   0x0800fcf8   0x000000a8   Code   RO         3550    i.shoot_set_mode    shoot.o
    0x0800fda0   0x0800fda0   0x0000009c   Code   RO         3551    i.shoot_speed_filter  shoot.o
    0x0800fe3c   0x0800fe3c   0x00000060   Code   RO         2875    i.sliding_average   gimbal_task.o
    0x0800fe9c   0x0800fe9c   0x0000003e   Code   RO        12480    i.sqrtf             m_wm.l(sqrtf_full.o)
    0x0800feda   0x0800feda   0x00000002   PAD
    0x0800fedc   0x0800fedc   0x0000008c   Code   RO         3629    i.test_task         test_task.o
    0x0800ff68   0x0800ff68   0x00000018   Code   RO         2787    i.toe_is_error      detect_task.o
    0x0800ff80   0x0800ff80   0x00000044   Code   RO         3862    i.uart_task         uart_task.o
    0x0800ffc4   0x0800ffc4   0x00000026   Code   RO        10224    i.uxListRemove      list.o
    0x0800ffea   0x0800ffea   0x00000002   PAD
    0x0800ffec   0x0800ffec   0x00000014   Code   RO        10613    i.uxTaskGetStackHighWaterMark  tasks.o
    0x08010000   0x08010000   0x00000018   Code   RO          510    i.vApplicationGetIdleTaskMemory  freertos.o
    0x08010018   0x08010018   0x00000018   Code   RO          511    i.vApplicationGetTimerTaskMemory  freertos.o
    0x08010030   0x08010030   0x00000016   Code   RO        10225    i.vListInitialise   list.o
    0x08010046   0x08010046   0x00000006   Code   RO        10226    i.vListInitialiseItem  list.o
    0x0801004c   0x0801004c   0x00000036   Code   RO        10227    i.vListInsert       list.o
    0x08010082   0x08010082   0x00000018   Code   RO        10228    i.vListInsertEnd    list.o
    0x0801009a   0x0801009a   0x00000002   PAD
    0x0801009c   0x0801009c   0x00000040   Code   RO        11533    i.vPortEnterCritical  port.o
    0x080100dc   0x080100dc   0x0000002c   Code   RO        11534    i.vPortExitCritical  port.o
    0x08010108   0x08010108   0x0000005c   Code   RO        11483    i.vPortFree         heap_4.o
    0x08010164   0x08010164   0x00000024   Code   RO        11535    i.vPortSetupTimerInterrupt  port.o
    0x08010188   0x08010188   0x00000054   Code   RO        11536    i.vPortValidateInterruptPriority  port.o
    0x080101dc   0x080101dc   0x00000028   Code   RO        10275    i.vQueueAddToRegistry  queue.o
    0x08010204   0x08010204   0x0000004a   Code   RO        10278    i.vQueueWaitForMessageRestricted  queue.o
    0x0801024e   0x0801024e   0x00000002   PAD
    0x08010250   0x08010250   0x00000050   Code   RO        10617    i.vTaskDelay        tasks.o
    0x080102a0   0x080102a0   0x00000010   Code   RO        10621    i.vTaskInternalSetTimeOutState  tasks.o
    0x080102b0   0x080102b0   0x0000000c   Code   RO        10622    i.vTaskMissedYield  tasks.o
    0x080102bc   0x080102bc   0x00000034   Code   RO        10624    i.vTaskPlaceOnEventList  tasks.o
    0x080102f0   0x080102f0   0x0000003c   Code   RO        10625    i.vTaskPlaceOnEventListRestricted  tasks.o
    0x0801032c   0x0801032c   0x00000090   Code   RO        10632    i.vTaskStartScheduler  tasks.o
    0x080103bc   0x080103bc   0x00000010   Code   RO        10634    i.vTaskSuspendAll   tasks.o
    0x080103cc   0x080103cc   0x00000060   Code   RO        10635    i.vTaskSwitchContext  tasks.o
    0x0801042c   0x0801042c   0x00000040   Code   RO         4796    i.verify_CRC16_check_sum  crc8_crc16.o
    0x0801046c   0x0801046c   0x00000104   Code   RO        11537    i.xPortStartScheduler  port.o
    0x08010570   0x08010570   0x0000002c   Code   RO        11538    i.xPortSysTickHandler  port.o
    0x0801059c   0x0801059c   0x00000070   Code   RO        10282    i.xQueueGenericCreateStatic  queue.o
    0x0801060c   0x0801060c   0x00000090   Code   RO        10283    i.xQueueGenericReset  queue.o
    0x0801069c   0x0801069c   0x00000170   Code   RO        10284    i.xQueueGenericSend  queue.o
    0x0801080c   0x0801080c   0x000000bc   Code   RO        10285    i.xQueueGenericSendFromISR  queue.o
    0x080108c8   0x080108c8   0x00000148   Code   RO        10293    i.xQueueReceive     queue.o
    0x08010a10   0x08010a10   0x00000098   Code   RO        10637    i.xTaskCheckForTimeOut  tasks.o
    0x08010aa8   0x08010aa8   0x0000006c   Code   RO        10638    i.xTaskCreate       tasks.o
    0x08010b14   0x08010b14   0x00000060   Code   RO        10639    i.xTaskCreateStatic  tasks.o
    0x08010b74   0x08010b74   0x0000001c   Code   RO        10644    i.xTaskGetSchedulerState  tasks.o
    0x08010b90   0x08010b90   0x0000000c   Code   RO        10645    i.xTaskGetTickCount  tasks.o
    0x08010b9c   0x08010b9c   0x000000d0   Code   RO        10647    i.xTaskIncrementTick  tasks.o
    0x08010c6c   0x08010c6c   0x0000009c   Code   RO        10650    i.xTaskPriorityDisinherit  tasks.o
    0x08010d08   0x08010d08   0x00000078   Code   RO        10652    i.xTaskRemoveFromEventList  tasks.o
    0x08010d80   0x08010d80   0x000000cc   Code   RO        10653    i.xTaskResumeAll    tasks.o
    0x08010e4c   0x08010e4c   0x00000068   Code   RO        10962    i.xTimerCreateTimerTask  timers.o
    0x08010eb4   0x08010eb4   0x00000074   Code   RO        10963    i.xTimerGenericCommand  timers.o
    0x08010f28   0x08010f28   0x000002c4   Code   RO        12392    x$fpl$d2f           g_wm.l(d2f_clz.o)
    0x080111ec   0x080111ec   0x0000024c   Code   RO        12394    x$fpl$dadd          g_wm.l(daddsub_clz.o)
    0x08011438   0x08011438   0x00000018   Code   RO        12577    x$fpl$dcmpinf       g_wm.l(dcmpi.o)
    0x08011450   0x08011450   0x0000037c   Code   RO        12401    x$fpl$ddiv          g_wm.l(ddiv_clz.o)
    0x080117cc   0x080117cc   0x0000001a   Code   RO        12406    x$fpl$dfltn         g_wm.l(dflt_clz.o)
    0x080117e6   0x080117e6   0x00000002   PAD
    0x080117e8   0x080117e8   0x00000078   Code   RO        12410    x$fpl$dleqf         g_wm.l(dleqf.o)
    0x08011860   0x08011860   0x000001c0   Code   RO        12412    x$fpl$dmul          g_wm.l(dmul_clz.o)
    0x08011a20   0x08011a20   0x00000102   Code   RO        12579    x$fpl$dnaninf       g_wm.l(dnaninf.o)
    0x08011b22   0x08011b22   0x00000070   Code   RO        12581    x$fpl$drenorm       g_wm.l(drenorm_clz.o)
    0x08011b92   0x08011b92   0x0000000c   Code   RO        12583    x$fpl$dretinf       g_wm.l(dretinf.o)
    0x08011b9e   0x08011b9e   0x00000062   Code   RO        12414    x$fpl$drleqf        g_wm.l(drleqf.o)
    0x08011c00   0x08011c00   0x0000029c   Code   RO        12396    x$fpl$dsub          g_wm.l(daddsub_clz.o)
    0x08011e9c   0x08011e9c   0x0000017a   Code   RO        12587    x$fpl$dunder        g_wm.l(dunder_clz.o)
    0x08012016   0x08012016   0x00000002   PAD
    0x08012018   0x08012018   0x000001ec   Code   RO        12589    x$fpl$exception     g_wm.l(except.o)
    0x08012204   0x08012204   0x0000007a   Code   RO        12416    x$fpl$f2d           g_wm.l(f2d.o)
    0x0801227e   0x0801227e   0x000000f2   Code   RO        12591    x$fpl$fnaninf       g_wm.l(fnaninf.o)
    0x08012370   0x08012370   0x0000000a   Code   RO        12665    x$fpl$fpinit        g_wm.l(fpinit.o)
    0x0801237a   0x0801237a   0x0000000a   Code   RO        12593    x$fpl$fretinf       g_wm.l(fretinf.o)
    0x08012384   0x08012384   0x0000013c   Code   RO        12595    x$fpl$funder        g_wm.l(funder_clz.o)
    0x080124c0   0x080124c0   0x000000b2   Code   RO        12667    x$fpl$retnan        g_wm.l(retnan.o)
    0x08012572   0x08012572   0x0000007e   Code   RO        12597    x$fpl$trapveneer    g_wm.l(trapv.o)
    0x080125f0   0x080125f0   0x00000000   Code   RO        12599    x$fpl$usenofp       g_wm.l(usenofp.o)
    0x080125f0   0x080125f0   0x000000fc   Data   RO          513    .constdata          freertos.o
    0x080126ec   0x080126ec   0x00000018   Data   RO         1669    .constdata          system_stm32f4xx.o
    0x08012704   0x08012704   0x00000054   Data   RO         2789    .constdata          detect_task.o
    0x08012758   0x08012758   0x00000018   Data   RO         2878    .constdata          gimbal_task.o
    0x08012770   0x08012770   0x0000000f   Data   RO         2992    .constdata          calibrate_task.o
    0x0801277f   0x0801277f   0x00000001   PAD
    0x08012780   0x08012780   0x00000030   Data   RO         3116    .constdata          ins_task.o
    0x080127b0   0x080127b0   0x00000018   Data   RO         3553    .constdata          shoot.o
    0x080127c8   0x080127c8   0x00000090   Data   RO         4320    .constdata          quaternionekf.o
    0x08012858   0x08012858   0x00000502   Data   RO         4798    .constdata          crc8_crc16.o
    0x08012d5a   0x08012d5a   0x00000008   Data   RO         6366    .constdata          stm32f4xx_hal_dma.o
    0x08012d62   0x08012d62   0x00000002   PAD
    0x08012d64   0x08012d64   0x00000804   Data   RO        12285    .constdata          arm_cortexM4lf_math.lib(arm_common_tables.o)
    0x08013568   0x08013568   0x00000055   Data   RO          514    .conststring        freertos.o
    0x080135bd   0x080135bd   0x00000003   PAD
    0x080135c0   0x080135c0   0x00000020   Data   RO        12756    Region$$Table       anon$$obj.o


    Execution Region RW_IRAM1 (Exec base: 0x20000000, Load base: 0x080135e0, Size: 0x0000d1d0, Max: 0x00020000, ABSOLUTE, COMPRESSED[0x000000fc])

    Exec Addr    Load Addr    Size         Type   Attr      Idx    E Section Name        Object

    0x20000000   COMPRESSED   0x00000024   Data   RW          515    .data               freertos.o
    0x20000024   COMPRESSED   0x00000004   Data   RW          634    .data               can.o
    0x20000028   COMPRESSED   0x00000008   Data   RW          681    .data               crc.o
    0x20000030   COMPRESSED   0x00000004   Data   RW         1670    .data               system_stm32f4xx.o
    0x20000034   COMPRESSED   0x00000008   Data   RW         1902    .data               bsp_delay.o
    0x2000003c   COMPRESSED   0x00000010   Data   RW         1946    .data               bsp_flash.o
    0x2000004c   COMPRESSED   0x00000008   Data   RW         2170    .data               bsp_led.o
    0x20000054   COMPRESSED   0x00000004   PAD
    0x20000058   COMPRESSED   0x00000040   Data   RW         2390    .data               bsp_dwt.o
    0x20000098   COMPRESSED   0x00000012   Data   RW         2510    .data               can_receive.o
    0x200000aa   COMPRESSED   0x00000002   PAD
    0x200000ac   COMPRESSED   0x00000009   Data   RW         2790    .data               detect_task.o
    0x200000b5   COMPRESSED   0x00000003   PAD
    0x200000b8   COMPRESSED   0x00000018   Data   RW         2879    .data               gimbal_task.o
    0x200000d0   COMPRESSED   0x00000051   Data   RW         2993    .data               calibrate_task.o
    0x20000121   COMPRESSED   0x00000003   PAD
    0x20000124   COMPRESSED   0x00000048   Data   RW         3117    .data               ins_task.o
    0x2000016c   COMPRESSED   0x00000016   Data   RW         3310    .data               referee_usart_task.o
    0x20000182   COMPRESSED   0x00000003   Data   RW         3389    .data               remote_control.o
    0x20000185   COMPRESSED   0x00000003   PAD
    0x20000188   COMPRESSED   0x00000005   Data   RW         3554    .data               shoot.o
    0x2000018d   COMPRESSED   0x00000003   PAD
    0x20000190   COMPRESSED   0x0000000a   Data   RW         3630    .data               test_task.o
    0x2000019a   COMPRESSED   0x00000002   PAD
    0x2000019c   COMPRESSED   0x0000001c   Data   RW         3667    .data               led_flow_task.o
    0x200001b8   COMPRESSED   0x00000010   Data   RW         3767    .data               self_aim.o
    0x200001c8   COMPRESSED   0x00000004   Data   RW         3864    .data               uart_task.o
    0x200001cc   COMPRESSED   0x00000048   Data   RW         3910    .data               bmi088driver.o
    0x20000214   COMPRESSED   0x00000004   Data   RW         3987    .data               bmi088middleware.o
    0x20000218   COMPRESSED   0x00000270   Data   RW         4196    .data               controller.o
    0x20000488   COMPRESSED   0x000000d4   Data   RW         4321    .data               quaternionekf.o
    0x2000055c   COMPRESSED   0x00000004   Data   RW         4395    .data               kalman_filter.o
    0x20000560   COMPRESSED   0x00000018   Data   RW         4654    .data               user_lib.o
    0x20000578   COMPRESSED   0x00000002   Data   RW         4799    .data               crc8_crc16.o
    0x2000057a   COMPRESSED   0x00000002   PAD
    0x2000057c   COMPRESSED   0x0000000c   Data   RW         6788    .data               stm32f4xx_hal.o
    0x20000588   COMPRESSED   0x0000003c   Data   RW        10656    .data               tasks.o
    0x200005c4   COMPRESSED   0x00000014   Data   RW        10971    .data               timers.o
    0x200005d8   COMPRESSED   0x00000018   Data   RW        11488    .data               heap_4.o
    0x200005f0   COMPRESSED   0x0000000c   Data   RW        11539    .data               port.o
    0x200005fc   COMPRESSED   0x00000001   Data   RW        11761    .data               usbd_ctlreq.o
    0x200005fd   COMPRESSED   0x00000003   PAD
    0x20000600        -       0x000006a8   Zero   RW          512    .bss                freertos.o
    0x20000ca8        -       0x00000090   Zero   RW          585    .bss                adc.o
    0x20000d38        -       0x00000050   Zero   RW          633    .bss                can.o
    0x20000d88        -       0x0000015c   Zero   RW          752    .bss                i2c.o
    0x20000ee4        -       0x00000010   Zero   RW          804    .bss                rng.o
    0x20000ef4        -       0x00000020   Zero   RW          846    .bss                rtc.o
    0x20000f14        -       0x00000170   Zero   RW          889    .bss                spi.o
    0x20001084        -       0x000001c0   Zero   RW          943    .bss                tim.o
    0x20001244        -       0x00000240   Zero   RW         1022    .bss                usart.o
    0x20001484        -       0x00000408   Zero   RW         1157    .bss                usbd_conf.o
    0x2000188c        -       0x00000088   Zero   RW         2509    .bss                can_receive.o
    0x20001914        -       0x0000021c   Zero   RW         2788    .bss                detect_task.o
    0x20001b30        -       0x00000338   Zero   RW         2877    .bss                gimbal_task.o
    0x20001e68        -       0x00000115   Zero   RW         2991    .bss                calibrate_task.o
    0x20001f7d   COMPRESSED   0x00000003   PAD
    0x20001f80        -       0x00000154   Zero   RW         3115    .bss                ins_task.o
    0x200020d4        -       0x00000947   Zero   RW         3309    .bss                referee_usart_task.o
    0x20002a1b        -       0x00000072   Zero   RW         3388    .bss                remote_control.o
    0x20002a8d   COMPRESSED   0x00000003   PAD
    0x20002a90        -       0x0000017c   Zero   RW         3552    .bss                shoot.o
    0x20002c0c        -       0x0000002b   Zero   RW         3766    .bss                self_aim.o
    0x20002c37   COMPRESSED   0x00000001   PAD
    0x20002c38        -       0x0000002c   Zero   RW         3863    .bss                uart_task.o
    0x20002c64        -       0x00000040   Zero   RW         3909    .bss                bmi088driver.o
    0x20002ca4   COMPRESSED   0x00000004   PAD
    0x20002ca8        -       0x00000268   Zero   RW         4319    .bss                quaternionekf.o
    0x20002f10        -       0x00000020   Zero   RW         6020    .bss                stm32f4xx_hal_flash.o
    0x20002f30        -       0x00000040   Zero   RW        10296    .bss                queue.o
    0x20002f70        -       0x000000f0   Zero   RW        10655    .bss                tasks.o
    0x20003060        -       0x00000110   Zero   RW        10970    .bss                timers.o
    0x20003170        -       0x00006000   Zero   RW        11487    .bss                heap_4.o
    0x20009170        -       0x00000060   Zero   RW        12622    .bss                c_w.l(libspace.o)
    0x200091d0        -       0x00002000   Zero   RW            2    HEAP                startup_stm32f407xx.o
    0x2000b1d0        -       0x00002000   Zero   RW            1    STACK               startup_stm32f407xx.o


==============================================================================

Image component sizes


      Code (inc. data)   RO Data    RW Data    ZI Data      Debug   Object Name

       396         42          0          0        144       2282   adc.o
      2882        174          0         72         64      10153   bmi088driver.o
       116         30          0          4          0       3252   bmi088middleware.o
        36         10          0          0          0     598085   bsp_buzzer.o
        92          8          0          0          0        582   bsp_can.o
        48         16          0          8          0        653   bsp_delay.o
       580        112          0         64          0       4474   bsp_dwt.o
       674        108          0         16          0       3404   bsp_flash.o
       124         14          0          0          0        510   bsp_i2c.o
        32         10          0          0          0        899   bsp_laser.o
       104         22          0          8          0        584   bsp_led.o
        58          0          0          0          0        874   bsp_pwm.o
       156         14          0          0          0       1002   bsp_rc.o
      1412         78         15         81        277       9232   calibrate_task.o
       488         44          0          4         80       2362   can.o
      1292        162          0         18        136     614691   can_receive.o
        40          0          0          0          0       1039   can_task.o
       130          0          0          0          0      21999   cmsis_os.o
      2252         38          0        624          0      12528   controller.o
        84         18          0          8          0       1439   crc.o
       116         10       1282          2          0       2259   crc8_crc16.o
      1336         46         84          9        540       5401   detect_task.o
       184          6          0          0          0        822   dma.o
         0          0          0          0          0      16336   event_groups.o
       172          0          0          0          0       8278   fifo.o
       360         58        337         36       1704       4273   freertos.o
      2716        220         24         24        824      11767   gimbal_task.o
       596         30          0          0          0     754187   gpio.o
       492         32          0         24      24576       4907   heap_4.o
       700         80          0          0        348       3024   i2c.o
      2576        204         48         72        340      11826   ins_task.o
      3160         26          0          4          0       8943   kalman_filter.o
       432         10          0         28          0       1645   led_flow_task.o
       144          0          0          0          0       3558   list.o
       382         24          0          0          0     101360   main.o
       592          8          0          0          0       2474   pid.o
       814         92          0         12          0      11949   port.o
      4164        232        144        212        616      23611   quaternionekf.o
      1584         24          0          0         64      14960   queue.o
       296         24          0         22       2375       7693   referee_usart_task.o
       550         36          0          3        114     586580   remote_control.o
        84         18          0          0         16       1439   rng.o
        76         16          0          0         32       1387   rtc.o
       600         80          0         16         43      10463   self_aim.o
       724         76         24          5        380      11840   shoot.o
       604         54          0          0        368       2524   spi.o
        64         26        392          0      16384        840   startup_stm32f407xx.o
       188         30          0         12          0       4557   stm32f4xx_hal.o
       762         22          0          0          0       2827   stm32f4xx_hal_adc.o
      2054          6          0          0          0      15669   stm32f4xx_hal_can.o
       208         16          0          0          0      33651   stm32f4xx_hal_cortex.o
        40          0          0          0          0       1055   stm32f4xx_hal_crc.o
       942         18          8          0          0       4935   stm32f4xx_hal_dma.o
       564         74          0          0         32       6038   stm32f4xx_hal_flash.o
       380         24          0          0          0       3342   stm32f4xx_hal_flash_ex.o
       580         28          0          0          0       3708   stm32f4xx_hal_gpio.o
       408         18          0          0          0       2079   stm32f4xx_hal_i2c.o
        84          6          0          0          0        826   stm32f4xx_hal_msp.o
      2056         18          0          0          0      10155   stm32f4xx_hal_pcd.o
         2          0          0          0          0        977   stm32f4xx_hal_pcd_ex.o
      1638        100          0          0          0       6392   stm32f4xx_hal_rcc.o
       380         34          0          0          0       1516   stm32f4xx_hal_rcc_ex.o
        52          0          0          0          0       1083   stm32f4xx_hal_rng.o
       312          0          0          0          0       2692   stm32f4xx_hal_rtc.o
       900          8          0          0          0       4613   stm32f4xx_hal_spi.o
      1866         46          0          0          0      17533   stm32f4xx_hal_tim.o
       184          0          0          0          0       3385   stm32f4xx_hal_tim_ex.o
      2068         20          0          0          0      11146   stm32f4xx_hal_uart.o
       208         48          0          0          0      23769   stm32f4xx_it.o
      1866         80          0          0          0      15233   stm32f4xx_ll_usb.o
       100         18         24          4          0       1143   system_stm32f4xx.o
      2312        200          0         60        240      26232   tasks.o
       264         30          0         10          0       1980   test_task.o
      2296        168          0          0        448       7452   tim.o
      1016         96          0         20        272      27307   timers.o
        68         12          0          4         44       1709   uart_task.o
       944         90          0          0        576       3404   usart.o
         0          0          0          0          0       4536   usb_device.o
       632          6          0          0       1032      12421   usbd_conf.o
       664          0          0          0          0      10763   usbd_core.o
      1556         30          0          1          0      10315   usbd_ctlreq.o
       102          0          0          0          0       3788   usbd_ioreq.o
       832         26          0         24          0       8916   user_lib.o

    ----------------------------------------------------------------------
     63118       3604       2420       1536      52080    3201537   Object Totals
         0          0         32          0          0          0   (incl. Generated)
        76          0          6         25         11          0   (incl. Padding)

    ----------------------------------------------------------------------

      Code (inc. data)   RO Data    RW Data    ZI Data      Debug   Library Member Name

         0          0       2052          0          0       4636   arm_common_tables.o
       120         12          0          0          0      16970   arm_cos_f32.o
       264          0          0          0          0       1482   arm_mat_add_f32.o
         8          0          0          0          0        843   arm_mat_init_f32.o
      1328          4          0          0          0       2718   arm_mat_inverse_f32.o
       316          4          0          0          0       1627   arm_mat_mult_f32.o
       264          0          0          0          0       1482   arm_mat_sub_f32.o
       276          0          0          0          0       1516   arm_mat_trans_f32.o
       116         12          0          0          0        658   arm_sin_f32.o
        90          0          0          0          0          0   __dczerorl2.o
         8          0          0          0          0         68   __main.o
         0          0          0          0          0          0   __rtentry.o
        12          0          0          0          0          0   __rtentry2.o
         6          0          0          0          0          0   __rtentry4.o
        52          8          0          0          0          0   __scatter.o
        28          0          0          0          0          0   __scatter_zi.o
        48          4          0          0          0         84   _fptrap.o
        22          0          0          0          0        100   _rserrno.o
        16          0          0          0          0         68   aeabi_memset.o
        10          0          0          0          0         68   defsig_exit.o
       172        110          0          0          0         76   defsig_fpe_inner.o
        14          0          0          0          0         80   defsig_fpe_outer.o
        50          0          0          0          0         88   defsig_general.o
        80         58          0          0          0         76   defsig_rtmem_inner.o
        14          0          0          0          0         80   defsig_rtmem_outer.o
        18          0          0          0          0         80   exit.o
        94          0          0          0          0         80   h1_alloc.o
        52          0          0          0          0         68   h1_extend.o
        78          0          0          0          0         80   h1_free.o
        14          0          0          0          0         84   h1_init.o
         6          0          0          0          0        152   heapauxi.o
         4          0          0          0          0        136   hguard.o
         0          0          0          0          0          0   indicate_semi.o
       138          0          0          0          0        168   init_alloc.o
         2          0          0          0          0          0   libinit.o
        14          0          0          0          0          0   libinit2.o
         2          0          0          0          0          0   libshutdown.o
         2          0          0          0          0          0   libshutdown2.o
         8          4          0          0         96         68   libspace.o
       238          0          0          0          0        100   lludivv7m.o
         0          0          0          0          0          0   maybetermalloc1.o
         8          4          0          0          0         68   rt_errno_addr_intlibspace.o
         8          4          0          0          0         68   rt_heap_descriptor_intlibspace.o
        68          0          0          0          0         68   rt_memclr.o
        78          0          0          0          0         80   rt_memclr_w.o
       138          0          0          0          0         68   rt_memcpy_v6.o
       100          0          0          0          0         80   rt_memcpy_w.o
         2          0          0          0          0          0   rtexit.o
        10          0          0          0          0          0   rtexit2.o
        12          4          0          0          0         68   sys_exit.o
        74          0          0          0          0         80   sys_stackheap_outer.o
        14          0          0          0          0         76   sys_wrch.o
         2          0          0          0          0         68   use_no_semi.o
       708         16          0          0          0        140   d2f_clz.o
      1256         28          0          0          0        408   daddsub_clz.o
        24          0          0          0          0        116   dcmpi.o
       892        152          0          0          0        292   ddiv_clz.o
        26          0          0          0          0        116   dflt_clz.o
       120          8          0          0          0        140   dleqf.o
       448         16          0          0          0        164   dmul_clz.o
       258          4          0          0          0        156   dnaninf.o
       112          0          0          0          0        160   drenorm_clz.o
        12          0          0          0          0        116   dretinf.o
        98          0          0          0          0        128   drleqf.o
       378          0          0          0          0        168   dunder_clz.o
       492         36          0          0          0        148   except.o
       122          8          0          0          0        132   f2d.o
       242          4          0          0          0        144   fnaninf.o
        10          0          0          0          0        116   fpinit.o
        10          0          0          0          0        116   fretinf.o
       316          0          0          0          0        132   funder_clz.o
       178          0          0          0          0        116   retnan.o
       126          0          0          0          0        148   trapv.o
         0          0          0          0          0          0   usenofp.o
       280         46          0          0          0        176   acosf.o
       300         42          0          0          0        176   asinf.o
       592         90          0          0          0        184   atan2f.o
        20          0          0          0          0        124   fabs.o
        38          0          0          0          0        116   fpclassifyf.o
        44         12          0          0          0        464   funder.o
       120          0          0          0          0        272   sqrtf_full.o

    ----------------------------------------------------------------------
     11738        690       2052          0         96      39128   Library Totals
        18          0          0          0          0          0   (incl. Padding)

    ----------------------------------------------------------------------

      Code (inc. data)   RO Data    RW Data    ZI Data      Debug   Library Name

      2692         32       2052          0          0      31932   arm_cortexM4lf_math.lib
      1806        196          0          0         96       2528   c_w.l
      5828        272          0          0          0       3156   g_wm.l
      1394        190          0          0          0       1512   m_wm.l

    ----------------------------------------------------------------------
     11738        690       2052          0         96      39128   Library Totals

    ----------------------------------------------------------------------

==============================================================================


      Code (inc. data)   RO Data    RW Data    ZI Data      Debug   

     74856       4294       4472       1536      52176    3190461   Grand Totals
     74856       4294       4472        252      52176    3190461   ELF Image Totals (compressed)
     74856       4294       4472        252          0          0   ROM Totals

==============================================================================

    Total RO  Size (Code + RO Data)                79328 (  77.47kB)
    Total RW  Size (RW Data + ZI Data)             53712 (  52.45kB)
    Total ROM Size (Code + RO Data + RW Data)      79580 (  77.71kB)

==============================================================================

