Component: ARM Compiler 5.06 update 5 (build 528) Tool: armlink [4d35e2]

==============================================================================

Section Cross References

    startup_stm32f407xx.o(STACK) refers (Special) to heapauxi.o(.text) for __use_two_region_memory
    startup_stm32f407xx.o(HEAP) refers (Special) to heapauxi.o(.text) for __use_two_region_memory
    startup_stm32f407xx.o(RESET) refers (Special) to heapauxi.o(.text) for __use_two_region_memory
    startup_stm32f407xx.o(RESET) refers to startup_stm32f407xx.o(STACK) for __initial_sp
    startup_stm32f407xx.o(RESET) refers to startup_stm32f407xx.o(.text) for Reset_Handler
    startup_stm32f407xx.o(RESET) refers to stm32f4xx_it.o(i.NMI_Handler) for NMI_Handler
    startup_stm32f407xx.o(RESET) refers to stm32f4xx_it.o(i.HardFault_Handler) for HardFault_Handler
    startup_stm32f407xx.o(RESET) refers to stm32f4xx_it.o(i.MemManage_Handler) for MemManage_Handler
    startup_stm32f407xx.o(RESET) refers to stm32f4xx_it.o(i.BusFault_Handler) for BusFault_Handler
    startup_stm32f407xx.o(RESET) refers to stm32f4xx_it.o(i.UsageFault_Handler) for UsageFault_Handler
    startup_stm32f407xx.o(RESET) refers to port.o(.emb_text) for SVC_Handler
    startup_stm32f407xx.o(RESET) refers to stm32f4xx_it.o(i.DebugMon_Handler) for DebugMon_Handler
    startup_stm32f407xx.o(RESET) refers to stm32f4xx_it.o(i.SysTick_Handler) for SysTick_Handler
    startup_stm32f407xx.o(RESET) refers to stm32f4xx_it.o(i.EXTI0_IRQHandler) for EXTI0_IRQHandler
    startup_stm32f407xx.o(RESET) refers to stm32f4xx_it.o(i.EXTI3_IRQHandler) for EXTI3_IRQHandler
    startup_stm32f407xx.o(RESET) refers to stm32f4xx_it.o(i.EXTI4_IRQHandler) for EXTI4_IRQHandler
    startup_stm32f407xx.o(RESET) refers to stm32f4xx_it.o(i.CAN1_RX0_IRQHandler) for CAN1_RX0_IRQHandler
    startup_stm32f407xx.o(RESET) refers to stm32f4xx_it.o(i.EXTI9_5_IRQHandler) for EXTI9_5_IRQHandler
    startup_stm32f407xx.o(RESET) refers to stm32f4xx_it.o(i.USART1_IRQHandler) for USART1_IRQHandler
    startup_stm32f407xx.o(RESET) refers to remote_control.o(i.USART3_IRQHandler) for USART3_IRQHandler
    startup_stm32f407xx.o(RESET) refers to bsp_i2c.o(i.DMA1_Stream7_IRQHandler) for DMA1_Stream7_IRQHandler
    startup_stm32f407xx.o(RESET) refers to stm32f4xx_it.o(i.DMA2_Stream1_IRQHandler) for DMA2_Stream1_IRQHandler
    startup_stm32f407xx.o(RESET) refers to ins_task.o(i.DMA2_Stream2_IRQHandler) for DMA2_Stream2_IRQHandler
    startup_stm32f407xx.o(RESET) refers to stm32f4xx_it.o(i.CAN2_RX0_IRQHandler) for CAN2_RX0_IRQHandler
    startup_stm32f407xx.o(RESET) refers to stm32f4xx_it.o(i.DMA2_Stream6_IRQHandler) for DMA2_Stream6_IRQHandler
    startup_stm32f407xx.o(RESET) refers to stm32f4xx_it.o(i.DMA2_Stream7_IRQHandler) for DMA2_Stream7_IRQHandler
    startup_stm32f407xx.o(RESET) refers to referee_usart_task.o(i.USART6_IRQHandler) for USART6_IRQHandler
    startup_stm32f407xx.o(.text) refers (Special) to heapauxi.o(.text) for __use_two_region_memory
    startup_stm32f407xx.o(.text) refers to system_stm32f4xx.o(i.SystemInit) for SystemInit
    startup_stm32f407xx.o(.text) refers to __main.o(!!!main) for __main
    startup_stm32f407xx.o(.text) refers to startup_stm32f407xx.o(HEAP) for Heap_Mem
    startup_stm32f407xx.o(.text) refers to startup_stm32f407xx.o(STACK) for Stack_Mem
    main.o(i.SystemClock_Config) refers to rt_memclr_w.o(.text) for __aeabi_memclr4
    main.o(i.SystemClock_Config) refers to stm32f4xx_hal_rcc.o(i.HAL_RCC_OscConfig) for HAL_RCC_OscConfig
    main.o(i.SystemClock_Config) refers to main.o(i.Error_Handler) for Error_Handler
    main.o(i.SystemClock_Config) refers to stm32f4xx_hal_rcc.o(i.HAL_RCC_ClockConfig) for HAL_RCC_ClockConfig
    main.o(i.main) refers to stm32f4xx_hal.o(i.HAL_Init) for HAL_Init
    main.o(i.main) refers to main.o(i.SystemClock_Config) for SystemClock_Config
    main.o(i.main) refers to gpio.o(i.MX_GPIO_Init) for MX_GPIO_Init
    main.o(i.main) refers to dma.o(i.MX_DMA_Init) for MX_DMA_Init
    main.o(i.main) refers to can.o(i.MX_CAN1_Init) for MX_CAN1_Init
    main.o(i.main) refers to can.o(i.MX_CAN2_Init) for MX_CAN2_Init
    main.o(i.main) refers to spi.o(i.MX_SPI1_Init) for MX_SPI1_Init
    main.o(i.main) refers to tim.o(i.MX_TIM4_Init) for MX_TIM4_Init
    main.o(i.main) refers to tim.o(i.MX_TIM5_Init) for MX_TIM5_Init
    main.o(i.main) refers to usart.o(i.MX_USART3_UART_Init) for MX_USART3_UART_Init
    main.o(i.main) refers to tim.o(i.MX_TIM8_Init) for MX_TIM8_Init
    main.o(i.main) refers to i2c.o(i.MX_I2C3_Init) for MX_I2C3_Init
    main.o(i.main) refers to rtc.o(i.MX_RTC_Init) for MX_RTC_Init
    main.o(i.main) refers to tim.o(i.MX_TIM3_Init) for MX_TIM3_Init
    main.o(i.main) refers to tim.o(i.MX_TIM10_Init) for MX_TIM10_Init
    main.o(i.main) refers to usart.o(i.MX_USART1_UART_Init) for MX_USART1_UART_Init
    main.o(i.main) refers to usart.o(i.MX_USART6_UART_Init) for MX_USART6_UART_Init
[...]
    0x080002fa   0x080002fa   0x00000000   Code   RO        11123    .ARM.Collect$$libshutdown$$00000004  c_w.l(libshutdown2.o)
    0x080002fa   0x080002fa   0x00000000   Code   RO        11126    .ARM.Collect$$libshutdown$$00000007  c_w.l(libshutdown2.o)
    0x080002fa   0x080002fa   0x00000000   Code   RO        11129    .ARM.Collect$$libshutdown$$0000000A  c_w.l(libshutdown2.o)
    0x080002fa   0x080002fa   0x00000000   Code   RO        11131    .ARM.Collect$$libshutdown$$0000000C  c_w.l(libshutdown2.o)
    0x080002fa   0x080002fa   0x00000000   Code   RO        11134    .ARM.Collect$$libshutdown$$0000000F  c_w.l(libshutdown2.o)
    0x080002fa   0x080002fa   0x00000002   Code   RO        11135    .ARM.Collect$$libshutdown$$00000010  c_w.l(libshutdown2.o)
    0x080002fc   0x080002fc   0x00000000   Code   RO        10709    .ARM.Collect$$rtentry$$00000000  c_w.l(__rtentry.o)
    0x080002fc   0x080002fc   0x00000000   Code   RO        10967    .ARM.Collect$$rtentry$$00000002  c_w.l(__rtentry2.o)
    0x080002fc   0x080002fc   0x00000006   Code   RO        10979    .ARM.Collect$$rtentry$$00000004  c_w.l(__rtentry4.o)
    0x08000302   0x08000302   0x00000000   Code   RO        10969    .ARM.Collect$$rtentry$$00000009  c_w.l(__rtentry2.o)
    0x08000302   0x08000302   0x00000004   Code   RO        10970    .ARM.Collect$$rtentry$$0000000A  c_w.l(__rtentry2.o)
    0x08000306   0x08000306   0x00000000   Code   RO        10972    .ARM.Collect$$rtentry$$0000000C  c_w.l(__rtentry2.o)
    0x08000306   0x08000306   0x00000008   Code   RO        10973    .ARM.Collect$$rtentry$$0000000D  c_w.l(__rtentry2.o)
    0x0800030e   0x0800030e   0x00000002   Code   RO        11103    .ARM.Collect$$rtexit$$00000000  c_w.l(rtexit.o)
    0x08000310   0x08000310   0x00000000   Code   RO        11139    .ARM.Collect$$rtexit$$00000002  c_w.l(rtexit2.o)
    0x08000310   0x08000310   0x00000004   Code   RO        11140    .ARM.Collect$$rtexit$$00000003  c_w.l(rtexit2.o)
    0x08000314   0x08000314   0x00000006   Code   RO        11141    .ARM.Collect$$rtexit$$00000004  c_w.l(rtexit2.o)
    0x0800031a   0x0800031a   0x00000002   PAD
    0x0800031c   0x0800031c   0x000000be   Code   RO         9883    .emb_text           port.o
    0x080003da   0x080003da   0x00000002   PAD
    0x080003dc   0x080003dc   0x00000040   Code   RO            4    .text               startup_stm32f407xx.o
    0x0800041c   0x0800041c   0x00000078   Code   RO        10319    .text               arm_cortexM4lf_math.lib(arm_cos_f32.o)
    0x08000494   0x08000494   0x00000074   Code   RO        10372    .text               arm_cortexM4lf_math.lib(arm_sin_f32.o)
    0x08000508   0x08000508   0x000000ee   Code   RO        10539    .text               c_w.l(lludivv7m.o)
    0x080005f6   0x080005f6   0x00000002   PAD
    0x080005f8   0x080005f8   0x00000024   Code   RO        10541    .text               c_w.l(vsprintf.o)
    0x0800061c   0x0800061c   0x00000048   Code   RO        10543    .text               c_w.l(strcpy.o)
    0x08000664   0x08000664   0x0000003e   Code   RO        10545    .text               c_w.l(strlen.o)
    0x080006a2   0x080006a2   0x0000008a   Code   RO        10547    .text               c_w.l(rt_memcpy_v6.o)
    0x0800072c   0x0800072c   0x00000064   Code   RO        10549    .text               c_w.l(rt_memcpy_w.o)
    0x08000790   0x08000790   0x00000010   Code   RO        10553    .text               c_w.l(aeabi_memset.o)
    0x080007a0   0x080007a0   0x00000044   Code   RO        10555    .text               c_w.l(rt_memclr.o)
    0x080007e4   0x080007e4   0x0000004e   Code   RO        10557    .text               c_w.l(rt_memclr_w.o)
    0x08000832   0x08000832   0x00000006   Code   RO        10559    .text               c_w.l(heapauxi.o)
    0x08000838   0x08000838   0x00000016   Code   RO        10739    .text               c_w.l(_rserrno.o)
    0x0800084e   0x0800084e   0x0000004e   Code   RO        10743    .text               c_w.l(_printf_pad.o)
    0x0800089c   0x0800089c   0x00000024   Code   RO        10745    .text               c_w.l(_printf_truncate.o)
    0x080008c0   0x080008c0   0x00000052   Code   RO        10747    .text               c_w.l(_printf_str.o)
    0x08000912   0x08000912   0x00000002   PAD
    0x08000914   0x08000914   0x00000078   Code   RO        10749    .text               c_w.l(_printf_dec.o)
    0x0800098c   0x0800098c   0x00000028   Code   RO        10751    .text               c_w.l(_printf_charcount.o)
    0x080009b4   0x080009b4   0x00000030   Code   RO        10753    .text               c_w.l(_printf_char_common.o)
    0x080009e4   0x080009e4   0x0000000a   Code   RO        10755    .text               c_w.l(_sputc.o)
    0x080009ee   0x080009ee   0x00000002   PAD
    0x080009f0   0x080009f0   0x000000bc   Code   RO        10757    .text               c_w.l(_printf_wctomb.o)
    0x08000aac   0x08000aac   0x0000007c   Code   RO        10760    .text               c_w.l(_printf_longlong_dec.o)
    0x08000b28   0x08000b28   0x00000070   Code   RO        10766    .text               c_w.l(_printf_oct_int_ll.o)
    0x08000b98   0x08000b98   0x00000094   Code   RO        10786    .text               c_w.l(_printf_hex_int_ll_ptr.o)
    0x08000c2c   0x08000c2c   0x00000188   Code   RO        10806    .text               c_w.l(__printf_flags_ss_wp.o)
    0x08000db4   0x08000db4   0x00000008   Code   RO        10963    .text               c_w.l(libspace.o)
    0x08000dbc   0x08000dbc   0x00000008   Code   RO        10986    .text               c_w.l(rt_errno_addr_intlibspace.o)
    0x08000dc4   0x08000dc4   0x0000008a   Code   RO        10996    .text               c_w.l(lludiv10.o)
    0x08000e4e   0x08000e4e   0x00000002   PAD
    0x08000e50   0x08000e50   0x00000030   Code   RO        10998    .text               c_w.l(_fptrap.o)
    0x08000e80   0x08000e80   0x000000b2   Code   RO        11000    .text               c_w.l(_printf_intcommon.o)
    0x08000f32   0x08000f32   0x0000041e   Code   RO        11002    .text               c_w.l(_printf_fp_dec.o)
    0x08001350   0x08001350   0x000002fc   Code   RO        11004    .text               c_w.l(_printf_fp_hex.o)
    0x0800164c   0x0800164c   0x0000002c   Code   RO        11009    .text               c_w.l(_printf_char.o)
    0x08001678   0x08001678   0x0000002c   Code   RO        11011    .text               c_w.l(_printf_wchar.o)
    0x080016a4   0x080016a4   0x00000040   Code   RO        11014    .text               c_w.l(_wcrtomb.o)
    0x080016e4   0x080016e4   0x00000002   Code   RO        11033    .text               c_w.l(use_no_semi.o)
    0x080016e6   0x080016e6   0x00000000   Code   RO        11035    .text               c_w.l(indicate_semi.o)
    0x080016e6   0x080016e6   0x0000004a   Code   RO        11036    .text               c_w.l(sys_stackheap_outer.o)
    0x08001730   0x08001730   0x00000010   Code   RO        11038    .text               c_w.l(rt_ctype_table.o)
    0x08001740   0x08001740   0x00000008   Code   RO        11045    .text               c_w.l(rt_locale_intlibspace.o)
    0x08001748   0x08001748   0x00000080   Code   RO        11049    .text               c_w.l(_printf_fp_infnan.o)
    0x080017c8   0x080017c8   0x000000e4   Code   RO        11051    .text               c_w.l(bigflt0.o)
    0x080018ac   0x080018ac   0x00000012   Code   RO        11079    .text               c_w.l(exit.o)
    0x080018be   0x080018be   0x0000000a   Code   RO        11081    .text               c_w.l(defsig_exit.o)
    0x080018c8   0x080018c8   0x0000000e   Code   RO        11083    .text               c_w.l(defsig_fpe_outer.o)
    0x080018d6   0x080018d6   0x00000002   PAD
    0x080018d8   0x080018d8   0x0000000c   Code   RO        11101    .text               c_w.l(sys_exit.o)
    0x080018e4   0x080018e4   0x00000032   Code   RO        11114    .text               c_w.l(defsig_general.o)
    0x08001916   0x08001916   0x00000002   PAD
    0x08001918   0x08001918   0x000000ac   Code   RO        11116    .text               c_w.l(defsig_fpe_inner.o)
    0x080019c4   0x080019c4   0x00000080   Code   RO        11118    .text               c_w.l(strcmpv7m.o)
    0x08001a44   0x08001a44   0x0000000e   Code   RO        11136    .text               c_w.l(sys_wrch.o)
    0x08001a52   0x08001a52   0x0000003e   Code   RO        11054    CL$$btod_d2e        c_w.l(btod.o)
    0x08001a90   0x08001a90   0x00000046   Code   RO        11056    CL$$btod_d2e_denorm_low  c_w.l(btod.o)
    0x08001ad6   0x08001ad6   0x00000060   Code   RO        11055    CL$$btod_d2e_norm_op1  c_w.l(btod.o)
    0x08001b36   0x08001b36   0x00000338   Code   RO        11064    CL$$btod_div_common  c_w.l(btod.o)
    0x08001e6e   0x08001e6e   0x000000dc   Code   RO        11061    CL$$btod_e2e        c_w.l(btod.o)
    0x08001f4a   0x08001f4a   0x0000002a   Code   RO        11058    CL$$btod_ediv       c_w.l(btod.o)
    0x08001f74   0x08001f74   0x0000002a   Code   RO        11057    CL$$btod_emul       c_w.l(btod.o)
    0x08001f9e   0x08001f9e   0x00000244   Code   RO        11063    CL$$btod_mult_common  c_w.l(btod.o)
    0x080021e2   0x080021e2   0x00000002   PAD
    0x080021e4   0x080021e4   0x00000130   Code   RO         4154    i.ADC_Init          stm32f4xx_hal_adc.o
    0x08002314   0x08002314   0x00000004   Code   RO         3520    i.AHRS_asinf        ahrs_middleware.o
    0x08002318   0x08002318   0x00000004   Code   RO         3521    i.AHRS_atan2f       ahrs_middleware.o
    0x0800231c   0x0800231c   0x00000004   Code   RO         3522    i.AHRS_cosf         ahrs_middleware.o
    0x08002320   0x08002320   0x0000001a   Code   RO        10229    i.AHRS_fabs         AHRS.lib(ahrs.o)
    0x0800233a   0x0800233a   0x00000002   PAD
    0x0800233c   0x0800233c   0x00000014   Code   RO         3523    i.AHRS_get_height   ahrs_middleware.o
    0x08002350   0x08002350   0x0000000e   Code   RO         3524    i.AHRS_get_latitude  ahrs_middleware.o
    0x0800235e   0x0800235e   0x00000002   PAD
    0x08002360   0x08002360   0x0000029c   Code   RO        10230    i.AHRS_init         AHRS.lib(ahrs.o)
    0x080025fc   0x080025fc   0x00000014   Code   RO         3525    i.AHRS_invSqrt      ahrs_middleware.o
    0x08002610   0x08002610   0x00000004   Code   RO         3526    i.AHRS_sinf         ahrs_middleware.o
    0x08002614   0x08002614   0x0000013a   Code   RO        10231    i.AHRS_update       AHRS.lib(ahrs.o)
    0x0800274e   0x0800274e   0x00000002   PAD
    0x08002750   0x08002750   0x00000010   Code   RO         3175    i.BMI088_ACCEL_NS_H  bmi088middleware.o
    0x08002760   0x08002760   0x00000010   Code   RO         3176    i.BMI088_ACCEL_NS_L  bmi088middleware.o
    0x08002770   0x08002770   0x00000002   Code   RO         3177    i.BMI088_GPIO_init  bmi088middleware.o
    0x08002772   0x08002772   0x00000002   PAD
    0x08002774   0x08002774   0x00000010   Code   RO         3178    i.BMI088_GYRO_NS_H  bmi088middleware.o
    0x08002784   0x08002784   0x00000010   Code   RO         3179    i.BMI088_GYRO_NS_L  bmi088middleware.o
    0x08002794   0x08002794   0x00000088   Code   RO         3039    i.BMI088_accel_read_over  bmi088driver.o
    0x0800281c   0x0800281c   0x00000002   Code   RO         3180    i.BMI088_com_init   bmi088middleware.o
    0x0800281e   0x0800281e   0x00000004   Code   RO         3181    i.BMI088_delay_ms   bmi088middleware.o
    0x08002822   0x08002822   0x00000004   Code   RO         3182    i.BMI088_delay_us   bmi088middleware.o
    0x08002826   0x08002826   0x00000002   PAD
    0x08002828   0x08002828   0x00000060   Code   RO         3040    i.BMI088_gyro_read_over  bmi088driver.o
    0x08002888   0x08002888   0x0000002e   Code   RO         3041    i.BMI088_init       bmi088driver.o
    0x080028b6   0x080028b6   0x00000002   PAD
    0x080028b8   0x080028b8   0x0000015c   Code   RO         3042    i.BMI088_read       bmi088driver.o
    0x08002a14   0x08002a14   0x00000024   Code   RO         3045    i.BMI088_read_muli_reg  bmi088driver.o
    0x08002a38   0x08002a38   0x00000016   Code   RO         3046    i.BMI088_read_single_reg  bmi088driver.o
    0x08002a4e   0x08002a4e   0x00000002   PAD
    0x08002a50   0x08002a50   0x00000020   Code   RO         3183    i.BMI088_read_write_byte  bmi088middleware.o
    0x08002a70   0x08002a70   0x00000030   Code   RO         3047    i.BMI088_temperature_read_over  bmi088driver.o
    0x08002aa0   0x08002aa0   0x00000012   Code   RO         3048    i.BMI088_write_single_reg  bmi088driver.o
    0x08002ab2   0x08002ab2   0x00000002   Code   RO          787    i.BusFault_Handler  stm32f4xx_it.o
    0x08002ab4   0x08002ab4   0x0000000c   Code   RO          788    i.CAN1_RX0_IRQHandler  stm32f4xx_it.o
    0x08002ac0   0x08002ac0   0x0000000c   Code   RO          789    i.CAN2_RX0_IRQHandler  stm32f4xx_it.o
    0x08002acc   0x08002acc   0x0000004c   Code   RO         1643    i.CAN_CMD_HT_Enable  can_receive.o
    0x08002b18   0x08002b18   0x0000014c   Code   RO         1644    i.CAN_HT_CMD        can_receive.o
    0x08002c64   0x08002c64   0x00000034   Code   RO         1645    i.CAN_INIT_STATUS   can_receive.o
    0x08002c98   0x08002c98   0x00000040   Code   RO         1649    i.CAN_LK_START_control  can_receive.o
    0x08002cd8   0x08002cd8   0x00000048   Code   RO         1650    i.CAN_LK_Torque_Control  can_receive.o
    0x08002d20   0x08002d20   0x00000038   Code   RO         1651    i.CAN_Send_Setpower  can_receive.o
    0x08002d58   0x08002d58   0x00000040   Code   RO         1653    i.CAN_cmd_chassis_reset_ID  can_receive.o
    0x08002d98   0x08002d98   0x00000030   Code   RO         1654    i.CAN_cmd_referee_data  can_receive.o
    0x08002dc8   0x08002dc8   0x0000004c   Code   RO         1656    i.CAN_receive_chassis_data1  can_receive.o
    0x08002e14   0x08002e14   0x0000004c   Code   RO         1657    i.CAN_receive_chassis_data2  can_receive.o
    0x08002e60   0x08002e60   0x00000040   Code   RO         1658    i.CAN_receive_chassis_data3  can_receive.o
    0x08002ea0   0x08002ea0   0x0000002c   Code   RO         1659    i.CAN_receive_chassis_data4  can_receive.o
    0x08002ecc   0x08002ecc   0x0000002c   Code   RO         2915    i.Can_task          can_task.o
    0x08002ef8   0x08002ef8   0x00000174   Code   RO         2000    i.Chassis_Status_Detect  chassis_task.o
    0x0800306c   0x0800306c   0x00000474   Code   RO         2001    i.Chassis_Torque_Calculation  chassis_task.o
    0x080034e0   0x080034e0   0x00000528   Code   RO         2002    i.Chassis_Torque_Combine  chassis_task.o
    0x08003a08   0x08003a08   0x00000058   Code   RO         1446    i.DMA1_Stream7_IRQHandler  bsp_i2c.o
    0x08003a60   0x08003a60   0x0000000c   Code   RO          790    i.DMA2_Stream1_IRQHandler  stm32f4xx_it.o
    0x08003a6c   0x08003a6c   0x000004cc   Code   RO         2200    i.DMA2_Stream2_IRQHandler  ins_task.o
    0x08003f38   0x08003f38   0x0000000c   Code   RO          791    i.DMA2_Stream6_IRQHandler  stm32f4xx_it.o
    0x08003f44   0x08003f44   0x0000000c   Code   RO          792    i.DMA2_Stream7_IRQHandler  stm32f4xx_it.o
    0x08003f50   0x08003f50   0x00000034   Code   RO         4933    i.DMA_CalcBaseAndBitshift  stm32f4xx_hal_dma.o
    0x08003f84   0x08003f84   0x0000007e   Code   RO         4934    i.DMA_CheckFifoParam  stm32f4xx_hal_dma.o
    0x08004002   0x08004002   0x00000002   Code   RO          793    i.DebugMon_Handler  stm32f4xx_it.o
    0x08004004   0x08004004   0x00000006   Code   RO          794    i.EXTI0_IRQHandler  stm32f4xx_it.o
    0x0800400a   0x0800400a   0x00000006   Code   RO          795    i.EXTI3_IRQHandler  stm32f4xx_it.o
    0x08004010   0x08004010   0x00000006   Code   RO          796    i.EXTI4_IRQHandler  stm32f4xx_it.o
    0x08004016   0x08004016   0x00000006   Code   RO          797    i.EXTI9_5_IRQHandler  stm32f4xx_it.o
    0x0800401c   0x0800401c   0x00000002   Code   RO           13    i.Error_Handler     main.o
    0x0800401e   0x0800401e   0x00000002   PAD
    0x08004020   0x08004020   0x00000050   Code   RO         4703    i.FLASH_Erase_Sector  stm32f4xx_hal_flash_ex.o
    0x08004070   0x08004070   0x00000058   Code   RO         4704    i.FLASH_FlushCaches  stm32f4xx_hal_flash_ex.o
    0x080040c8   0x080040c8   0x00000028   Code   RO         4705    i.FLASH_MassErase   stm32f4xx_hal_flash_ex.o
    0x080040f0   0x080040f0   0x00000020   Code   RO         4585    i.FLASH_Program_Byte  stm32f4xx_hal_flash.o
    0x08004110   0x08004110   0x00000034   Code   RO         4586    i.FLASH_Program_DoubleWord  stm32f4xx_hal_flash.o
    0x08004144   0x08004144   0x00000024   Code   RO         4587    i.FLASH_Program_HalfWord  stm32f4xx_hal_flash.o
    0x08004168   0x08004168   0x00000024   Code   RO         4588    i.FLASH_Program_Word  stm32f4xx_hal_flash.o
    0x0800418c   0x0800418c   0x00000074   Code   RO         4589    i.FLASH_SetErrorCode  stm32f4xx_hal_flash.o
    0x08004200   0x08004200   0x00000060   Code   RO         4590    i.FLASH_WaitForLastOperation  stm32f4xx_hal_flash.o
    0x08004260   0x08004260   0x000004b8   Code   RO         2003    i.Forward_kinematic_solution  chassis_task.o
    0x08004718   0x08004718   0x00000174   Code   RO         4156    i.HAL_ADC_ConfigChannel  stm32f4xx_hal_adc.o
    0x0800488c   0x0800488c   0x00000006   Code   RO         4163    i.HAL_ADC_GetValue  stm32f4xx_hal_adc.o
    0x08004892   0x08004892   0x00000056   Code   RO         4165    i.HAL_ADC_Init      stm32f4xx_hal_adc.o
    0x080048e8   0x080048e8   0x0000007c   Code   RO          403    i.HAL_ADC_MspInit   adc.o
    0x08004964   0x08004964   0x000000c6   Code   RO         4169    i.HAL_ADC_PollForConversion  stm32f4xx_hal_adc.o
    0x08004a2a   0x08004a2a   0x00000002   PAD
    0x08004a2c   0x08004a2c   0x00000128   Code   RO         4171    i.HAL_ADC_Start     stm32f4xx_hal_adc.o
    0x08004b54   0x08004b54   0x00000024   Code   RO         5620    i.HAL_CAN_ActivateNotification  stm32f4xx_hal_can.o
    0x08004b78   0x08004b78   0x000000f0   Code   RO         5621    i.HAL_CAN_AddTxMessage  stm32f4xx_hal_can.o
    0x08004c68   0x08004c68   0x00000128   Code   RO         5622    i.HAL_CAN_ConfigFilter  stm32f4xx_hal_can.o
    0x08004d90   0x08004d90   0x00000002   Code   RO         5625    i.HAL_CAN_ErrorCallback  stm32f4xx_hal_can.o
    0x08004d92   0x08004d92   0x00000174   Code   RO         5628    i.HAL_CAN_GetRxMessage  stm32f4xx_hal_can.o
    0x08004f06   0x08004f06   0x00000234   Code   RO         5632    i.HAL_CAN_IRQHandler  stm32f4xx_hal_can.o
    0x0800513a   0x0800513a   0x00000168   Code   RO         5633    i.HAL_CAN_Init      stm32f4xx_hal_can.o
    0x080052a2   0x080052a2   0x00000002   PAD
    0x080052a4   0x080052a4   0x00000100   Code   RO          451    i.HAL_CAN_MspInit   can.o
    0x080053a4   0x080053a4   0x00000002   Code   RO         5640    i.HAL_CAN_RxFifo0FullCallback  stm32f4xx_hal_can.o
    0x080053a6   0x080053a6   0x00000002   PAD
    0x080053a8   0x080053a8   0x00000334   Code   RO         1660    i.HAL_CAN_RxFifo0MsgPendingCallback  can_receive.o
    0x080056dc   0x080056dc   0x00000002   Code   RO         5642    i.HAL_CAN_RxFifo1FullCallback  stm32f4xx_hal_can.o
    0x080056de   0x080056de   0x00000002   Code   RO         5643    i.HAL_CAN_RxFifo1MsgPendingCallback  stm32f4xx_hal_can.o
    0x080056e0   0x080056e0   0x00000002   Code   RO         5644    i.HAL_CAN_SleepCallback  stm32f4xx_hal_can.o
    0x080056e2   0x080056e2   0x00000064   Code   RO         5645    i.HAL_CAN_Start     stm32f4xx_hal_can.o
    0x08005746   0x08005746   0x00000002   Code   RO         5647    i.HAL_CAN_TxMailbox0AbortCallback  stm32f4xx_hal_can.o
    0x08005748   0x08005748   0x00000002   Code   RO         5648    i.HAL_CAN_TxMailbox0CompleteCallback  stm32f4xx_hal_can.o
    0x0800574a   0x0800574a   0x00000002   Code   RO         5649    i.HAL_CAN_TxMailbox1AbortCallback  stm32f4xx_hal_can.o
    0x0800574c   0x0800574c   0x00000002   Code   RO         5650    i.HAL_CAN_TxMailbox1CompleteCallback  stm32f4xx_hal_can.o
    0x0800574e   0x0800574e   0x00000002   Code   RO         5651    i.HAL_CAN_TxMailbox2AbortCallback  stm32f4xx_hal_can.o
    0x08005750   0x08005750   0x00000002   Code   RO         5652    i.HAL_CAN_TxMailbox2CompleteCallback  stm32f4xx_hal_can.o
    0x08005752   0x08005752   0x00000002   Code   RO         5654    i.HAL_CAN_WakeUpFromRxMsgCallback  stm32f4xx_hal_can.o
    0x08005754   0x08005754   0x000000a2   Code   RO         4936    i.HAL_DMA_Abort     stm32f4xx_hal_dma.o
    0x080057f6   0x080057f6   0x00000024   Code   RO         4937    i.HAL_DMA_Abort_IT  stm32f4xx_hal_dma.o
    0x0800581a   0x0800581a   0x00000002   PAD
    0x0800581c   0x0800581c   0x000001ec   Code   RO         4941    i.HAL_DMA_IRQHandler  stm32f4xx_hal_dma.o
    0x08005a08   0x08005a08   0x000000ec   Code   RO         4942    i.HAL_DMA_Init      stm32f4xx_hal_dma.o
    0x08005af4   0x08005af4   0x000000ac   Code   RO         4715    i.HAL_FLASHEx_Erase  stm32f4xx_hal_flash_ex.o
    0x08005ba0   0x08005ba0   0x00000014   Code   RO         4594    i.HAL_FLASH_Lock    stm32f4xx_hal_flash.o
    0x08005bb4   0x08005bb4   0x00000080   Code   RO         4599    i.HAL_FLASH_Program  stm32f4xx_hal_flash.o
    0x08005c34   0x08005c34   0x00000034   Code   RO         4601    i.HAL_FLASH_Unlock  stm32f4xx_hal_flash.o
    0x08005c68   0x08005c68   0x00000098   Code   RO         2201    i.HAL_GPIO_EXTI_Callback  ins_task.o
    0x08005d00   0x08005d00   0x00000018   Code   RO         4828    i.HAL_GPIO_EXTI_IRQHandler  stm32f4xx_hal_gpio.o
    0x08005d18   0x08005d18   0x0000022c   Code   RO         4829    i.HAL_GPIO_Init     stm32f4xx_hal_gpio.o
    0x08005f44   0x08005f44   0x0000000e   Code   RO         4833    i.HAL_GPIO_WritePin  stm32f4xx_hal_gpio.o
    0x08005f52   0x08005f52   0x00000002   PAD
    0x08005f54   0x08005f54   0x0000000c   Code   RO         5374    i.HAL_GetTick       stm32f4xx_hal.o
    0x08005f60   0x08005f60   0x000001ac   Code   RO         5864    i.HAL_I2C_Init      stm32f4xx_hal_i2c.o
    0x0800610c   0x0800610c   0x00000160   Code   RO         5877    i.HAL_I2C_Master_Transmit  stm32f4xx_hal_i2c.o
    0x0800626c   0x0800626c   0x000002d4   Code   RO         5882    i.HAL_I2C_Mem_Read  stm32f4xx_hal_i2c.o
    0x08006540   0x08006540   0x00000174   Code   RO         5885    i.HAL_I2C_Mem_Write  stm32f4xx_hal_i2c.o
    0x080066b4   0x080066b4   0x00000138   Code   RO          524    i.HAL_I2C_MspInit   i2c.o
    0x080067ec   0x080067ec   0x00000010   Code   RO         5380    i.HAL_IncTick       stm32f4xx_hal.o
    0x080067fc   0x080067fc   0x00000034   Code   RO         5381    i.HAL_Init          stm32f4xx_hal.o
    0x08006830   0x08006830   0x00000044   Code   RO         5382    i.HAL_InitTick      stm32f4xx_hal.o
    0x08006874   0x08006874   0x00000038   Code   RO          911    i.HAL_MspInit       stm32f4xx_hal_msp.o
    0x080068ac   0x080068ac   0x0000001c   Code   RO         5221    i.HAL_NVIC_EnableIRQ  stm32f4xx_hal_cortex.o
    0x080068c8   0x080068c8   0x00000068   Code   RO         5227    i.HAL_NVIC_SetPriority  stm32f4xx_hal_cortex.o
    0x08006930   0x08006930   0x00000024   Code   RO         5228    i.HAL_NVIC_SetPriorityGrouping  stm32f4xx_hal_cortex.o
    0x08006954   0x08006954   0x0000017c   Code   RO         4535    i.HAL_RCCEx_PeriphCLKConfig  stm32f4xx_hal_rcc_ex.o
    0x08006ad0   0x08006ad0   0x0000017c   Code   RO         4430    i.HAL_RCC_ClockConfig  stm32f4xx_hal_rcc.o
    0x08006c4c   0x08006c4c   0x0000000c   Code   RO         4435    i.HAL_RCC_GetHCLKFreq  stm32f4xx_hal_rcc.o
    0x08006c58   0x08006c58   0x00000020   Code   RO         4437    i.HAL_RCC_GetPCLK1Freq  stm32f4xx_hal_rcc.o
    0x08006c78   0x08006c78   0x00000020   Code   RO         4438    i.HAL_RCC_GetPCLK2Freq  stm32f4xx_hal_rcc.o
    0x08006c98   0x08006c98   0x00000070   Code   RO         4439    i.HAL_RCC_GetSysClockFreq  stm32f4xx_hal_rcc.o
    0x08006d08   0x08006d08   0x00000482   Code   RO         4442    i.HAL_RCC_OscConfig  stm32f4xx_hal_rcc.o
    0x0800718a   0x0800718a   0x0000009e   Code   RO         6361    i.HAL_RTC_Init      stm32f4xx_hal_rtc.o
    0x08007228   0x08007228   0x0000003c   Code   RO          620    i.HAL_RTC_MspInit   rtc.o
    0x08007264   0x08007264   0x0000003c   Code   RO         6369    i.HAL_RTC_WaitForSynchro  stm32f4xx_hal_rtc.o
    0x080072a0   0x080072a0   0x000000be   Code   RO         6761    i.HAL_SPI_Init      stm32f4xx_hal_spi.o
    0x0800735e   0x0800735e   0x00000002   PAD
    0x08007360   0x08007360   0x00000110   Code   RO          578    i.HAL_SPI_MspInit   spi.o
    0x08007470   0x08007470   0x00000218   Code   RO         6770    i.HAL_SPI_TransmitReceive  stm32f4xx_hal_spi.o
    0x08007688   0x08007688   0x00000028   Code   RO         5232    i.HAL_SYSTICK_Config  stm32f4xx_hal_cortex.o
    0x080076b0   0x080076b0   0x0000009a   Code   RO         7808    i.HAL_TIMEx_MasterConfigSynchronization  stm32f4xx_hal_tim_ex.o
    0x0800774a   0x0800774a   0x0000005c   Code   RO         7074    i.HAL_TIM_Base_Init  stm32f4xx_hal_tim.o
    0x080077a6   0x080077a6   0x00000002   PAD
    0x080077a8   0x080077a8   0x0000009c   Code   RO          662    i.HAL_TIM_Base_MspInit  tim.o
    0x08007844   0x08007844   0x00000080   Code   RO         7077    i.HAL_TIM_Base_Start  stm32f4xx_hal_tim.o
    0x080078c4   0x080078c4   0x000000ea   Code   RO         7083    i.HAL_TIM_ConfigClockSource  stm32f4xx_hal_tim.o
    0x080079ae   0x080079ae   0x00000002   PAD
    0x080079b0   0x080079b0   0x0000014c   Code   RO          663    i.HAL_TIM_MspPostInit  tim.o
    0x08007afc   0x08007afc   0x000000d8   Code   RO         7146    i.HAL_TIM_PWM_ConfigChannel  stm32f4xx_hal_tim.o
    0x08007bd4   0x08007bd4   0x0000005c   Code   RO         7149    i.HAL_TIM_PWM_Init  stm32f4xx_hal_tim.o
    0x08007c30   0x08007c30   0x00000002   Code   RO         7151    i.HAL_TIM_PWM_MspInit  stm32f4xx_hal_tim.o
    0x08007c32   0x08007c32   0x00000002   PAD
    0x08007c34   0x08007c34   0x000000dc   Code   RO         7154    i.HAL_TIM_PWM_Start  stm32f4xx_hal_tim.o
    0x08007d10   0x08007d10   0x00000002   Code   RO         8068    i.HAL_UARTEx_RxEventCallback  stm32f4xx_hal_uart.o
    0x08007d12   0x08007d12   0x00000002   Code   RO         8082    i.HAL_UART_ErrorCallback  stm32f4xx_hal_uart.o
    0x08007d14   0x08007d14   0x00000268   Code   RO         8085    i.HAL_UART_IRQHandler  stm32f4xx_hal_uart.o
    0x08007f7c   0x08007f7c   0x00000066   Code   RO         8086    i.HAL_UART_Init     stm32f4xx_hal_uart.o
    0x08007fe2   0x08007fe2   0x00000002   PAD
    0x08007fe4   0x08007fe4   0x00000248   Code   RO          734    i.HAL_UART_MspInit  usart.o
    0x0800822c   0x0800822c   0x00000002   Code   RO         8092    i.HAL_UART_RxCpltCallback  stm32f4xx_hal_uart.o
    0x0800822e   0x0800822e   0x000000b8   Code   RO         8094    i.HAL_UART_Transmit  stm32f4xx_hal_uart.o
    0x080082e6   0x080082e6   0x00000002   Code   RO         8097    i.HAL_UART_TxCpltCallback  stm32f4xx_hal_uart.o
    0x080082e8   0x080082e8   0x00000092   Code   RO         2004    i.HT_Motor_zero_set  chassis_task.o
    0x0800837a   0x0800837a   0x00000002   Code   RO          798    i.HardFault_Handler  stm32f4xx_it.o
    0x0800837c   0x0800837c   0x00000032   Code   RO         5908    i.I2C_IsAcknowledgeFailed  stm32f4xx_hal_i2c.o
    0x080083ae   0x080083ae   0x00000002   PAD
    0x080083b0   0x080083b0   0x000000b4   Code   RO         5912    i.I2C_MasterRequestWrite  stm32f4xx_hal_i2c.o
    0x08008464   0x08008464   0x00000154   Code   RO         5919    i.I2C_RequestMemoryRead  stm32f4xx_hal_i2c.o
    0x080085b8   0x080085b8   0x000000d0   Code   RO         5920    i.I2C_RequestMemoryWrite  stm32f4xx_hal_i2c.o
    0x08008688   0x08008688   0x00000066   Code   RO         5928    i.I2C_WaitOnBTFFlagUntilTimeout  stm32f4xx_hal_i2c.o
    0x080086ee   0x080086ee   0x000000ea   Code   RO         5929    i.I2C_WaitOnFlagUntilTimeout  stm32f4xx_hal_i2c.o
    0x080087d8   0x080087d8   0x000000ec   Code   RO         5930    i.I2C_WaitOnMasterAddressFlagUntilTimeout  stm32f4xx_hal_i2c.o
    0x080088c4   0x080088c4   0x00000086   Code   RO         5931    i.I2C_WaitOnRXNEFlagUntilTimeout  stm32f4xx_hal_i2c.o
    0x0800894a   0x0800894a   0x00000066   Code   RO         5934    i.I2C_WaitOnTXEFlagUntilTimeout  stm32f4xx_hal_i2c.o
    0x080089b0   0x080089b0   0x00000064   Code   RO         2202    i.INS_cali_gyro     ins_task.o
    0x08008a14   0x08008a14   0x00000030   Code   RO         2203    i.INS_set_cali_gyro  ins_task.o
    0x08008a44   0x08008a44   0x00000254   Code   RO         2204    i.INS_task          ins_task.o
    0x08008c98   0x08008c98   0x00000070   Code   RO         2005    i.Joint_Motor_to_Init_Pos  chassis_task.o
    0x08008d08   0x08008d08   0x00000090   Code   RO         4068    i.LQR_Data_Update   lqr.o
    0x08008d98   0x08008d98   0x00000064   Code   RO          404    i.MX_ADC1_Init      adc.o
    0x08008dfc   0x08008dfc   0x00000064   Code   RO          405    i.MX_ADC3_Init      adc.o
    0x08008e60   0x08008e60   0x00000044   Code   RO          452    i.MX_CAN1_Init      can.o
    0x08008ea4   0x08008ea4   0x00000044   Code   RO          453    i.MX_CAN2_Init      can.o
    0x08008ee8   0x08008ee8   0x0000008c   Code   RO          499    i.MX_DMA_Init       dma.o
    0x08008f74   0x08008f74   0x000000ec   Code   RO          329    i.MX_FREERTOS_Init  freertos.o
    0x08009060   0x08009060   0x0000015c   Code   RO          305    i.MX_GPIO_Init      gpio.o
    0x080091bc   0x080091bc   0x00000040   Code   RO          525    i.MX_I2C1_Init      i2c.o
    0x080091fc   0x080091fc   0x00000040   Code   RO          526    i.MX_I2C2_Init      i2c.o
    0x0800923c   0x0800923c   0x00000040   Code   RO          527    i.MX_I2C3_Init      i2c.o
    0x0800927c   0x0800927c   0x00000038   Code   RO          621    i.MX_RTC_Init       rtc.o
    0x080092b4   0x080092b4   0x00000048   Code   RO          579    i.MX_SPI1_Init      spi.o
    0x080092fc   0x080092fc   0x00000064   Code   RO          664    i.MX_TIM10_Init     tim.o
    0x08009360   0x08009360   0x00000098   Code   RO          665    i.MX_TIM3_Init      tim.o
    0x080093f8   0x080093f8   0x00000098   Code   RO          666    i.MX_TIM4_Init      tim.o
    0x08009490   0x08009490   0x000000b8   Code   RO          667    i.MX_TIM5_Init      tim.o
    0x08009548   0x08009548   0x00000068   Code   RO          668    i.MX_TIM8_Init      tim.o
    0x080095b0   0x080095b0   0x00000038   Code   RO          735    i.MX_USART1_UART_Init  usart.o
    0x080095e8   0x080095e8   0x00000040   Code   RO          736    i.MX_USART3_UART_Init  usart.o
    0x08009628   0x08009628   0x00000038   Code   RO          737    i.MX_USART6_UART_Init  usart.o
    0x08009660   0x08009660   0x00000002   Code   RO          799    i.MemManage_Handler  stm32f4xx_it.o
    0x08009662   0x08009662   0x00000002   PAD
    0x08009664   0x08009664   0x000000f8   Code   RO         2006    i.Motor_CMD_Send    chassis_task.o
    0x0800975c   0x0800975c   0x00000058   Code   RO         2007    i.Motor_Zero_CMD_Send  chassis_task.o
    0x080097b4   0x080097b4   0x00000002   Code   RO          800    i.NMI_Handler       stm32f4xx_it.o
    0x080097b6   0x080097b6   0x00000002   PAD
    0x080097b8   0x080097b8   0x00000020   Code   RO         3383    i.OLED_LOGO         oled.o
    0x080097d8   0x080097d8   0x0000000c   Code   RO         3384    i.OLED_check_ack    oled.o
    0x080097e4   0x080097e4   0x00000040   Code   RO         3389    i.OLED_draw_point   oled.o
    0x08009824   0x08009824   0x00000106   Code   RO         3390    i.OLED_init         oled.o
    0x0800992a   0x0800992a   0x00000002   PAD
    0x0800992c   0x0800992c   0x00000048   Code   RO         3391    i.OLED_operate_gram  oled.o
    0x08009974   0x08009974   0x00000038   Code   RO         3392    i.OLED_printf       oled.o
    0x080099ac   0x080099ac   0x00000030   Code   RO         3393    i.OLED_refresh_gram  oled.o
    0x080099dc   0x080099dc   0x0000003e   Code   RO         3394    i.OLED_set_pos      oled.o
    0x08009a1a   0x08009a1a   0x00000002   PAD
    0x08009a1c   0x08009a1c   0x00000070   Code   RO         3395    i.OLED_show_char    oled.o
    0x08009a8c   0x08009a8c   0x0000007e   Code   RO         3396    i.OLED_show_graphic  oled.o
    0x08009b0a   0x08009b0a   0x0000002e   Code   RO         3397    i.OLED_show_string  oled.o
    0x08009b38   0x08009b38   0x00000160   Code   RO         4102    i.PID_calc          pid.o
    0x08009c98   0x08009c98   0x0000005c   Code   RO         4104    i.PID_init          pid.o
    0x08009cf4   0x08009cf4   0x0000006c   Code   RO         1277    i.RC_Init           bsp_rc.o
    0x08009d60   0x08009d60   0x00000228   Code   RO         1513    i.RC_cmd_to_calibrate  calibrate_task.o
    0x08009f88   0x08009f88   0x0000003c   Code   RO         1278    i.RC_restart        bsp_rc.o
    0x08009fc4   0x08009fc4   0x00000014   Code   RO         1279    i.RC_unable         bsp_rc.o
    0x08009fd8   0x08009fd8   0x00000048   Code   RO         6372    i.RTC_EnterInitMode  stm32f4xx_hal_rtc.o
    0x0800a020   0x0800a020   0x0000002c   Code   RO         6373    i.RTC_ExitInitMode  stm32f4xx_hal_rtc.o
    0x0800a04c   0x0800a04c   0x0000184c   Code   RO         1317    i.SPI1_DMA_enable   bsp_spi.o
    0x0800b898   0x0800b898   0x0000010c   Code   RO         1318    i.SPI1_DMA_init     bsp_spi.o
    0x0800b9a4   0x0800b9a4   0x00000084   Code   RO         6799    i.SPI_EndRxTxTransaction  stm32f4xx_hal_spi.o
    0x0800ba28   0x0800ba28   0x000000d8   Code   RO         6804    i.SPI_WaitFlagStateUntilTimeout  stm32f4xx_hal_spi.o
    0x0800bb00   0x0800bb00   0x00000018   Code   RO          801    i.SysTick_Handler   stm32f4xx_it.o
    0x0800bb18   0x0800bb18   0x00000094   Code   RO           14    i.SystemClock_Config  main.o
    0x0800bbac   0x0800bbac   0x00000054   Code   RO          936    i.SystemInit        system_stm32f4xx.o
    0x0800bc00   0x0800bc00   0x000000e4   Code   RO         7167    i.TIM_Base_SetConfig  stm32f4xx_hal_tim.o
    0x0800bce4   0x0800bce4   0x0000001e   Code   RO         7168    i.TIM_CCxChannelCmd  stm32f4xx_hal_tim.o
    0x0800bd02   0x0800bd02   0x00000016   Code   RO         7178    i.TIM_ETR_SetConfig  stm32f4xx_hal_tim.o
    0x0800bd18   0x0800bd18   0x00000010   Code   RO         7179    i.TIM_ITRx_SetConfig  stm32f4xx_hal_tim.o
    0x0800bd28   0x0800bd28   0x00000070   Code   RO         7180    i.TIM_OC1_SetConfig  stm32f4xx_hal_tim.o
    0x0800bd98   0x0800bd98   0x00000078   Code   RO         7181    i.TIM_OC2_SetConfig  stm32f4xx_hal_tim.o
    0x0800be10   0x0800be10   0x00000078   Code   RO         7182    i.TIM_OC3_SetConfig  stm32f4xx_hal_tim.o
    0x0800be88   0x0800be88   0x00000058   Code   RO         7183    i.TIM_OC4_SetConfig  stm32f4xx_hal_tim.o
    0x0800bee0   0x0800bee0   0x00000026   Code   RO         7185    i.TIM_TI1_ConfigInputStage  stm32f4xx_hal_tim.o
    0x0800bf06   0x0800bf06   0x00000028   Code   RO         7187    i.TIM_TI2_ConfigInputStage  stm32f4xx_hal_tim.o
    0x0800bf2e   0x0800bf2e   0x00000002   PAD
    0x0800bf30   0x0800bf30   0x0000039c   Code   RO         2008    i.Target_Value_Set  chassis_task.o
    0x0800c2cc   0x0800c2cc   0x00000010   Code   RO         8099    i.UART_DMAAbortOnError  stm32f4xx_hal_uart.o
    0x0800c2dc   0x0800c2dc   0x0000004e   Code   RO         8109    i.UART_EndRxTransfer  stm32f4xx_hal_uart.o
    0x0800c32a   0x0800c32a   0x0000001a   Code   RO         8110    i.UART_EndTransmit_IT  stm32f4xx_hal_uart.o
    0x0800c344   0x0800c344   0x000000ca   Code   RO         8112    i.UART_Receive_IT   stm32f4xx_hal_uart.o
    0x0800c40e   0x0800c40e   0x00000002   PAD
    0x0800c410   0x0800c410   0x0000001c   Code   RO         2009    i.UART_SEND_DATA    chassis_task.o
    0x0800c42c   0x0800c42c   0x000000fc   Code   RO         8113    i.UART_SetConfig    stm32f4xx_hal_uart.o
    0x0800c528   0x0800c528   0x0000005e   Code   RO         8116    i.UART_Transmit_IT  stm32f4xx_hal_uart.o
    0x0800c586   0x0800c586   0x0000008e   Code   RO         8117    i.UART_WaitOnFlagUntilTimeout  stm32f4xx_hal_uart.o
    0x0800c614   0x0800c614   0x0000000c   Code   RO          802    i.USART1_IRQHandler  stm32f4xx_it.o
    0x0800c620   0x0800c620   0x000000d0   Code   RO         2379    i.USART3_IRQHandler  remote_control.o
    0x0800c6f0   0x0800c6f0   0x000000c4   Code   RO         2790    i.USART6_IRQHandler  referee_usart_task.o
    0x0800c7b4   0x0800c7b4   0x00000002   Code   RO          803    i.UsageFault_Handler  stm32f4xx_it.o
    0x0800c7b6   0x0800c7b6   0x00000030   Code   RO        10927    i.__ARM_fpclassify  m_wm.l(fpclassify.o)
    0x0800c7e6   0x0800c7e6   0x00000026   Code   RO        10929    i.__ARM_fpclassifyf  m_wm.l(fpclassifyf.o)
    0x0800c80c   0x0800c80c   0x0000012c   Code   RO        10603    i.__hardfp_asinf    m_wm.l(asinf.o)
    0x0800c938   0x0800c938   0x000002d8   Code   RO        10615    i.__hardfp_atan     m_wm.l(atan.o)
    0x0800cc10   0x0800cc10   0x00000250   Code   RO        10629    i.__hardfp_atan2f   m_wm.l(atan2f.o)
    0x0800ce60   0x0800ce60   0x000000c8   Code   RO        10641    i.__hardfp_cos      m_wm.l(cos.o)
    0x0800cf28   0x0800cf28   0x00000014   Code   RO        10653    i.__hardfp_fabs     m_wm.l(fabs.o)
    0x0800cf3c   0x0800cf3c   0x00000004   PAD
    0x0800cf40   0x0800cf40   0x000000c8   Code   RO        10659    i.__hardfp_sin      m_wm.l(sin.o)
    0x0800d008   0x0800d008   0x0000007a   Code   RO        10683    i.__hardfp_sqrt     m_wm.l(sqrt_full.o)
    0x0800d082   0x0800d082   0x0000003a   Code   RO        10689    i.__hardfp_sqrtf    m_wm.l(sqrtf_full.o)
    0x0800d0bc   0x0800d0bc   0x00000004   PAD
    0x0800d0c0   0x0800d0c0   0x00000438   Code   RO        10947    i.__ieee754_rem_pio2  m_wm.l(rred.o)
    0x0800d4f8   0x0800d4f8   0x00000170   Code   RO        10910    i.__kernel_cos      m_wm.l(cos_i.o)
    0x0800d668   0x0800d668   0x000000f8   Code   RO        10945    i.__kernel_poly     m_wm.l(poly.o)
    0x0800d760   0x0800d760   0x00000130   Code   RO        10955    i.__kernel_sin      m_wm.l(sin_i.o)
    0x0800d890   0x0800d890   0x00000014   Code   RO        10914    i.__mathlib_dbl_infnan  m_wm.l(dunder.o)
    0x0800d8a4   0x0800d8a4   0x00000004   PAD
    0x0800d8a8   0x0800d8a8   0x00000020   Code   RO        10916    i.__mathlib_dbl_invalid  m_wm.l(dunder.o)
    0x0800d8c8   0x0800d8c8   0x00000020   Code   RO        10919    i.__mathlib_dbl_underflow  m_wm.l(dunder.o)
    0x0800d8e8   0x0800d8e8   0x00000006   Code   RO        10932    i.__mathlib_flt_infnan  m_wm.l(funder.o)
    0x0800d8ee   0x0800d8ee   0x00000006   Code   RO        10933    i.__mathlib_flt_infnan2  m_wm.l(funder.o)
    0x0800d8f4   0x0800d8f4   0x00000010   Code   RO        10934    i.__mathlib_flt_invalid  m_wm.l(funder.o)
    0x0800d904   0x0800d904   0x00000010   Code   RO        10937    i.__mathlib_flt_underflow  m_wm.l(funder.o)
    0x0800d914   0x0800d914   0x0000000e   Code   RO        10799    i._is_digit         c_w.l(__printf_wp.o)
    0x0800d922   0x0800d922   0x00000002   PAD
    0x0800d924   0x0800d924   0x000000a0   Code   RO         9960    i._ui_init_default_Ungroup_0  ui_default_ungroup_0.o
    0x0800d9c4   0x0800d9c4   0x0000009c   Code   RO        10074    i._ui_init_default_Ungroup_1  ui_default_ungroup_1.o
    0x0800da60   0x0800da60   0x0000009c   Code   RO        10105    i._ui_init_default_Ungroup_2  ui_default_ungroup_2.o
    0x0800dafc   0x0800dafc   0x0000009c   Code   RO        10136    i._ui_init_default_Ungroup_3  ui_default_ungroup_3.o
    0x0800db98   0x0800db98   0x000002b8   Code   RO        10167    i._ui_init_default_Ungroup_4  ui_default_ungroup_4.o
    0x0800de50   0x0800de50   0x000000b8   Code   RO        10198    i._ui_init_default_Ungroup_5  ui_default_ungroup_5.o
    0x0800df08   0x0800df08   0x00000024   Code   RO         9962    i._ui_update_default_Ungroup_0  ui_default_ungroup_0.o
    0x0800df2c   0x0800df2c   0x00000024   Code   RO        10076    i._ui_update_default_Ungroup_1  ui_default_ungroup_1.o
    0x0800df50   0x0800df50   0x00000024   Code   RO        10107    i._ui_update_default_Ungroup_2  ui_default_ungroup_2.o
    0x0800df74   0x0800df74   0x00000024   Code   RO        10138    i._ui_update_default_Ungroup_3  ui_default_ungroup_3.o
    0x0800df98   0x0800df98   0x00000034   Code   RO        10169    i._ui_update_default_Ungroup_4  ui_default_ungroup_4.o
    0x0800dfcc   0x0800dfcc   0x00000034   Code   RO        10200    i._ui_update_default_Ungroup_5  ui_default_ungroup_5.o
    0x0800e000   0x0800e000   0x0000003c   Code   RO         1248    i.aRGB_led_show     bsp_led.o
    0x0800e03c   0x0800e03c   0x000001d0   Code   RO        10232    i.accel_comple_filter  AHRS.lib(ahrs.o)
    0x0800e20c   0x0800e20c   0x0000018c   Code   RO        10233    i.accel_update_kp_ki  AHRS.lib(ahrs.o)
    0x0800e398   0x0800e398   0x0000003c   Code   RO         1397    i.adcx_get_chx_value  bsp_adc.o
    0x0800e3d4   0x0800e3d4   0x0000016c   Code   RO        10234    i.angle_to_quat     AHRS.lib(ahrs.o)
    0x0800e540   0x0800e540   0x0000002c   Code   RO         2950    i.battery_voltage_task  voltage_task.o
    0x0800e56c   0x0800e56c   0x0000011c   Code   RO         3049    i.bmi088_accel_init  bmi088driver.o
    0x0800e688   0x0800e688   0x000002b0   Code   RO         3050    i.bmi088_accel_self_test  bmi088driver.o
    0x0800e938   0x0800e938   0x000000dc   Code   RO         3051    i.bmi088_gyro_init  bmi088driver.o
    0x0800ea14   0x0800ea14   0x000000ca   Code   RO         3052    i.bmi088_gyro_self_test  bmi088driver.o
    0x0800eade   0x0800eade   0x00000002   PAD
    0x0800eae0   0x0800eae0   0x000000f0   Code   RO         1451    i.bsp_I2C_check_ack  bsp_i2c.o
    0x0800ebd0   0x0800ebd0   0x00000034   Code   RO         1452    i.bsp_I2C_master_transmit  bsp_i2c.o
    0x0800ec04   0x0800ec04   0x00000010   Code   RO          973    i.buzzer_off        bsp_buzzer.o
    0x0800ec14   0x0800ec14   0x00000002   Code   RO          974    i.buzzer_on         bsp_buzzer.o
    0x0800ec16   0x0800ec16   0x00000002   PAD
    0x0800ec18   0x0800ec18   0x000000cc   Code   RO         2951    i.calc_battery_percentage  voltage_task.o
    0x0800ece4   0x0800ece4   0x0000002c   Code   RO        10001    i.calc_crc16        ui_interface.o
    0x0800ed10   0x0800ed10   0x00000020   Code   RO        10002    i.calc_crc8         ui_interface.o
    0x0800ed30   0x0800ed30   0x0000008c   Code   RO         1514    i.cali_data_read    calibrate_task.o
    0x0800edbc   0x0800edbc   0x0000006c   Code   RO         1515    i.cali_data_write   calibrate_task.o
    0x0800ee28   0x0800ee28   0x00000004   Code   RO         1516    i.cali_gimbal_hook  calibrate_task.o
    0x0800ee2c   0x0800ee2c   0x00000058   Code   RO         1517    i.cali_gyro_hook    calibrate_task.o
    0x0800ee84   0x0800ee84   0x00000024   Code   RO         1518    i.cali_head_hook    calibrate_task.o
    0x0800eea8   0x0800eea8   0x00000078   Code   RO         1519    i.cali_param_init   calibrate_task.o
    0x0800ef20   0x0800ef20   0x00000090   Code   RO         1520    i.calibrate_task    calibrate_task.o
    0x0800efb0   0x0800efb0   0x00000058   Code   RO         1094    i.can_filter_init   bsp_can.o
    0x0800f008   0x0800f008   0x0000067c   Code   RO         2011    i.chassis_feedback_update  chassis_task.o
    0x0800f684   0x0800f684   0x000002dc   Code   RO         2012    i.chassis_init      chassis_task.o
    0x0800f960   0x0800f960   0x00000248   Code   RO         2013    i.chassis_mode_change_control_transit  chassis_task.o
    0x0800fba8   0x0800fba8   0x00000188   Code   RO         2015    i.chassis_set_mode  chassis_task.o
    0x0800fd30   0x0800fd30   0x00000058   Code   RO         2016    i.chassis_task      chassis_task.o
    0x0800fd88   0x0800fd88   0x00000028   Code   RO         1122    i.delay_init        bsp_delay.o
    0x0800fdb0   0x0800fdb0   0x00000038   Code   RO         1124    i.delay_us          bsp_delay.o
    0x0800fde8   0x0800fde8   0x0000005c   Code   RO         2157    i.detect_hook       detect_task.o
    0x0800fe44   0x0800fe44   0x00000084   Code   RO         2158    i.detect_init       detect_task.o
    0x0800fec8   0x0800fec8   0x0000010c   Code   RO         2159    i.detect_task       detect_task.o
    0x0800ffd4   0x0800ffd4   0x00000046   Code   RO         2017    i.evaluate_polynomial  chassis_task.o
    0x0801001a   0x0801001a   0x00000018   Code   RO        10655    i.fabs              m_wm.l(fabs.o)
    0x08010032   0x08010032   0x00000084   Code   RO         3877    i.fifo_s_puts       fifo.o
    0x080100b6   0x080100b6   0x00000012   Code   RO         3686    i.first_order_filter_init  user_lib.o
    0x080100c8   0x080100c8   0x0000002a   Code   RO         1163    i.flash_erase_address  bsp_flash.o
    0x080100f2   0x080100f2   0x0000000c   Code   RO         1164    i.flash_read        bsp_flash.o
    0x080100fe   0x080100fe   0x00000002   PAD
    0x08010100   0x08010100   0x00000068   Code   RO         1166    i.flash_write_single_address  bsp_flash.o
    0x08010168   0x08010168   0x0000002a   Code   RO         1661    i.float_to_uint     can_receive.o
    0x08010192   0x08010192   0x00000002   PAD
    0x08010194   0x08010194   0x000000cc   Code   RO         1167    i.ger_sector        bsp_flash.o
    0x08010260   0x08010260   0x00000008   Code   RO         1662    i.get_Chassisdata_point  can_receive.o
    0x08010268   0x08010268   0x0000000c   Code   RO         1663    i.get_HT_motor_measure_point  can_receive.o
    0x08010274   0x08010274   0x00000008   Code   RO         2205    i.get_INS_angle_point  ins_task.o
    0x0801027c   0x0801027c   0x00000010   Code   RO         1664    i.get_LK_motor_measure_point  can_receive.o
    0x0801028c   0x0801028c   0x000000e8   Code   RO        10235    i.get_angle         AHRS.lib(ahrs.o)
    0x08010374   0x08010374   0x00000024   Code   RO         2952    i.get_battery_percentage  voltage_task.o
    0x08010398   0x08010398   0x00000034   Code   RO         1398    i.get_battery_voltage  bsp_adc.o
    0x080103cc   0x080103cc   0x0000000c   Code   RO         1521    i.get_control_temperature  calibrate_task.o
    0x080103d8   0x080103d8   0x00000008   Code   RO         2160    i.get_error_list_point  detect_task.o
    0x080103e0   0x080103e0   0x00000008   Code   RO         2208    i.get_gyro_data_point  ins_task.o
    0x080103e8   0x080103e8   0x0000006c   Code   RO         2018    i.get_jacobian_element  chassis_task.o
    0x08010454   0x08010454   0x000000d4   Code   RO         1168    i.get_next_flash_address  bsp_flash.o
    0x08010528   0x08010528   0x00000008   Code   RO         2380    i.get_remote_control_point  remote_control.o
    0x08010530   0x08010530   0x0000000c   Code   RO         2725    i.get_robot_id      referee.o
    0x0801053c   0x0801053c   0x00000008   Code   RO         1668    i.get_yaw_gimbal_lkmotor_measure_point  can_receive.o
    0x08010544   0x08010544   0x0000004c   Code   RO         2210    i.gyro_offset_calc  ins_task.o
    0x08010590   0x08010590   0x000000ec   Code   RO         2211    i.imu_cali_slove    ins_task.o
    0x0801067c   0x0801067c   0x00000124   Code   RO         2212    i.imu_cmd_spi_dma   ins_task.o
    0x080107a0   0x080107a0   0x0000000c   Code   RO         1220    i.imu_pwm_set       bsp_imu_pwm.o
    0x080107ac   0x080107ac   0x000000a8   Code   RO         2213    i.imu_temp_control  ins_task.o
    0x08010854   0x08010854   0x0000003c   Code   RO         1400    i.init_vrefint_reciprocal  bsp_adc.o
    0x08010890   0x08010890   0x00000002   Code   RO         3304    i.ist8310_GPIO_init  ist8310driver_middleware.o
    0x08010892   0x08010892   0x00000002   PAD
    0x08010894   0x08010894   0x0000001c   Code   RO         3305    i.ist8310_IIC_read_muli_reg  ist8310driver_middleware.o
    0x080108b0   0x080108b0   0x00000024   Code   RO         3306    i.ist8310_IIC_read_single_reg  ist8310driver_middleware.o
    0x080108d4   0x080108d4   0x00000024   Code   RO         3308    i.ist8310_IIC_write_single_reg  ist8310driver_middleware.o
    0x080108f8   0x080108f8   0x00000010   Code   RO         3309    i.ist8310_RST_H     ist8310driver_middleware.o
    0x08010908   0x08010908   0x00000010   Code   RO         3310    i.ist8310_RST_L     ist8310driver_middleware.o
    0x08010918   0x08010918   0x00000002   Code   RO         3311    i.ist8310_com_init  ist8310driver_middleware.o
    0x0801091a   0x0801091a   0x00000004   Code   RO         3312    i.ist8310_delay_ms  ist8310driver_middleware.o
    0x0801091e   0x0801091e   0x00000002   PAD
    0x08010920   0x08010920   0x0000007c   Code   RO         3269    i.ist8310_init      ist8310driver.o
    0x0801099c   0x0801099c   0x00000074   Code   RO         3270    i.ist8310_read_mag  ist8310driver.o
    0x08010a10   0x08010a10   0x00000118   Code   RO         2344    i.led_RGB_flow_task  led_flow_task.o
    0x08010b28   0x08010b28   0x00000046   Code   RO         3692    i.loop_fp32_constrain  user_lib.o
    0x08010b6e   0x08010b6e   0x0000006e   Code   RO           15    i.main              main.o
    0x08010bdc   0x08010bdc   0x0000000c   Code   RO         9449    i.makeFreeRtosPriority  cmsis_os.o
    0x08010be8   0x08010be8   0x000001c8   Code   RO         2999    i.oled_task         oled_task.o
    0x08010db0   0x08010db0   0x00000028   Code   RO         3398    i.oled_write_byte   oled.o
    0x08010dd8   0x08010dd8   0x00000010   Code   RO         9451    i.osDelay           cmsis_os.o
    0x08010de8   0x08010de8   0x0000000a   Code   RO         9454    i.osKernelStart     cmsis_os.o
    0x08010df2   0x08010df2   0x0000005c   Code   RO         9488    i.osThreadCreate    cmsis_os.o
    0x08010e4e   0x08010e4e   0x00000002   PAD
    0x08010e50   0x08010e50   0x00000024   Code   RO         8916    i.pcTaskGetName     tasks.o
    0x08010e74   0x08010e74   0x00000020   Code   RO        10003    i.print_message     ui_interface.o
    0x08010e94   0x08010e94   0x00000080   Code   RO         8917    i.prvAddCurrentTaskToDelayedList  tasks.o
    0x08010f14   0x08010f14   0x00000088   Code   RO         8918    i.prvAddNewTaskToReadyList  tasks.o
    0x08010f9c   0x08010f9c   0x0000005c   Code   RO         9281    i.prvCheckForValidListAndQueue  timers.o
    0x08010ff8   0x08010ff8   0x00000040   Code   RO         8919    i.prvCheckTasksWaitingTermination  tasks.o
    0x08011038   0x08011038   0x00000024   Code   RO         8570    i.prvCopyDataFromQueue  queue.o
    0x0801105c   0x0801105c   0x0000006e   Code   RO         8571    i.prvCopyDataToQueue  queue.o
    0x080110ca   0x080110ca   0x00000040   Code   RO         8920    i.prvDeleteTCB      tasks.o
    0x0801110a   0x0801110a   0x00000002   PAD
    0x0801110c   0x0801110c   0x00000024   Code   RO         9282    i.prvGetNextExpireTime  timers.o
    0x08011130   0x08011130   0x00000050   Code   RO         9828    i.prvHeapInit       heap_4.o
    0x08011180   0x08011180   0x00000028   Code   RO         8921    i.prvIdleTask       tasks.o
    0x080111a8   0x080111a8   0x00000018   Code   RO         8574    i.prvInitialiseNewQueue  queue.o
    0x080111c0   0x080111c0   0x00000098   Code   RO         8922    i.prvInitialiseNewTask  tasks.o
    0x08011258   0x08011258   0x00000060   Code   RO         8923    i.prvInitialiseTaskLists  tasks.o
    0x080112b8   0x080112b8   0x0000005c   Code   RO         9829    i.prvInsertBlockIntoFreeList  heap_4.o
    0x08011314   0x08011314   0x00000048   Code   RO         9284    i.prvInsertTimerInActiveList  timers.o
    0x0801135c   0x0801135c   0x0000001a   Code   RO         8575    i.prvIsQueueEmpty   queue.o
    0x08011376   0x08011376   0x0000001e   Code   RO         8576    i.prvIsQueueFull    queue.o
    0x08011394   0x08011394   0x00000068   Code   RO         9285    i.prvProcessExpiredTimer  timers.o
    0x080113fc   0x080113fc   0x00000110   Code   RO         9286    i.prvProcessReceivedCommands  timers.o
    0x0801150c   0x0801150c   0x0000006c   Code   RO         9287    i.prvProcessTimerOrBlockTask  timers.o
    0x08011578   0x08011578   0x00000024   Code   RO         8924    i.prvResetNextTaskUnblockTime  tasks.o
    0x0801159c   0x0801159c   0x0000002c   Code   RO         9288    i.prvSampleTimeNow  timers.o
    0x080115c8   0x080115c8   0x0000006e   Code   RO         8925    i.prvSearchForNameWithinSingleList  tasks.o
    0x08011636   0x08011636   0x00000002   PAD
    0x08011638   0x08011638   0x00000078   Code   RO         9289    i.prvSwitchTimerLists  timers.o
    0x080116b0   0x080116b0   0x00000018   Code   RO         8926    i.prvTaskCheckFreeStackSpace  tasks.o
    0x080116c8   0x080116c8   0x00000030   Code   RO         9884    i.prvTaskExitError  port.o
    0x080116f8   0x080116f8   0x00000014   Code   RO         9290    i.prvTimerTask      timers.o
    0x0801170c   0x0801170c   0x00000068   Code   RO         8577    i.prvUnlockQueue    queue.o
    0x08011774   0x08011774   0x000000e8   Code   RO         9830    i.pvPortMalloc      heap_4.o
    0x0801185c   0x0801185c   0x0000002c   Code   RO         9885    i.pxPortInitialiseStack  port.o
    0x08011888   0x08011888   0x00000084   Code   RO        10240    i.quat_normalization  AHRS.lib(ahrs.o)
    0x0801190c   0x0801190c   0x00000010   Code   RO         2381    i.remote_control_init  remote_control.o
    0x0801191c   0x0801191c   0x00000036   Code   RO         2916    i.robot_id_to_enemy_color  can_task.o
    0x08011952   0x08011952   0x000000b4   Code   RO         2382    i.sbus_to_rc        remote_control.o
    0x08011a06   0x08011a06   0x00000024   Code   RO         2888    i.send_setpower_task  set_power_task.o
    0x08011a2a   0x08011a2a   0x0000003e   Code   RO        10691    i.sqrtf             m_wm.l(sqrtf_full.o)
    0x08011a68   0x08011a68   0x00000104   Code   RO         2446    i.test_task         test_task.o
    0x08011b6c   0x08011b6c   0x00000018   Code   RO         2161    i.toe_is_error      detect_task.o
    0x08011b84   0x08011b84   0x00000050   Code   RO        10004    i.ui_proc_1_frame   ui_interface.o
    0x08011bd4   0x08011bd4   0x00000050   Code   RO        10007    i.ui_proc_7_frame   ui_interface.o
    0x08011c24   0x08011c24   0x00000060   Code   RO        10008    i.ui_proc_string_frame  ui_interface.o
    0x08011c84   0x08011c84   0x00000028   Code   RO         1670    i.uint_to_float     can_receive.o
    0x08011cac   0x08011cac   0x00000068   Code   RO         8929    i.ulTaskNotifyTake  tasks.o
    0x08011d14   0x08011d14   0x0000007a   Code   RO        10241    i.update_w          AHRS.lib(ahrs.o)
    0x08011d8e   0x08011d8e   0x00000026   Code   RO         8530    i.uxListRemove      list.o
    0x08011db4   0x08011db4   0x00000014   Code   RO         8932    i.uxTaskGetStackHighWaterMark  tasks.o
    0x08011dc8   0x08011dc8   0x00000014   Code   RO          331    i.vApplicationGetIdleTaskMemory  freertos.o
    0x08011ddc   0x08011ddc   0x00000018   Code   RO          332    i.vApplicationGetTimerTaskMemory  freertos.o
    0x08011df4   0x08011df4   0x00000016   Code   RO         8531    i.vListInitialise   list.o
    0x08011e0a   0x08011e0a   0x00000006   Code   RO         8532    i.vListInitialiseItem  list.o
    0x08011e10   0x08011e10   0x00000036   Code   RO         8533    i.vListInsert       list.o
    0x08011e46   0x08011e46   0x00000018   Code   RO         8534    i.vListInsertEnd    list.o
    0x08011e5e   0x08011e5e   0x00000002   PAD
    0x08011e60   0x08011e60   0x00000040   Code   RO         9887    i.vPortEnterCritical  port.o
    0x08011ea0   0x08011ea0   0x0000002c   Code   RO         9888    i.vPortExitCritical  port.o
    0x08011ecc   0x08011ecc   0x00000064   Code   RO         9831    i.vPortFree         heap_4.o
    0x08011f30   0x08011f30   0x00000024   Code   RO         9889    i.vPortSetupTimerInterrupt  port.o
    0x08011f54   0x08011f54   0x00000054   Code   RO         9890    i.vPortValidateInterruptPriority  port.o
    0x08011fa8   0x08011fa8   0x00000028   Code   RO         8581    i.vQueueAddToRegistry  queue.o
    0x08011fd0   0x08011fd0   0x0000004a   Code   RO         8584    i.vQueueWaitForMessageRestricted  queue.o
    0x0801201a   0x0801201a   0x00000002   PAD
    0x0801201c   0x0801201c   0x00000050   Code   RO         8936    i.vTaskDelay        tasks.o
    0x0801206c   0x0801206c   0x00000010   Code   RO         8940    i.vTaskInternalSetTimeOutState  tasks.o
    0x0801207c   0x0801207c   0x0000000c   Code   RO         8941    i.vTaskMissedYield  tasks.o
    0x08012088   0x08012088   0x000000bc   Code   RO         8942    i.vTaskNotifyGiveFromISR  tasks.o
    0x08012144   0x08012144   0x00000034   Code   RO         8943    i.vTaskPlaceOnEventList  tasks.o
    0x08012178   0x08012178   0x0000003c   Code   RO         8944    i.vTaskPlaceOnEventListRestricted  tasks.o
    0x080121b4   0x080121b4   0x00000090   Code   RO         8951    i.vTaskStartScheduler  tasks.o
    0x08012244   0x08012244   0x00000010   Code   RO         8953    i.vTaskSuspendAll   tasks.o
    0x08012254   0x08012254   0x00000060   Code   RO         8954    i.vTaskSwitchContext  tasks.o
    0x080122b4   0x080122b4   0x00000104   Code   RO         9891    i.xPortStartScheduler  port.o
    0x080123b8   0x080123b8   0x0000002c   Code   RO         9892    i.xPortSysTickHandler  port.o
    0x080123e4   0x080123e4   0x00000070   Code   RO         8588    i.xQueueGenericCreateStatic  queue.o
    0x08012454   0x08012454   0x00000090   Code   RO         8589    i.xQueueGenericReset  queue.o
    0x080124e4   0x080124e4   0x00000170   Code   RO         8590    i.xQueueGenericSend  queue.o
    0x08012654   0x08012654   0x000000be   Code   RO         8591    i.xQueueGenericSendFromISR  queue.o
    0x08012712   0x08012712   0x00000002   PAD
    0x08012714   0x08012714   0x00000148   Code   RO         8599    i.xQueueReceive     queue.o
    0x0801285c   0x0801285c   0x00000098   Code   RO         8957    i.xTaskCheckForTimeOut  tasks.o
    0x080128f4   0x080128f4   0x0000006c   Code   RO         8958    i.xTaskCreate       tasks.o
    0x08012960   0x08012960   0x00000060   Code   RO         8959    i.xTaskCreateStatic  tasks.o
    0x080129c0   0x080129c0   0x0000008c   Code   RO         8963    i.xTaskGetHandle    tasks.o
    0x08012a4c   0x08012a4c   0x0000001c   Code   RO         8964    i.xTaskGetSchedulerState  tasks.o
    0x08012a68   0x08012a68   0x0000000c   Code   RO         8965    i.xTaskGetTickCount  tasks.o
    0x08012a74   0x08012a74   0x000000d4   Code   RO         8967    i.xTaskIncrementTick  tasks.o
    0x08012b48   0x08012b48   0x0000009c   Code   RO         8970    i.xTaskPriorityDisinherit  tasks.o
    0x08012be4   0x08012be4   0x00000078   Code   RO         8972    i.xTaskRemoveFromEventList  tasks.o
    0x08012c5c   0x08012c5c   0x000000cc   Code   RO         8973    i.xTaskResumeAll    tasks.o
    0x08012d28   0x08012d28   0x00000068   Code   RO         9297    i.xTimerCreateTimerTask  timers.o
    0x08012d90   0x08012d90   0x00000074   Code   RO         9298    i.xTimerGenericCommand  timers.o
    0x08012e04   0x08012e04   0x0000002c   Code   RO        11077    locale$$code        c_w.l(lc_numeric_c.o)
    0x08012e30   0x08012e30   0x0000002c   Code   RO        11110    locale$$code        c_w.l(lc_ctype_c.o)
    0x08012e5c   0x08012e5c   0x00000018   Code   RO        10563    x$fpl$basic         g_wm.l(basic.o)
    0x08012e74   0x08012e74   0x000002c4   Code   RO        10565    x$fpl$d2f           g_wm.l(d2f_clz.o)
    0x08013138   0x08013138   0x0000024c   Code   RO        10567    x$fpl$dadd          g_wm.l(daddsub_clz.o)
    0x08013384   0x08013384   0x00000018   Code   RO        10879    x$fpl$dcmpinf       g_wm.l(dcmpi.o)
    0x0801339c   0x0801339c   0x0000037c   Code   RO        10574    x$fpl$ddiv          g_wm.l(ddiv_clz.o)
    0x08013718   0x08013718   0x000000c8   Code   RO        11025    x$fpl$dfix          g_wm.l(dfix.o)
    0x080137e0   0x080137e0   0x0000002e   Code   RO        10578    x$fpl$dflt          g_wm.l(dflt_clz.o)
    0x0801380e   0x0801380e   0x0000001a   Code   RO        10579    x$fpl$dfltn         g_wm.l(dflt_clz.o)
    0x08013828   0x08013828   0x00000026   Code   RO        10577    x$fpl$dfltu         g_wm.l(dflt_clz.o)
    0x0801384e   0x0801384e   0x00000002   PAD
    0x08013850   0x08013850   0x00000078   Code   RO        10583    x$fpl$dleqf         g_wm.l(dleqf.o)
    0x080138c8   0x080138c8   0x000001c0   Code   RO        10585    x$fpl$dmul          g_wm.l(dmul_clz.o)
    0x08013a88   0x08013a88   0x00000102   Code   RO        10881    x$fpl$dnaninf       g_wm.l(dnaninf.o)
    0x08013b8a   0x08013b8a   0x00000070   Code   RO        10883    x$fpl$drenorm       g_wm.l(drenorm_clz.o)
    0x08013bfa   0x08013bfa   0x0000000c   Code   RO        10885    x$fpl$dretinf       g_wm.l(dretinf.o)
    0x08013c06   0x08013c06   0x00000062   Code   RO        10587    x$fpl$drleqf        g_wm.l(drleqf.o)
    0x08013c68   0x08013c68   0x00000050   Code   RO        10568    x$fpl$drsb          g_wm.l(daddsub_clz.o)
    0x08013cb8   0x08013cb8   0x00000208   Code   RO        10887    x$fpl$dsqrt         g_wm.l(dsqrt_umaalclz.o)
    0x08013ec0   0x08013ec0   0x0000029c   Code   RO        10569    x$fpl$dsub          g_wm.l(daddsub_clz.o)
    0x0801415c   0x0801415c   0x0000017a   Code   RO        10889    x$fpl$dunder        g_wm.l(dunder_clz.o)
    0x080142d6   0x080142d6   0x00000002   PAD
    0x080142d8   0x080142d8   0x000001ec   Code   RO        10891    x$fpl$exception     g_wm.l(except.o)
    0x080144c4   0x080144c4   0x0000007a   Code   RO        10589    x$fpl$f2d           g_wm.l(f2d.o)
    0x0801453e   0x0801453e   0x000000f2   Code   RO        10893    x$fpl$fnaninf       g_wm.l(fnaninf.o)
    0x08014630   0x08014630   0x0000000a   Code   RO        11029    x$fpl$fpinit        g_wm.l(fpinit.o)
    0x0801463a   0x0801463a   0x0000000a   Code   RO        10895    x$fpl$fretinf       g_wm.l(fretinf.o)
    0x08014644   0x08014644   0x0000013c   Code   RO        10897    x$fpl$funder        g_wm.l(funder_clz.o)
    0x08014780   0x08014780   0x00000020   Code   RO        11099    x$fpl$ieeestatus    g_wm.l(istatus.o)
    0x080147a0   0x080147a0   0x00000004   Code   RO        10899    x$fpl$printf1       g_wm.l(printf1.o)
    0x080147a4   0x080147a4   0x00000004   Code   RO        10901    x$fpl$printf2       g_wm.l(printf2.o)
    0x080147a8   0x080147a8   0x000000b2   Code   RO        11031    x$fpl$retnan        g_wm.l(retnan.o)
    0x0801485a   0x0801485a   0x0000007e   Code   RO        10907    x$fpl$trapveneer    g_wm.l(trapv.o)
    0x080148d8   0x080148d8   0x00000000   Code   RO        10909    x$fpl$usenofp       g_wm.l(usenofp.o)
    0x080148d8   0x080148d8   0x00000118   Data   RO          334    .constdata          freertos.o
    0x080149f0   0x080149f0   0x00000010   Data   RO          937    .constdata          system_stm32f4xx.o
    0x08014a00   0x08014a00   0x00000008   Data   RO          938    .constdata          system_stm32f4xx.o
    0x08014a08   0x08014a08   0x0000000f   Data   RO         1528    .constdata          calibrate_task.o
    0x08014a17   0x08014a17   0x00000001   PAD
    0x08014a18   0x08014a18   0x00000014   Data   RO         2021    .constdata          chassis_task.o
    0x08014a2c   0x08014a2c   0x00000054   Data   RO         2163    .constdata          detect_task.o
    0x08014a80   0x08014a80   0x0000000c   Data   RO         2217    .constdata          ins_task.o
    0x08014a8c   0x08014a8c   0x00000018   Data   RO         3000    .constdata          oled_task.o
    0x08014aa4   0x08014aa4   0x00000018   Data   RO         3001    .constdata          oled_task.o
    0x08014abc   0x08014abc   0x00000018   Data   RO         3002    .constdata          oled_task.o
    0x08014ad4   0x08014ad4   0x00000030   Data   RO         3003    .constdata          oled_task.o
    0x08014b04   0x08014b04   0x00000012   Data   RO         3057    .constdata          bmi088driver.o
    0x08014b16   0x08014b16   0x0000000c   Data   RO         3272    .constdata          ist8310driver.o
    0x08014b22   0x08014b22   0x00000874   Data   RO         3400    .constdata          oled.o
    0x08015396   0x08015396   0x00000008   Data   RO         4948    .constdata          stm32f4xx_hal_dma.o
    0x0801539e   0x0801539e   0x00000300   Data   RO        10009    .constdata          ui_interface.o
    0x0801569e   0x0801569e   0x00000002   PAD
    0x080156a0   0x080156a0   0x0000000c   Data   RO        10242    .constdata          AHRS.lib(ahrs.o)
    0x080156ac   0x080156ac   0x00000804   Data   RO        10452    .constdata          arm_cortexM4lf_math.lib(arm_common_tables.o)
    0x08015eb0   0x08015eb0   0x00000098   Data   RO        10618    .constdata          m_wm.l(atan.o)
    0x08015f48   0x08015f48   0x00000008   Data   RO        10758    .constdata          c_w.l(_printf_wctomb.o)
    0x08015f50   0x08015f50   0x00000028   Data   RO        10787    .constdata          c_w.l(_printf_hex_int_ll_ptr.o)
    0x08015f78   0x08015f78   0x00000011   Data   RO        10807    .constdata          c_w.l(__printf_flags_ss_wp.o)
    0x08015f89   0x08015f89   0x00000007   PAD
    0x08015f90   0x08015f90   0x00000030   Data   RO        10911    .constdata          m_wm.l(cos_i.o)
    0x08015fc0   0x08015fc0   0x000000c8   Data   RO        10949    .constdata          m_wm.l(rred.o)
    0x08016088   0x08016088   0x00000028   Data   RO        10956    .constdata          m_wm.l(sin_i.o)
    0x080160b0   0x080160b0   0x00000026   Data   RO        11005    .constdata          c_w.l(_printf_fp_hex.o)
    0x080160d6   0x080160d6   0x00000002   PAD
    0x080160d8   0x080160d8   0x00000094   Data   RO        11052    .constdata          c_w.l(bigflt0.o)
    0x0801616c   0x0801616c   0x0000005d   Data   RO          335    .conststring        freertos.o
    0x080161c9   0x080161c9   0x00000003   PAD
    0x080161cc   0x080161cc   0x00000020   Data   RO        11164    Region$$Table       anon$$obj.o
    0x080161ec   0x080161ec   0x0000001c   Data   RO        11076    locale$$data        c_w.l(lc_numeric_c.o)
    0x08016208   0x08016208   0x00000110   Data   RO        11109    locale$$data        c_w.l(lc_ctype_c.o)


    Execution Region RW_IRAM1 (Exec base: 0x20000000, Load base: 0x08016318, Size: 0x0000d4b8, Max: 0x00020000, ABSOLUTE, COMPRESSED[0x0000048c])

    Exec Addr    Load Addr    Size         Type   Attr      Idx    E Section Name        Object

    0x20000000   COMPRESSED   0x00000028   Data   RW          336    .data               freertos.o
    0x20000028   COMPRESSED   0x00000004   Data   RW          455    .data               can.o
    0x2000002c   COMPRESSED   0x00000004   Data   RW          939    .data               system_stm32f4xx.o
    0x20000030   COMPRESSED   0x00000008   Data   RW         1125    .data               bsp_delay.o
    0x20000038   COMPRESSED   0x00000010   Data   RW         1169    .data               bsp_flash.o
    0x20000048   COMPRESSED   0x00000008   Data   RW         1249    .data               bsp_led.o
    0x20000050   COMPRESSED   0x00000004   Data   RW         1402    .data               bsp_adc.o
    0x20000054   COMPRESSED   0x00000054   Data   RW         1529    .data               calibrate_task.o
    0x200000a8   COMPRESSED   0x0000000b   Data   RW         1672    .data               can_receive.o
    0x200000b3   COMPRESSED   0x00000001   PAD
    0x200000b4   COMPRESSED   0x00000170   Data   RW         2022    .data               chassis_task.o
    0x20000224   COMPRESSED   0x0000000c   Data   RW         2164    .data               detect_task.o
    0x20000230   COMPRESSED   0x000000a0   Data   RW         2219    .data               ins_task.o
    0x200002d0   COMPRESSED   0x0000001c   Data   RW         2345    .data               led_flow_task.o
    0x200002ec   COMPRESSED   0x00000002   Data   RW         2386    .data               remote_control.o
    0x200002ee   COMPRESSED   0x00000002   PAD
    0x200002f0   COMPRESSED   0x00000004   Data   RW         2448    .data               test_task.o
    0x200002f4   COMPRESSED   0x00000002   Data   RW         2794    .data               referee_usart_task.o
    0x200002f6   COMPRESSED   0x00000002   PAD
    0x200002f8   COMPRESSED   0x00000008   Data   RW         2953    .data               voltage_task.o
    0x20000300   COMPRESSED   0x00000018   Data   RW         3004    .data               oled_task.o
    0x20000318   COMPRESSED   0x0000002c   Data   RW         3058    .data               bmi088driver.o
    0x20000344   COMPRESSED   0x00000008   Data   RW         3401    .data               oled.o
    0x2000034c   COMPRESSED   0x000003c4   Data   RW         4070    .data               lqr.o
    0x20000710   COMPRESSED   0x0000000c   Data   RW         5388    .data               stm32f4xx_hal.o
    0x2000071c   COMPRESSED   0x0000003c   Data   RW         8976    .data               tasks.o
    0x20000758   COMPRESSED   0x00000014   Data   RW         9306    .data               timers.o
    0x2000076c   COMPRESSED   0x00000020   Data   RW         9837    .data               heap_4.o
    0x2000078c   COMPRESSED   0x0000000c   Data   RW         9893    .data               port.o
    0x20000798   COMPRESSED   0x00000004   Data   RW         9964    .data               ui_default_ungroup_0.o
    0x2000079c   COMPRESSED   0x00000008   Data   RW        10010    .data               ui_interface.o
    0x200007a4   COMPRESSED   0x00000004   Data   RW        10078    .data               ui_default_ungroup_1.o
    0x200007a8   COMPRESSED   0x00000004   Data   RW        10109    .data               ui_default_ungroup_2.o
    0x200007ac   COMPRESSED   0x00000004   Data   RW        10140    .data               ui_default_ungroup_3.o
    0x200007b0   COMPRESSED   0x0000001c   Data   RW        10171    .data               ui_default_ungroup_4.o
    0x200007cc   COMPRESSED   0x00000004   Data   RW        10202    .data               ui_default_ungroup_5.o
    0x200007d0   COMPRESSED   0x00000010   Data   RW        10243    .data               AHRS.lib(ahrs.o)
    0x200007e0        -       0x000006a8   Zero   RW          333    .bss                freertos.o
    0x20000e88        -       0x00000090   Zero   RW          406    .bss                adc.o
    0x20000f18        -       0x00000050   Zero   RW          454    .bss                can.o
    0x20000f68        -       0x000000fc   Zero   RW          528    .bss                i2c.o
    0x20001064        -       0x00000118   Zero   RW          580    .bss                spi.o
    0x2000117c        -       0x00000020   Zero   RW          622    .bss                rtc.o
    0x2000119c        -       0x00000168   Zero   RW          669    .bss                tim.o
    0x20001304        -       0x00000258   Zero   RW          738    .bss                usart.o
    0x2000155c        -       0x00000010   Zero   RW         1401    .bss                bsp_adc.o
    0x2000156c        -       0x00000014   Zero   RW         1523    .bss                calibrate_task.o
    0x20001580        -       0x00000018   Zero   RW         1524    .bss                calibrate_task.o
    0x20001598        -       0x00000018   Zero   RW         1525    .bss                calibrate_task.o
    0x200015b0        -       0x00000018   Zero   RW         1526    .bss                calibrate_task.o
    0x200015c8        -       0x000000b9   Zero   RW         1527    .bss                calibrate_task.o
    0x20001681   COMPRESSED   0x00000003   PAD
    0x20001684        -       0x00000164   Zero   RW         1671    .bss                can_receive.o
    0x200017e8        -       0x0000062c   Zero   RW         2019    .bss                chassis_task.o
    0x20001e14        -       0x0000021c   Zero   RW         2162    .bss                detect_task.o
    0x20002030        -       0x0000011c   Zero   RW         2214    .bss                ins_task.o
    0x2000214c        -       0x0000005e   Zero   RW         2385    .bss                remote_control.o
    0x200021aa   COMPRESSED   0x00000002   PAD
    0x200021ac        -       0x00000114   Zero   RW         2557    .bss                gimbal_task.o
    0x200022c0        -       0x00000055   Zero   RW         2730    .bss                referee.o
    0x20002315   COMPRESSED   0x00000003   PAD
    0x20002318        -       0x000008a1   Zero   RW         2793    .bss                referee_usart_task.o
    0x20002bb9        -       0x00000417   Zero   RW         3399    .bss                oled.o
    0x20002fd0        -       0x000000a0   Zero   RW         4069    .bss                lqr.o
    0x20003070        -       0x00000020   Zero   RW         4602    .bss                stm32f4xx_hal_flash.o
    0x20003090        -       0x00000040   Zero   RW         8602    .bss                queue.o
    0x200030d0        -       0x000000f0   Zero   RW         8975    .bss                tasks.o
    0x200031c0        -       0x00000110   Zero   RW         9305    .bss                timers.o
    0x200032d0        -       0x00006000   Zero   RW         9836    .bss                heap_4.o
    0x200092d0        -       0x0000003c   Zero   RW         9963    .bss                ui_default_ungroup_0.o
    0x2000930c        -       0x0000003c   Zero   RW        10077    .bss                ui_default_ungroup_1.o
    0x20009348        -       0x0000003c   Zero   RW        10108    .bss                ui_default_ungroup_2.o
    0x20009384        -       0x0000003c   Zero   RW        10139    .bss                ui_default_ungroup_3.o
    0x200093c0        -       0x00000078   Zero   RW        10170    .bss                ui_default_ungroup_4.o
    0x20009438        -       0x0000001e   Zero   RW        10201    .bss                ui_default_ungroup_5.o
    0x20009456   COMPRESSED   0x00000002   PAD
    0x20009458        -       0x00000060   Zero   RW        10964    .bss                c_w.l(libspace.o)
    0x200094b8        -       0x00002000   Zero   RW            2    HEAP                startup_stm32f407xx.o
    0x2000b4b8        -       0x00002000   Zero   RW            1    STACK               startup_stm32f407xx.o


==============================================================================

Image component sizes


      Code (inc. data)   RO Data    RW Data    ZI Data      Debug   Object Name

       324         40          0          0        144       2362   adc.o
        70          6          0          0          0       5148   ahrs_middleware.o
      2144         36         18         44          0      11055   bmi088driver.o
       108         28          0          0          0       4724   bmi088middleware.o
       172         32          0          4         16       2449   bsp_adc.o
        18          6          0          0          0     621513   bsp_buzzer.o
        88          8          0          0          0        594   bsp_can.o
        96         20          0          8          0       1312   bsp_delay.o
       574         96          0         16          0       4313   bsp_flash.o
       380         46          0          0          0       2762   bsp_i2c.o
        12          4          0          0          0        510   bsp_imu_pwm.o
        60          8          0          8          0        624   bsp_led.o
       188         28          0          0          0       2039   bsp_rc.o
      6488         86          0          0          0       5442   bsp_spi.o
      1204         66         15         84        277      12486   calibrate_task.o
       392         42          0          4         80       2518   can.o
      1970        226          0         11        356     617958   can_receive.o
        98         24          0          0          0       1718   can_task.o
         0          0          0          0          0       4532   chassis_behaviour.o
      9220        520         20        368       1580      29545   chassis_task.o
       130          0          0          0          0      22987   cmsis_os.o
       524         36         84         12        540       3881   detect_task.o
       140          4          0          0          0        846   dma.o
         0          0          0          0          0      19724   event_groups.o
       132          0          0          0          0       7910   fifo.o
       280         18        373         40       1704       3915   freertos.o
         0          0          0          0        276       7473   gimbal_task.o
       348         20          0          0          0       1151   gpio.o
       504         32          0         32      24576       5087   heap_4.o
       504         80          0          0        252       3123   i2c.o
      2912        156         12        160        284      19696   ins_task.o
       240         10         12          0          0       2714   ist8310driver.o
       140         28          0          0          0       5147   ist8310driver_middleware.o
       280         10          0         28          0       1945   led_flow_task.o
       144          0          0          0          0       3646   list.o
       144          8          0        964        160       1377   lqr.o
       260          8          0          0          0     802116   main.o
       932         58       2164          8       1047      11475   oled.o
       456         22        120         24          0       2982   oled_task.o
       444         10          0          0          0       2650   pid.o
       814         92          0         12          0      12137   port.o
      1586         24          0          0         64      17808   queue.o
        12          6          0          0         85       1614   referee.o
       196         22          0          2       2209       2767   referee_usart_task.o
       412         34          0          2         94       3271   remote_control.o
       116         22          0          0         32       1563   rtc.o
        36          0          0          0          0       1089   set_power_task.o
         0          0          0          0          0       4996   shoot.o
       344         32          0          0        280       1931   spi.o
        64         26        392          0      16384        856   startup_stm32f407xx.o
       148         24          0         12          0       8845   stm32f4xx_hal.o
      1262         42          0          0          0       5398   stm32f4xx_hal_adc.o
      1992          6          0          0          0      15159   stm32f4xx_hal_can.o
       208         16          0          0          0      33591   stm32f4xx_hal_cortex.o
      1104         18          8          0          0       5899   stm32f4xx_hal_dma.o
       568         74          0          0         32       6190   stm32f4xx_hal_flash.o
       380         24          0          0          0       3406   stm32f4xx_hal_flash_ex.o
       594         24          0          0          0       3035   stm32f4xx_hal_gpio.o
      3462         66          0          0          0      16308   stm32f4xx_hal_i2c.o
        56          4          0          0          0        854   stm32f4xx_hal_msp.o
      1722        104          0          0          0       6600   stm32f4xx_hal_rcc.o
       380         34          0          0          0       1540   stm32f4xx_hal_rcc_ex.o
       334          4          0          0          0       3451   stm32f4xx_hal_rtc.o
      1074         16          0          0          0       5057   stm32f4xx_hal_spi.o
      1798         56          0          0          0      13855   stm32f4xx_hal_tim.o
       154          0          0          0          0       1456   stm32f4xx_hal_tim_ex.o
      1720          8          0          0          0      12020   stm32f4xx_hal_uart.o
       132         36          0          0          0       8071   stm32f4xx_it.o
        84         18         24          4          0       1191   system_stm32f4xx.o
      2902        244          0         60        240      34589   tasks.o
       260         30          0          4          0       1737   test_task.o
      1180        114          0          0        360       5610   tim.o
      1088         94          0         20        272      31039   timers.o
       196         32          0          4         60       5819   ui_default_ungroup_0.o
       192         26          0          4         60       1955   ui_default_ungroup_1.o
       192         26          0          4         60       1954   ui_default_ungroup_2.o
       192         26          0          4         60       1955   ui_default_ungroup_3.o
       748         14          0         28        120       2793   ui_default_ungroup_4.o
       236         16          0          4         30       2143   ui_default_ungroup_5.o
       364         30        768          8          0       5029   ui_interface.o
       760         78          0          0        600       3584   usart.o
        88          0          0          0          0       2592   user_lib.o
       284         64          0          8          0       2289   voltage_task.o

    ----------------------------------------------------------------------
     61626       3448       4048       2000      52344    2566495   Object Totals
         0          0         32          0          0          0   (incl. Generated)
        72          0          6          5         10          0   (incl. Padding)

    ----------------------------------------------------------------------

      Code (inc. data)   RO Data    RW Data    ZI Data      Debug   Library Member Name

      2718         84         12         16          0       9922   ahrs.o
         0          0       2052          0          0       4636   arm_common_tables.o
       120         12          0          0          0      16970   arm_cos_f32.o
       116         12          0          0          0        658   arm_sin_f32.o
       100          0          0          0          0          0   __dclz77c.o
         8          0          0          0          0         68   __main.o
       392          4         17          0          0         92   __printf_flags_ss_wp.o
        14          0          0          0          0         68   __printf_wp.o
         0          0          0          0          0          0   __rtentry.o
        12          0          0          0          0          0   __rtentry2.o
         6          0          0          0          0          0   __rtentry4.o
        52          8          0          0          0          0   __scatter.o
        28          0          0          0          0          0   __scatter_zi.o
        48          4          0          0          0         84   _fptrap.o
         6          0          0          0          0          0   _printf_a.o
         6          0          0          0          0          0   _printf_c.o
        44          0          0          0          0        108   _printf_char.o
        48          6          0          0          0         96   _printf_char_common.o
        40          0          0          0          0         68   _printf_charcount.o
         6          0          0          0          0          0   _printf_d.o
       120         16          0          0          0         92   _printf_dec.o
         6          0          0          0          0          0   _printf_e.o
         6          0          0          0          0          0   _printf_f.o
      1054          0          0          0          0        216   _printf_fp_dec.o
       764          8         38          0          0        100   _printf_fp_hex.o
       128         16          0          0          0         84   _printf_fp_infnan.o
         6          0          0          0          0          0   _printf_g.o
       148          4         40          0          0        160   _printf_hex_int_ll_ptr.o
         6          0          0          0          0          0   _printf_i.o
       178          0          0          0          0         88   _printf_intcommon.o
        10          0          0          0          0          0   _printf_l.o
         6          0          0          0          0          0   _printf_lc.o
        10          0          0          0          0          0   _printf_ll.o
         6          0          0          0          0          0   _printf_lld.o
         6          0          0          0          0          0   _printf_lli.o
         6          0          0          0          0          0   _printf_llo.o
         6          0          0          0          0          0   _printf_llu.o
         6          0          0          0          0          0   _printf_llx.o
       124         16          0          0          0         92   _printf_longlong_dec.o
         6          0          0          0          0          0   _printf_ls.o
         6          0          0          0          0          0   _printf_n.o
         6          0          0          0          0          0   _printf_o.o
       112         10          0          0          0        124   _printf_oct_int_ll.o
         6          0          0          0          0          0   _printf_p.o
        78          0          0          0          0        108   _printf_pad.o
         0          0          0          0          0          0   _printf_percent.o
         4          0          0          0          0          0   _printf_percent_end.o
         6          0          0          0          0          0   _printf_s.o
        82          0          0          0          0         80   _printf_str.o
        36          0          0          0          0         84   _printf_truncate.o
         6          0          0          0          0          0   _printf_u.o
        44          0          0          0          0        108   _printf_wchar.o
       188          6          8          0          0         92   _printf_wctomb.o
         6          0          0          0          0          0   _printf_x.o
        22          0          0          0          0        100   _rserrno.o
        10          0          0          0          0         68   _sputc.o
        64          0          0          0          0         92   _wcrtomb.o
        16          0          0          0          0         68   aeabi_memset.o
       228          4        148          0          0         96   bigflt0.o
      1936        128          0          0          0        672   btod.o
        10          0          0          0          0         68   defsig_exit.o
       172        110          0          0          0         76   defsig_fpe_inner.o
        14          0          0          0          0         80   defsig_fpe_outer.o
        50          0          0          0          0         88   defsig_general.o
        18          0          0          0          0         80   exit.o
         6          0          0          0          0        152   heapauxi.o
         0          0          0          0          0          0   indicate_semi.o
        44         10        272          0          0         76   lc_ctype_c.o
        44         10         28          0          0         76   lc_numeric_c.o
         2          0          0          0          0          0   libinit.o
        34          0          0          0          0          0   libinit2.o
         2          0          0          0          0          0   libshutdown.o
         2          0          0          0          0          0   libshutdown2.o
         8          4          0          0         96         68   libspace.o
       138          0          0          0          0         80   lludiv10.o
       238          0          0          0          0        100   lludivv7m.o
        16          4          0          0          0         76   rt_ctype_table.o
         8          4          0          0          0         68   rt_errno_addr_intlibspace.o
         8          4          0          0          0         68   rt_locale_intlibspace.o
        68          0          0          0          0         68   rt_memclr.o
        78          0          0          0          0         80   rt_memclr_w.o
       138          0          0          0          0         68   rt_memcpy_v6.o
       100          0          0          0          0         80   rt_memcpy_w.o
         2          0          0          0          0          0   rtexit.o
        10          0          0          0          0          0   rtexit2.o
       128          0          0          0          0         68   strcmpv7m.o
        72          0          0          0          0         80   strcpy.o
        62          0          0          0          0         76   strlen.o
        12          4          0          0          0         68   sys_exit.o
        74          0          0          0          0         80   sys_stackheap_outer.o
        14          0          0          0          0         76   sys_wrch.o
         2          0          0          0          0         68   use_no_semi.o
        36          4          0          0          0         76   vsprintf.o
        24          0          0          0          0        164   basic.o
       708         16          0          0          0        140   d2f_clz.o
      1336         32          0          0          0        532   daddsub_clz.o
        24          0          0          0          0        116   dcmpi.o
       892        152          0          0          0        292   ddiv_clz.o
       200         16          0          0          0        184   dfix.o
       110          0          0          0          0        348   dflt_clz.o
       120          8          0          0          0        140   dleqf.o
       448         16          0          0          0        164   dmul_clz.o
       258          4          0          0          0        156   dnaninf.o
       112          0          0          0          0        160   drenorm_clz.o
        12          0          0          0          0        116   dretinf.o
        98          0          0          0          0        128   drleqf.o
       520         56          0          0          0        180   dsqrt_umaalclz.o
       378          0          0          0          0        168   dunder_clz.o
       492         36          0          0          0        148   except.o
       122          8          0          0          0        132   f2d.o
       242          4          0          0          0        144   fnaninf.o
        10          0          0          0          0        116   fpinit.o
        10          0          0          0          0        116   fretinf.o
       316          0          0          0          0        132   funder_clz.o
        32          4          0          0          0        116   istatus.o
         4          0          0          0          0        116   printf1.o
         4          0          0          0          0        116   printf2.o
       178          0          0          0          0        116   retnan.o
       126          0          0          0          0        148   trapv.o
         0          0          0          0          0          0   usenofp.o
       300         42          0          0          0        176   asinf.o
       728        106        152          0          0        228   atan.o
       592         90          0          0          0        184   atan2f.o
       200         20          0          0          0        164   cos.o
       368         46         48          0          0        200   cos_i.o
        84         16          0          0          0        372   dunder.o
        44          0          0          0          0        248   fabs.o
        48          0          0          0          0        124   fpclassify.o
        38          0          0          0          0        116   fpclassifyf.o
        44         12          0          0          0        464   funder.o
       248          0          0          0          0        152   poly.o
      1080        142        200          0          0        188   rred.o
       200         20          0          0          0        164   sin.o
       304         24         40          0          0        208   sin_i.o
       122          0          0          0          0        148   sqrt_full.o
       120          0          0          0          0        272   sqrtf_full.o

    ----------------------------------------------------------------------
     22166       1362       3064         16         96      45134   Library Totals
        38          0          9          0          0          0   (incl. Padding)

    ----------------------------------------------------------------------

      Code (inc. data)   RO Data    RW Data    ZI Data      Debug   Library Name

      2718         84         12         16          0       9922   AHRS.lib
       236         24       2052          0          0      22264   arm_cortexM4lf_math.lib
      7878        384        551          0         96       5152   c_w.l
      6776        352          0          0          0       4388   g_wm.l
      4520        518        440          0          0       3408   m_wm.l

    ----------------------------------------------------------------------
     22166       1362       3064         16         96      45134   Library Totals

    ----------------------------------------------------------------------

==============================================================================


      Code (inc. data)   RO Data    RW Data    ZI Data      Debug   

     83792       4810       7112       2016      52440    2562217   Grand Totals
     83792       4810       7112       1164      52440    2562217   ELF Image Totals (compressed)
     83792       4810       7112       1164          0          0   ROM Totals

==============================================================================

    Total RO  Size (Code + RO Data)                90904 (  88.77kB)
    Total RW  Size (RW Data + ZI Data)             54456 (  53.18kB)
    Total ROM Size (Code + RO Data + RW Data)      92068 (  89.91kB)

==============================================================================

