<html>
<body>
<pre>
<h1>µVision Build Log</h1>
<h2>Tool Versions:</h2>
IDE-Version: ¦ÌVision V5.24.2.0
Copyright (C) 2017 ARM Ltd and ARM Germany GmbH. All rights reserved.
License Information: 1 ASUS, whu, LIC=21E4T-R7DCY-VE4HA-1DFGG-7LG2C-6HCJY
 
Tool Versions:
Toolchain:       MDK-ARM Plus  Version: 5.24.1
Toolchain Path:  D:\Keil5\ARM\ARMCC\Bin
C Compiler:      Armcc.exe V5.06 update 5 (build 528)
Assembler:       Armasm.exe V5.06 update 5 (build 528)
Linker/Locator:  ArmLink.exe V5.06 update 5 (build 528)
Library Manager: ArmAr.exe V5.06 update 5 (build 528)
Hex Converter:   FromElf.exe V5.06 update 5 (build 528)
CPU DLL:         SARMCM3.DLL V5.24.1
Dialog DLL:      DCM.DLL V1.16.0.0
Target DLL:      CMSIS_AGDI.dll V1.28.3.0
Dialog DLL:      TCM.DLL V1.32.0.0
 
<h2>Project:</h2>
E:\02GC\02RM_Balance_git\01Balance_chassis_task\MDK-ARM\chassis_task.uvprojx
Project File Date:  02/27/2026

<h2>Output:</h2>
*** Using Compiler 'V5.06 update 5 (build 528)', folder: 'D:\Keil5\ARM\ARMCC\Bin'
Build target 'chassis_task'
compiling chassis_task.c...
..\application\shoot.h(63): warning:  #1295-D: Deprecated declaration shoot - give arg types
  extern shoot_control_t *shoot();
..\application\shoot.h(64): warning:  #1295-D: Deprecated declaration shoot_init - give arg types
  extern void shoot_init();
..\application\uart_receive.h(32): warning:  #1295-D: Deprecated declaration get_Uart_Chassisdata_point - give arg types
  const chassis_data_t *get_Uart_Chassisdata_point();
..\application\chassis_task.c(249): warning:  #1035-D: single-precision operand implicitly converted to double-precision
  	chassis_move_init->foot_motor_L.distance_offset = (chassis_move_init->foot_motor_L.position / 360.0f) * 
HEEL_PERIMETER;
..\application\chassis_task.c(250): warning:  #1035-D: single-precision operand implicitly converted to double-precision
  	chassis_move_init->foot_motor_R.distance_offset = ((360.0f - chassis_move_init->foot_motor_R.position )/ 360.0f) * 
HEEL_PERIMETER;
..\application\chassis_task.c(366): warning:  #1035-D: single-precision operand implicitly converted to double-precision
  	fdb->foot_motor_L.distance = (fdb->foot_motor_L.position / 360.0f + fdb->foot_motor_L.turns) * 
HEEL_PERIMETER - fdb->foot_motor_L.distance_offset;
..\application\chassis_task.c(367): warning:  #1035-D: single-precision operand implicitly converted to double-precision
  	fdb->foot_motor_R.distance = ((360.0f - fdb->foot_motor_R.position) / 360.0f + fdb->foot_motor_R.turns) * 
HEEL_PERIMETER - fdb->foot_motor_R.distance_offset;
..\application\chassis_task.c(716): warning:  #1035-D: single-precision operand implicitly converted to double-precision
  			else if(target_value_set->chassis_posture_info.foot_speed_KF>0.2)	
..\application\chassis_task.c(785): warning:  #1035-D: single-precision operand implicitly converted to double-precision
  					else if (target_value_set->chassis_data_->wz_set > 
HASSIS_RC_WZ_DEADLINE)
..\application\chassis_task.c(1099): warning:  #1035-D: single-precision operand implicitly converted to double-precision
  		bl_ctrl->torque_info.foot_balancing_torque_L = (
..\application\chassis_task.c(1105): warning:  #1035-D: single-precision operand implicitly converted to double-precision
  		bl_ctrl->torque_info.foot_moving_torque_L = (
..\application\chassis_task.c(1111): warning:  #1035-D: single-precision operand implicitly converted to double-precision
  		bl_ctrl->torque_info.foot_balancing_torque_R = -(
..\application\chassis_task.c(1117): warning:  #1035-D: single-precision operand implicitly converted to double-precision
  		bl_ctrl->torque_info.foot_moving_torque_R = -(
..\application\chassis_task.c(1321): warning:  #1035-D: single-precision operand implicitly converted to double-precision
  				(detect->chassis_posture_info.leg_length_L>0.33&&detect->torque_info.supportive_force_L <= 20))
..\application\chassis_task.c(1454): warning:  #177-D: variable "dL0"  was declared but never referenced
  	fp32 dL0 = 0, L0 = 0, Q0 = 0, S0 = 0;
..\application\chassis_task.c(1456): warning:  #550-D: variable "S3"  was set but never used
  	fp32 A0, B0, C0, Q2, Q3, S2, S3;
..\application\chassis_task.c: 16 warnings, 0 errors
linking...
Program Size: Code=96960 RO-data=7884 RW-data=2108 ZI-data=54860  
FromELF: creating hex file...
"chassis_task\chassis_task.axf" - 0 Error(s), 16 Warning(s).

<h2>Software Packages used:</h2>

Package Vendor: ARM
                http://www.keil.com/pack/ARM.CMSIS.5.0.1.pack
                ARM.CMSIS.5.0.1
                CMSIS (Cortex Microcontroller Software Interface Standard)
   * Component: CORE Version: 5.0.1

Package Vendor: Keil
                http://www.keil.com/pack/Keil.STM32F4xx_DFP.2.11.0.pack
                Keil.STM32F4xx_DFP.2.11.0
                STMicroelectronics STM32F4 Series Device Support, Drivers and Examples

<h2>Collection of Component include folders:</h2>
  .\RTE\_chassis_task
  D:\Keil5\ARM\PACK\ARM\CMSIS\5.0.1\CMSIS\Include
  D:\Keil5\ARM\PACK\Keil\STM32F4xx_DFP\2.11.0\Drivers\CMSIS\Device\ST\STM32F4xx\Include

<h2>Collection of Component Files used:</h2>

   * Component: ARM::CMSIS:CORE:5.0.1
Build Time Elapsed:  00:00:03
</pre>
</body>
</html>
