Component: ARM Compiler 5.06 update 5 (build 528) Tool: armlink [4d35e2]

==============================================================================

Section Cross References

    startup_stm32f407xx.o(STACK) refers (Special) to heapauxi.o(.text) for __use_two_region_memory
    startup_stm32f407xx.o(HEAP) refers (Special) to heapauxi.o(.text) for __use_two_region_memory
    startup_stm32f407xx.o(RESET) refers (Special) to heapauxi.o(.text) for __use_two_region_memory
    startup_stm32f407xx.o(RESET) refers to startup_stm32f407xx.o(STACK) for __initial_sp
    startup_stm32f407xx.o(RESET) refers to startup_stm32f407xx.o(.text) for Reset_Handler
    startup_stm32f407xx.o(RESET) refers to stm32f4xx_it.o(i.NMI_Handler) for NMI_Handler
    startup_stm32f407xx.o(RESET) refers to stm32f4xx_it.o(i.HardFault_Handler) for HardFault_Handler
    startup_stm32f407xx.o(RESET) refers to stm32f4xx_it.o(i.MemManage_Handler) for MemManage_Handler
    startup_stm32f407xx.o(RESET) refers to stm32f4xx_it.o(i.BusFault_Handler) for BusFault_Handler
    startup_stm32f407xx.o(RESET) refers to stm32f4xx_it.o(i.UsageFault_Handler) for UsageFault_Handler
    startup_stm32f407xx.o(RESET) refers to port.o(.emb_text) for SVC_Handler
    startup_stm32f407xx.o(RESET) refers to stm32f4xx_it.o(i.DebugMon_Handler) for DebugMon_Handler
    startup_stm32f407xx.o(RESET) refers to stm32f4xx_it.o(i.SysTick_Handler) for SysTick_Handler
    startup_stm32f407xx.o(RESET) refers to stm32f4xx_it.o(i.EXTI0_IRQHandler) for EXTI0_IRQHandler
    startup_stm32f407xx.o(RESET) refers to stm32f4xx_it.o(i.EXTI3_IRQHandler) for EXTI3_IRQHandler
    startup_stm32f407xx.o(RESET) refers to stm32f4xx_it.o(i.EXTI4_IRQHandler) for EXTI4_IRQHandler
    startup_stm32f407xx.o(RESET) refers to stm32f4xx_it.o(i.CAN1_RX0_IRQHandler) for CAN1_RX0_IRQHandler
    startup_stm32f407xx.o(RESET) refers to stm32f4xx_it.o(i.EXTI9_5_IRQHandler) for EXTI9_5_IRQHandler
    startup_stm32f407xx.o(RESET) refers to stm32f4xx_it.o(i.USART1_IRQHandler) for USART1_IRQHandler
    startup_stm32f407xx.o(RESET) refers to remote_control.o(i.USART3_IRQHandler) for USART3_IRQHandler
    startup_stm32f407xx.o(RESET) refers to bsp_i2c.o(i.DMA1_Stream7_IRQHandler) for DMA1_Stream7_IRQHandler
    startup_stm32f407xx.o(RESET) refers to stm32f4xx_it.o(i.DMA2_Stream1_IRQHandler) for DMA2_Stream1_IRQHandler
    startup_stm32f407xx.o(RESET) refers to ins_task.o(i.DMA2_Stream2_IRQHandler) for DMA2_Stream2_IRQHandler
    startup_stm32f407xx.o(RESET) refers to stm32f4xx_it.o(i.CAN2_RX0_IRQHandler) for CAN2_RX0_IRQHandler
    startup_stm32f407xx.o(RESET) refers to stm32f4xx_it.o(i.DMA2_Stream6_IRQHandler) for DMA2_Stream6_IRQHandler
    startup_stm32f407xx.o(RESET) refers to stm32f4xx_it.o(i.DMA2_Stream7_IRQHandler) for DMA2_Stream7_IRQHandler
    startup_stm32f407xx.o(RESET) refers to referee_usart_task.o(i.USART6_IRQHandler) for USART6_IRQHandler
    startup_stm32f407xx.o(.text) refers (Special) to heapauxi.o(.text) for __use_two_region_memory
    startup_stm32f407xx.o(.text) refers to system_stm32f4xx.o(i.SystemInit) for SystemInit
    startup_stm32f407xx.o(.text) refers to __main.o(!!!main) for __main
    startup_stm32f407xx.o(.text) refers to startup_stm32f407xx.o(HEAP) for Heap_Mem
    startup_stm32f407xx.o(.text) refers to startup_stm32f407xx.o(STACK) for Stack_Mem
    main.o(i.SystemClock_Config) refers to rt_memclr_w.o(.text) for __aeabi_memclr4
    main.o(i.SystemClock_Config) refers to stm32f4xx_hal_rcc.o(i.HAL_RCC_OscConfig) for HAL_RCC_OscConfig
    main.o(i.SystemClock_Config) refers to main.o(i.Error_Handler) for Error_Handler
    main.o(i.SystemClock_Config) refers to stm32f4xx_hal_rcc.o(i.HAL_RCC_ClockConfig) for HAL_RCC_ClockConfig
    main.o(i.main) refers to stm32f4xx_hal.o(i.HAL_Init) for HAL_Init
    main.o(i.main) refers to main.o(i.SystemClock_Config) for SystemClock_Config
    main.o(i.main) refers to gpio.o(i.MX_GPIO_Init) for MX_GPIO_Init
    main.o(i.main) refers to dma.o(i.MX_DMA_Init) for MX_DMA_Init
    main.o(i.main) refers to can.o(i.MX_CAN1_Init) for MX_CAN1_Init
    main.o(i.main) refers to can.o(i.MX_CAN2_Init) for MX_CAN2_Init
    main.o(i.main) refers to spi.o(i.MX_SPI1_Init) for MX_SPI1_Init
    main.o(i.main) refers to tim.o(i.MX_TIM4_Init) for MX_TIM4_Init
    main.o(i.main) refers to tim.o(i.MX_TIM5_Init) for MX_TIM5_Init
    main.o(i.main) refers to usart.o(i.MX_USART3_UART_Init) for MX_USART3_UART_Init
    main.o(i.main) refers to tim.o(i.MX_TIM8_Init) for MX_TIM8_Init
    main.o(i.main) refers to i2c.o(i.MX_I2C3_Init) for MX_I2C3_Init
    main.o(i.main) refers to rtc.o(i.MX_RTC_Init) for MX_RTC_Init
    main.o(i.main) refers to tim.o(i.MX_TIM3_Init) for MX_TIM3_Init
    main.o(i.main) refers to tim.o(i.MX_TIM10_Init) for MX_TIM10_Init
    main.o(i.main) refers to usart.o(i.MX_USART1_UART_Init) for MX_USART1_UART_Init
    main.o(i.main) refers to usart.o(i.MX_USART6_UART_Init) for MX_USART6_UART_Init
[...]
    0x0800246c   0x0800246c   0x00000032   Code   RO        11983    .text               c_w.l(defsig_general.o)
    0x0800249e   0x0800249e   0x00000002   PAD
    0x080024a0   0x080024a0   0x000000ac   Code   RO        11985    .text               c_w.l(defsig_fpe_inner.o)
    0x0800254c   0x0800254c   0x00000080   Code   RO        11991    .text               c_w.l(strcmpv7m.o)
    0x080025cc   0x080025cc   0x0000000e   Code   RO        11993    .text               c_w.l(sys_wrch.o)
    0x080025da   0x080025da   0x0000003e   Code   RO        11878    CL$$btod_d2e        c_w.l(btod.o)
    0x08002618   0x08002618   0x00000046   Code   RO        11880    CL$$btod_d2e_denorm_low  c_w.l(btod.o)
    0x0800265e   0x0800265e   0x00000060   Code   RO        11879    CL$$btod_d2e_norm_op1  c_w.l(btod.o)
    0x080026be   0x080026be   0x00000338   Code   RO        11888    CL$$btod_div_common  c_w.l(btod.o)
    0x080029f6   0x080029f6   0x000000dc   Code   RO        11885    CL$$btod_e2e        c_w.l(btod.o)
    0x08002ad2   0x08002ad2   0x0000002a   Code   RO        11882    CL$$btod_ediv       c_w.l(btod.o)
    0x08002afc   0x08002afc   0x0000002a   Code   RO        11881    CL$$btod_emul       c_w.l(btod.o)
    0x08002b26   0x08002b26   0x00000244   Code   RO        11887    CL$$btod_mult_common  c_w.l(btod.o)
    0x08002d6a   0x08002d6a   0x00000002   PAD
    0x08002d6c   0x08002d6c   0x00000130   Code   RO         4456    i.ADC_Init          stm32f4xx_hal_adc.o
    0x08002e9c   0x08002e9c   0x00000004   Code   RO         3248    i.AHRS_asinf        ahrs_middleware.o
    0x08002ea0   0x08002ea0   0x00000004   Code   RO         3249    i.AHRS_atan2f       ahrs_middleware.o
    0x08002ea4   0x08002ea4   0x00000004   Code   RO         3250    i.AHRS_cosf         ahrs_middleware.o
    0x08002ea8   0x08002ea8   0x0000001a   Code   RO        10863    i.AHRS_fabs         AHRS.lib(ahrs.o)
    0x08002ec2   0x08002ec2   0x00000002   PAD
    0x08002ec4   0x08002ec4   0x00000014   Code   RO         3251    i.AHRS_get_height   ahrs_middleware.o
    0x08002ed8   0x08002ed8   0x0000000e   Code   RO         3252    i.AHRS_get_latitude  ahrs_middleware.o
    0x08002ee6   0x08002ee6   0x00000002   PAD
    0x08002ee8   0x08002ee8   0x0000029c   Code   RO        10864    i.AHRS_init         AHRS.lib(ahrs.o)
    0x08003184   0x08003184   0x00000014   Code   RO         3253    i.AHRS_invSqrt      ahrs_middleware.o
    0x08003198   0x08003198   0x00000004   Code   RO         3254    i.AHRS_sinf         ahrs_middleware.o
    0x0800319c   0x0800319c   0x0000013a   Code   RO        10865    i.AHRS_update       AHRS.lib(ahrs.o)
    0x080032d6   0x080032d6   0x00000002   PAD
    0x080032d8   0x080032d8   0x00000010   Code   RO         2903    i.BMI088_ACCEL_NS_H  bmi088middleware.o
    0x080032e8   0x080032e8   0x00000010   Code   RO         2904    i.BMI088_ACCEL_NS_L  bmi088middleware.o
    0x080032f8   0x080032f8   0x00000002   Code   RO         2905    i.BMI088_GPIO_init  bmi088middleware.o
    0x080032fa   0x080032fa   0x00000002   PAD
    0x080032fc   0x080032fc   0x00000010   Code   RO         2906    i.BMI088_GYRO_NS_H  bmi088middleware.o
    0x0800330c   0x0800330c   0x00000010   Code   RO         2907    i.BMI088_GYRO_NS_L  bmi088middleware.o
    0x0800331c   0x0800331c   0x00000088   Code   RO         2680    i.BMI088_accel_read_over  bmi088driver.o
    0x080033a4   0x080033a4   0x00000002   Code   RO         2908    i.BMI088_com_init   bmi088middleware.o
    0x080033a6   0x080033a6   0x00000004   Code   RO         2909    i.BMI088_delay_ms   bmi088middleware.o
    0x080033aa   0x080033aa   0x00000004   Code   RO         2910    i.BMI088_delay_us   bmi088middleware.o
    0x080033ae   0x080033ae   0x00000002   PAD
    0x080033b0   0x080033b0   0x00000060   Code   RO         2681    i.BMI088_gyro_read_over  bmi088driver.o
    0x08003410   0x08003410   0x0000002e   Code   RO         2682    i.BMI088_init       bmi088driver.o
    0x0800343e   0x0800343e   0x00000002   PAD
    0x08003440   0x08003440   0x0000015c   Code   RO         2683    i.BMI088_read       bmi088driver.o
    0x0800359c   0x0800359c   0x00000024   Code   RO         2686    i.BMI088_read_muli_reg  bmi088driver.o
    0x080035c0   0x080035c0   0x00000016   Code   RO         2687    i.BMI088_read_single_reg  bmi088driver.o
    0x080035d6   0x080035d6   0x00000002   PAD
    0x080035d8   0x080035d8   0x00000020   Code   RO         2911    i.BMI088_read_write_byte  bmi088middleware.o
    0x080035f8   0x080035f8   0x00000030   Code   RO         2688    i.BMI088_temperature_read_over  bmi088driver.o
    0x08003628   0x08003628   0x00000012   Code   RO         2689    i.BMI088_write_single_reg  bmi088driver.o
    0x0800363a   0x0800363a   0x00000002   Code   RO          810    i.BusFault_Handler  stm32f4xx_it.o
    0x0800363c   0x0800363c   0x0000000c   Code   RO          811    i.CAN1_RX0_IRQHandler  stm32f4xx_it.o
    0x08003648   0x08003648   0x0000000c   Code   RO          812    i.CAN2_RX0_IRQHandler  stm32f4xx_it.o
    0x08003654   0x08003654   0x0000004c   Code   RO         1742    i.CAN_CMD_HT_Enable  can_receive.o
    0x080036a0   0x080036a0   0x00000180   Code   RO         1743    i.CAN_HT_CMD        can_receive.o
    0x08003820   0x08003820   0x00000064   Code   RO         1745    i.CAN_LK_Boradcast_Control  can_receive.o
    0x08003884   0x08003884   0x00000048   Code   RO         1754    i.CAN_cmd_gimbal    can_receive.o
    0x080038cc   0x080038cc   0x000001f0   Code   RO          961    i.Chassis_Status_Detect  chassis_task.o
    0x08003abc   0x08003abc   0x00000724   Code   RO          962    i.Chassis_Torque_Calculation  chassis_task.o
    0x080041e0   0x080041e0   0x00000546   Code   RO          963    i.Chassis_Torque_Combine  chassis_task.o
    0x08004726   0x08004726   0x00000002   PAD
    0x08004728   0x08004728   0x00000014   Code   RO          964    i.Check_Jump_Preparation_Complete  chassis_task.o
    0x0800473c   0x0800473c   0x00000058   Code   RO         4345    i.DMA1_Stream7_IRQHandler  bsp_i2c.o
    0x08004794   0x08004794   0x0000000c   Code   RO          813    i.DMA2_Stream1_IRQHandler  stm32f4xx_it.o
    0x080047a0   0x080047a0   0x000004cc   Code   RO         1427    i.DMA2_Stream2_IRQHandler  ins_task.o
    0x08004c6c   0x08004c6c   0x0000000c   Code   RO          814    i.DMA2_Stream6_IRQHandler  stm32f4xx_it.o
    0x08004c78   0x08004c78   0x0000000c   Code   RO          815    i.DMA2_Stream7_IRQHandler  stm32f4xx_it.o
    0x08004c84   0x08004c84   0x00000034   Code   RO         5235    i.DMA_CalcBaseAndBitshift  stm32f4xx_hal_dma.o
    0x08004cb8   0x08004cb8   0x0000007e   Code   RO         5236    i.DMA_CheckFifoParam  stm32f4xx_hal_dma.o
    0x08004d36   0x08004d36   0x00000038   Code   RO         5237    i.DMA_SetConfig     stm32f4xx_hal_dma.o
    0x08004d6e   0x08004d6e   0x00000002   Code   RO          816    i.DebugMon_Handler  stm32f4xx_it.o
    0x08004d70   0x08004d70   0x00000006   Code   RO          817    i.EXTI0_IRQHandler  stm32f4xx_it.o
    0x08004d76   0x08004d76   0x00000006   Code   RO          818    i.EXTI3_IRQHandler  stm32f4xx_it.o
    0x08004d7c   0x08004d7c   0x00000006   Code   RO          819    i.EXTI4_IRQHandler  stm32f4xx_it.o
    0x08004d82   0x08004d82   0x00000006   Code   RO          820    i.EXTI9_5_IRQHandler  stm32f4xx_it.o
    0x08004d88   0x08004d88   0x00000002   Code   RO           13    i.Error_Handler     main.o
    0x08004d8a   0x08004d8a   0x00000002   PAD
    0x08004d8c   0x08004d8c   0x000000e4   Code   RO         2619    i.FootMotor_Kalman_Init  balance_filter.o
    0x08004e70   0x08004e70   0x000000a8   Code   RO         2620    i.FootMotor_Kalman_Update  balance_filter.o
    0x08004f18   0x08004f18   0x000004a0   Code   RO          965    i.Forward_kinematic_solution  chassis_task.o
    0x080053b8   0x080053b8   0x00000174   Code   RO         4458    i.HAL_ADC_ConfigChannel  stm32f4xx_hal_adc.o
    0x0800552c   0x0800552c   0x00000006   Code   RO         4465    i.HAL_ADC_GetValue  stm32f4xx_hal_adc.o
    0x08005532   0x08005532   0x00000056   Code   RO         4467    i.HAL_ADC_Init      stm32f4xx_hal_adc.o
    0x08005588   0x08005588   0x0000007c   Code   RO          420    i.HAL_ADC_MspInit   adc.o
    0x08005604   0x08005604   0x000000c6   Code   RO         4471    i.HAL_ADC_PollForConversion  stm32f4xx_hal_adc.o
    0x080056ca   0x080056ca   0x00000002   PAD
    0x080056cc   0x080056cc   0x00000128   Code   RO         4473    i.HAL_ADC_Start     stm32f4xx_hal_adc.o
    0x080057f4   0x080057f4   0x00000024   Code   RO         5922    i.HAL_CAN_ActivateNotification  stm32f4xx_hal_can.o
    0x08005818   0x08005818   0x000000f0   Code   RO         5923    i.HAL_CAN_AddTxMessage  stm32f4xx_hal_can.o
    0x08005908   0x08005908   0x00000128   Code   RO         5924    i.HAL_CAN_ConfigFilter  stm32f4xx_hal_can.o
    0x08005a30   0x08005a30   0x00000002   Code   RO         5927    i.HAL_CAN_ErrorCallback  stm32f4xx_hal_can.o
    0x08005a32   0x08005a32   0x00000174   Code   RO         5930    i.HAL_CAN_GetRxMessage  stm32f4xx_hal_can.o
    0x08005ba6   0x08005ba6   0x00000234   Code   RO         5934    i.HAL_CAN_IRQHandler  stm32f4xx_hal_can.o
    0x08005dda   0x08005dda   0x00000168   Code   RO         5935    i.HAL_CAN_Init      stm32f4xx_hal_can.o
    0x08005f42   0x08005f42   0x00000002   PAD
    0x08005f44   0x08005f44   0x00000100   Code   RO          468    i.HAL_CAN_MspInit   can.o
    0x08006044   0x08006044   0x00000002   Code   RO         5942    i.HAL_CAN_RxFifo0FullCallback  stm32f4xx_hal_can.o
    0x08006046   0x08006046   0x00000002   PAD
    0x08006048   0x08006048   0x00000430   Code   RO         1757    i.HAL_CAN_RxFifo0MsgPendingCallback  can_receive.o
    0x08006478   0x08006478   0x00000002   Code   RO         5944    i.HAL_CAN_RxFifo1FullCallback  stm32f4xx_hal_can.o
    0x0800647a   0x0800647a   0x00000002   Code   RO         5945    i.HAL_CAN_RxFifo1MsgPendingCallback  stm32f4xx_hal_can.o
    0x0800647c   0x0800647c   0x00000002   Code   RO         5946    i.HAL_CAN_SleepCallback  stm32f4xx_hal_can.o
    0x0800647e   0x0800647e   0x00000064   Code   RO         5947    i.HAL_CAN_Start     stm32f4xx_hal_can.o
    0x080064e2   0x080064e2   0x00000002   Code   RO         5949    i.HAL_CAN_TxMailbox0AbortCallback  stm32f4xx_hal_can.o
    0x080064e4   0x080064e4   0x00000002   Code   RO         5950    i.HAL_CAN_TxMailbox0CompleteCallback  stm32f4xx_hal_can.o
    0x080064e6   0x080064e6   0x00000002   Code   RO         5951    i.HAL_CAN_TxMailbox1AbortCallback  stm32f4xx_hal_can.o
    0x080064e8   0x080064e8   0x00000002   Code   RO         5952    i.HAL_CAN_TxMailbox1CompleteCallback  stm32f4xx_hal_can.o
    0x080064ea   0x080064ea   0x00000002   Code   RO         5953    i.HAL_CAN_TxMailbox2AbortCallback  stm32f4xx_hal_can.o
    0x080064ec   0x080064ec   0x00000002   Code   RO         5954    i.HAL_CAN_TxMailbox2CompleteCallback  stm32f4xx_hal_can.o
    0x080064ee   0x080064ee   0x00000002   Code   RO         5956    i.HAL_CAN_WakeUpFromRxMsgCallback  stm32f4xx_hal_can.o
    0x080064f0   0x080064f0   0x000000a2   Code   RO         5238    i.HAL_DMA_Abort     stm32f4xx_hal_dma.o
    0x08006592   0x08006592   0x00000024   Code   RO         5239    i.HAL_DMA_Abort_IT  stm32f4xx_hal_dma.o
    0x080065b6   0x080065b6   0x00000002   PAD
    0x080065b8   0x080065b8   0x000001ec   Code   RO         5243    i.HAL_DMA_IRQHandler  stm32f4xx_hal_dma.o
    0x080067a4   0x080067a4   0x000000ec   Code   RO         5244    i.HAL_DMA_Init      stm32f4xx_hal_dma.o
    0x08006890   0x08006890   0x00000070   Code   RO         5248    i.HAL_DMA_Start_IT  stm32f4xx_hal_dma.o
    0x08006900   0x08006900   0x00000098   Code   RO         1428    i.HAL_GPIO_EXTI_Callback  ins_task.o
    0x08006998   0x08006998   0x00000018   Code   RO         5130    i.HAL_GPIO_EXTI_IRQHandler  stm32f4xx_hal_gpio.o
    0x080069b0   0x080069b0   0x0000022c   Code   RO         5131    i.HAL_GPIO_Init     stm32f4xx_hal_gpio.o
    0x08006bdc   0x08006bdc   0x0000000e   Code   RO         5135    i.HAL_GPIO_WritePin  stm32f4xx_hal_gpio.o
    0x08006bea   0x08006bea   0x00000002   PAD
    0x08006bec   0x08006bec   0x0000000c   Code   RO         5676    i.HAL_GetTick       stm32f4xx_hal.o
    0x08006bf8   0x08006bf8   0x000001ac   Code   RO         6166    i.HAL_I2C_Init      stm32f4xx_hal_i2c.o
    0x08006da4   0x08006da4   0x00000160   Code   RO         6179    i.HAL_I2C_Master_Transmit  stm32f4xx_hal_i2c.o
    0x08006f04   0x08006f04   0x000002d4   Code   RO         6184    i.HAL_I2C_Mem_Read  stm32f4xx_hal_i2c.o
    0x080071d8   0x080071d8   0x00000174   Code   RO         6187    i.HAL_I2C_Mem_Write  stm32f4xx_hal_i2c.o
    0x0800734c   0x0800734c   0x00000138   Code   RO          541    i.HAL_I2C_MspInit   i2c.o
    0x08007484   0x08007484   0x00000010   Code   RO         5682    i.HAL_IncTick       stm32f4xx_hal.o
    0x08007494   0x08007494   0x00000034   Code   RO         5683    i.HAL_Init          stm32f4xx_hal.o
    0x080074c8   0x080074c8   0x00000044   Code   RO         5684    i.HAL_InitTick      stm32f4xx_hal.o
    0x0800750c   0x0800750c   0x00000038   Code   RO          937    i.HAL_MspInit       stm32f4xx_hal_msp.o
    0x08007544   0x08007544   0x0000001c   Code   RO         5523    i.HAL_NVIC_EnableIRQ  stm32f4xx_hal_cortex.o
    0x08007560   0x08007560   0x00000068   Code   RO         5529    i.HAL_NVIC_SetPriority  stm32f4xx_hal_cortex.o
    0x080075c8   0x080075c8   0x00000024   Code   RO         5530    i.HAL_NVIC_SetPriorityGrouping  stm32f4xx_hal_cortex.o
    0x080075ec   0x080075ec   0x00000024   Code   RO         5531    i.HAL_NVIC_SystemReset  stm32f4xx_hal_cortex.o
    0x08007610   0x08007610   0x0000017c   Code   RO         4837    i.HAL_RCCEx_PeriphCLKConfig  stm32f4xx_hal_rcc_ex.o
    0x0800778c   0x0800778c   0x0000017c   Code   RO         4732    i.HAL_RCC_ClockConfig  stm32f4xx_hal_rcc.o
    0x08007908   0x08007908   0x0000000c   Code   RO         4737    i.HAL_RCC_GetHCLKFreq  stm32f4xx_hal_rcc.o
    0x08007914   0x08007914   0x00000020   Code   RO         4739    i.HAL_RCC_GetPCLK1Freq  stm32f4xx_hal_rcc.o
    0x08007934   0x08007934   0x00000020   Code   RO         4740    i.HAL_RCC_GetPCLK2Freq  stm32f4xx_hal_rcc.o
    0x08007954   0x08007954   0x00000070   Code   RO         4741    i.HAL_RCC_GetSysClockFreq  stm32f4xx_hal_rcc.o
    0x080079c4   0x080079c4   0x00000482   Code   RO         4744    i.HAL_RCC_OscConfig  stm32f4xx_hal_rcc.o
    0x08007e46   0x08007e46   0x0000009e   Code   RO         6663    i.HAL_RTC_Init      stm32f4xx_hal_rtc.o
    0x08007ee4   0x08007ee4   0x0000003c   Code   RO          595    i.HAL_RTC_MspInit   rtc.o
    0x08007f20   0x08007f20   0x0000003c   Code   RO         6671    i.HAL_RTC_WaitForSynchro  stm32f4xx_hal_rtc.o
    0x08007f5c   0x08007f5c   0x000000be   Code   RO         7063    i.HAL_SPI_Init      stm32f4xx_hal_spi.o
    0x0800801a   0x0800801a   0x00000002   PAD
    0x0800801c   0x0800801c   0x00000110   Code   RO          637    i.HAL_SPI_MspInit   spi.o
    0x0800812c   0x0800812c   0x00000218   Code   RO         7072    i.HAL_SPI_TransmitReceive  stm32f4xx_hal_spi.o
    0x08008344   0x08008344   0x00000028   Code   RO         5534    i.HAL_SYSTICK_Config  stm32f4xx_hal_cortex.o
    0x0800836c   0x0800836c   0x0000009a   Code   RO         8110    i.HAL_TIMEx_MasterConfigSynchronization  stm32f4xx_hal_tim_ex.o
    0x08008406   0x08008406   0x0000005c   Code   RO         7376    i.HAL_TIM_Base_Init  stm32f4xx_hal_tim.o
    0x08008462   0x08008462   0x00000002   PAD
    0x08008464   0x08008464   0x000000b8   Code   RO          679    i.HAL_TIM_Base_MspInit  tim.o
    0x0800851c   0x0800851c   0x00000080   Code   RO         7379    i.HAL_TIM_Base_Start  stm32f4xx_hal_tim.o
    0x0800859c   0x0800859c   0x000000ea   Code   RO         7385    i.HAL_TIM_ConfigClockSource  stm32f4xx_hal_tim.o
    0x08008686   0x08008686   0x00000002   PAD
    0x08008688   0x08008688   0x0000014c   Code   RO          680    i.HAL_TIM_MspPostInit  tim.o
    0x080087d4   0x080087d4   0x000000d8   Code   RO         7448    i.HAL_TIM_PWM_ConfigChannel  stm32f4xx_hal_tim.o
    0x080088ac   0x080088ac   0x0000005c   Code   RO         7451    i.HAL_TIM_PWM_Init  stm32f4xx_hal_tim.o
    0x08008908   0x08008908   0x00000002   Code   RO         7453    i.HAL_TIM_PWM_MspInit  stm32f4xx_hal_tim.o
    0x0800890a   0x0800890a   0x00000002   PAD
    0x0800890c   0x0800890c   0x000000dc   Code   RO         7456    i.HAL_TIM_PWM_Start  stm32f4xx_hal_tim.o
    0x080089e8   0x080089e8   0x00000002   Code   RO         8370    i.HAL_UARTEx_RxEventCallback  stm32f4xx_hal_uart.o
    0x080089ea   0x080089ea   0x00000002   Code   RO         8384    i.HAL_UART_ErrorCallback  stm32f4xx_hal_uart.o
    0x080089ec   0x080089ec   0x00000268   Code   RO         8387    i.HAL_UART_IRQHandler  stm32f4xx_hal_uart.o
    0x08008c54   0x08008c54   0x00000066   Code   RO         8388    i.HAL_UART_Init     stm32f4xx_hal_uart.o
    0x08008cba   0x08008cba   0x00000002   PAD
    0x08008cbc   0x08008cbc   0x00000248   Code   RO          757    i.HAL_UART_MspInit  usart.o
    0x08008f04   0x08008f04   0x0000001c   Code   RO         8393    i.HAL_UART_Receive_IT  stm32f4xx_hal_uart.o
    0x08008f20   0x08008f20   0x00000090   Code   RO         1701    i.HAL_UART_RxCpltCallback  uart_receive.o
    0x08008fb0   0x08008fb0   0x000000b8   Code   RO         8396    i.HAL_UART_Transmit  stm32f4xx_hal_uart.o
    0x08009068   0x08009068   0x00000094   Code   RO         8397    i.HAL_UART_Transmit_DMA  stm32f4xx_hal_uart.o
    0x080090fc   0x080090fc   0x00000002   Code   RO         8399    i.HAL_UART_TxCpltCallback  stm32f4xx_hal_uart.o
    0x080090fe   0x080090fe   0x00000002   Code   RO         8400    i.HAL_UART_TxHalfCpltCallback  stm32f4xx_hal_uart.o
    0x08009100   0x08009100   0x00000092   Code   RO          966    i.HT_Motor_zero_set  chassis_task.o
    0x08009192   0x08009192   0x00000002   PAD
    0x08009194   0x08009194   0x000000fc   Code   RO         3828    i.H_K_R_Adjustment  kalman_filter.o
    0x08009290   0x08009290   0x00000002   Code   RO          821    i.HardFault_Handler  stm32f4xx_it.o
    0x08009292   0x08009292   0x00000032   Code   RO         6210    i.I2C_IsAcknowledgeFailed  stm32f4xx_hal_i2c.o
    0x080092c4   0x080092c4   0x000000b4   Code   RO         6214    i.I2C_MasterRequestWrite  stm32f4xx_hal_i2c.o
    0x08009378   0x08009378   0x00000154   Code   RO         6221    i.I2C_RequestMemoryRead  stm32f4xx_hal_i2c.o
    0x080094cc   0x080094cc   0x000000d0   Code   RO         6222    i.I2C_RequestMemoryWrite  stm32f4xx_hal_i2c.o
    0x0800959c   0x0800959c   0x00000066   Code   RO         6230    i.I2C_WaitOnBTFFlagUntilTimeout  stm32f4xx_hal_i2c.o
    0x08009602   0x08009602   0x000000ea   Code   RO         6231    i.I2C_WaitOnFlagUntilTimeout  stm32f4xx_hal_i2c.o
    0x080096ec   0x080096ec   0x000000ec   Code   RO         6232    i.I2C_WaitOnMasterAddressFlagUntilTimeout  stm32f4xx_hal_i2c.o
    0x080097d8   0x080097d8   0x00000086   Code   RO         6233    i.I2C_WaitOnRXNEFlagUntilTimeout  stm32f4xx_hal_i2c.o
    0x0800985e   0x0800985e   0x00000066   Code   RO         6236    i.I2C_WaitOnTXEFlagUntilTimeout  stm32f4xx_hal_i2c.o
    0x080098c4   0x080098c4   0x00000064   Code   RO         1429    i.INS_cali_gyro     ins_task.o
    0x08009928   0x08009928   0x00000030   Code   RO         1430    i.INS_set_cali_gyro  ins_task.o
    0x08009958   0x08009958   0x00000254   Code   RO         1431    i.INS_task          ins_task.o
    0x08009bac   0x08009bac   0x00000070   Code   RO          967    i.Joint_Motor_to_Init_Pos  chassis_task.o
    0x08009c1c   0x08009c1c   0x0000005c   Code   RO          968    i.Jump_Wheel_Control  chassis_task.o
    0x08009c78   0x08009c78   0x000003f8   Code   RO         3829    i.Kalman_Filter_Init  kalman_filter.o
    0x0800a070   0x0800a070   0x00000048   Code   RO         3830    i.Kalman_Filter_Measure  kalman_filter.o
    0x0800a0b8   0x0800a0b8   0x00000062   Code   RO         3831    i.Kalman_Filter_P_Update  kalman_filter.o
    0x0800a11a   0x0800a11a   0x0000006c   Code   RO         3832    i.Kalman_Filter_PminusUpdate  kalman_filter.o
    0x0800a186   0x0800a186   0x000000be   Code   RO         3833    i.Kalman_Filter_SetK  kalman_filter.o
    0x0800a244   0x0800a244   0x000000e8   Code   RO         3834    i.Kalman_Filter_Update  kalman_filter.o
    0x0800a32c   0x0800a32c   0x00000074   Code   RO         3835    i.Kalman_Filter_xhatMinusUpdate  kalman_filter.o
    0x0800a3a0   0x0800a3a0   0x00000080   Code   RO         3836    i.Kalman_Filter_xhatUpdate  kalman_filter.o
    0x0800a420   0x0800a420   0x0000009c   Code   RO         3796    i.LQR_Data_Update   lqr.o
    0x0800a4bc   0x0800a4bc   0x000000e4   Code   RO         2621    i.Leg_angle_Kalman_Init  balance_filter.o
    0x0800a5a0   0x0800a5a0   0x000000ac   Code   RO         2622    i.Leg_angle_Kalman_Update  balance_filter.o
    0x0800a64c   0x0800a64c   0x00000064   Code   RO          421    i.MX_ADC1_Init      adc.o
    0x0800a6b0   0x0800a6b0   0x00000064   Code   RO          422    i.MX_ADC3_Init      adc.o
    0x0800a714   0x0800a714   0x00000044   Code   RO          469    i.MX_CAN1_Init      can.o
    0x0800a758   0x0800a758   0x00000044   Code   RO          470    i.MX_CAN2_Init      can.o
    0x0800a79c   0x0800a79c   0x0000008c   Code   RO          516    i.MX_DMA_Init       dma.o
    0x0800a828   0x0800a828   0x00000104   Code   RO          329    i.MX_FREERTOS_Init  freertos.o
    0x0800a92c   0x0800a92c   0x0000015c   Code   RO          305    i.MX_GPIO_Init      gpio.o
    0x0800aa88   0x0800aa88   0x00000040   Code   RO          542    i.MX_I2C1_Init      i2c.o
    0x0800aac8   0x0800aac8   0x00000040   Code   RO          543    i.MX_I2C2_Init      i2c.o
    0x0800ab08   0x0800ab08   0x00000040   Code   RO          544    i.MX_I2C3_Init      i2c.o
    0x0800ab48   0x0800ab48   0x00000038   Code   RO          596    i.MX_RTC_Init       rtc.o
    0x0800ab80   0x0800ab80   0x00000048   Code   RO          638    i.MX_SPI1_Init      spi.o
    0x0800abc8   0x0800abc8   0x00000064   Code   RO          681    i.MX_TIM10_Init     tim.o
    0x0800ac2c   0x0800ac2c   0x00000068   Code   RO          682    i.MX_TIM1_Init      tim.o
    0x0800ac94   0x0800ac94   0x00000098   Code   RO          683    i.MX_TIM3_Init      tim.o
    0x0800ad2c   0x0800ad2c   0x00000098   Code   RO          684    i.MX_TIM4_Init      tim.o
    0x0800adc4   0x0800adc4   0x000000b8   Code   RO          685    i.MX_TIM5_Init      tim.o
    0x0800ae7c   0x0800ae7c   0x00000068   Code   RO          686    i.MX_TIM8_Init      tim.o
    0x0800aee4   0x0800aee4   0x00000038   Code   RO          758    i.MX_USART1_UART_Init  usart.o
    0x0800af1c   0x0800af1c   0x00000040   Code   RO          759    i.MX_USART3_UART_Init  usart.o
    0x0800af5c   0x0800af5c   0x00000038   Code   RO          760    i.MX_USART6_UART_Init  usart.o
    0x0800af94   0x0800af94   0x00000002   Code   RO          822    i.MemManage_Handler  stm32f4xx_it.o
    0x0800af96   0x0800af96   0x00000002   PAD
    0x0800af98   0x0800af98   0x000000cc   Code   RO          969    i.Motor_CMD_Send    chassis_task.o
    0x0800b064   0x0800b064   0x00000058   Code   RO          970    i.Motor_Zero_CMD_Send  chassis_task.o
    0x0800b0bc   0x0800b0bc   0x00000002   Code   RO          823    i.NMI_Handler       stm32f4xx_it.o
    0x0800b0be   0x0800b0be   0x00000002   PAD
    0x0800b0c0   0x0800b0c0   0x00000020   Code   RO         3111    i.OLED_LOGO         oled.o
    0x0800b0e0   0x0800b0e0   0x0000000c   Code   RO         3112    i.OLED_check_ack    oled.o
    0x0800b0ec   0x0800b0ec   0x00000040   Code   RO         3117    i.OLED_draw_point   oled.o
    0x0800b12c   0x0800b12c   0x00000106   Code   RO         3118    i.OLED_init         oled.o
    0x0800b232   0x0800b232   0x00000002   PAD
    0x0800b234   0x0800b234   0x00000048   Code   RO         3119    i.OLED_operate_gram  oled.o
    0x0800b27c   0x0800b27c   0x00000038   Code   RO         3120    i.OLED_printf       oled.o
    0x0800b2b4   0x0800b2b4   0x00000030   Code   RO         3121    i.OLED_refresh_gram  oled.o
    0x0800b2e4   0x0800b2e4   0x0000003e   Code   RO         3122    i.OLED_set_pos      oled.o
    0x0800b322   0x0800b322   0x00000002   PAD
    0x0800b324   0x0800b324   0x00000070   Code   RO         3123    i.OLED_show_char    oled.o
    0x0800b394   0x0800b394   0x0000007e   Code   RO         3124    i.OLED_show_graphic  oled.o
    0x0800b412   0x0800b412   0x0000002e   Code   RO         3125    i.OLED_show_string  oled.o
    0x0800b440   0x0800b440   0x00000160   Code   RO         3910    i.PID_calc          pid.o
    0x0800b5a0   0x0800b5a0   0x0000005c   Code   RO         3912    i.PID_init          pid.o
    0x0800b5fc   0x0800b5fc   0x0000006c   Code   RO         4176    i.RC_Init           bsp_rc.o
    0x0800b668   0x0800b668   0x0000003c   Code   RO         4177    i.RC_restart        bsp_rc.o
    0x0800b6a4   0x0800b6a4   0x00000014   Code   RO         4178    i.RC_unable         bsp_rc.o
    0x0800b6b8   0x0800b6b8   0x00000048   Code   RO         6674    i.RTC_EnterInitMode  stm32f4xx_hal_rtc.o
    0x0800b700   0x0800b700   0x0000002c   Code   RO         6675    i.RTC_ExitInitMode  stm32f4xx_hal_rtc.o
    0x0800b72c   0x0800b72c   0x0000001a   Code   RO         2623    i.Record_FootMotor_Control  balance_filter.o
    0x0800b746   0x0800b746   0x00000002   PAD
    0x0800b748   0x0800b748   0x0000184c   Code   RO         4216    i.SPI1_DMA_enable   bsp_spi.o
    0x0800cf94   0x0800cf94   0x0000010c   Code   RO         4217    i.SPI1_DMA_init     bsp_spi.o
    0x0800d0a0   0x0800d0a0   0x00000084   Code   RO         7101    i.SPI_EndRxTxTransaction  stm32f4xx_hal_spi.o
    0x0800d124   0x0800d124   0x000000d8   Code   RO         7106    i.SPI_WaitFlagStateUntilTimeout  stm32f4xx_hal_spi.o
    0x0800d1fc   0x0800d1fc   0x00000194   Code   RO          971    i.Supportive_Force_Cal  chassis_task.o
    0x0800d390   0x0800d390   0x00000038   Code   RO          824    i.SysTick_Handler   stm32f4xx_it.o
    0x0800d3c8   0x0800d3c8   0x00000094   Code   RO           14    i.SystemClock_Config  main.o
    0x0800d45c   0x0800d45c   0x00000054   Code   RO         4416    i.SystemInit        system_stm32f4xx.o
    0x0800d4b0   0x0800d4b0   0x000000e4   Code   RO         7469    i.TIM_Base_SetConfig  stm32f4xx_hal_tim.o
    0x0800d594   0x0800d594   0x0000001e   Code   RO         7470    i.TIM_CCxChannelCmd  stm32f4xx_hal_tim.o
    0x0800d5b2   0x0800d5b2   0x00000016   Code   RO         7480    i.TIM_ETR_SetConfig  stm32f4xx_hal_tim.o
    0x0800d5c8   0x0800d5c8   0x00000010   Code   RO         7481    i.TIM_ITRx_SetConfig  stm32f4xx_hal_tim.o
    0x0800d5d8   0x0800d5d8   0x00000070   Code   RO         7482    i.TIM_OC1_SetConfig  stm32f4xx_hal_tim.o
    0x0800d648   0x0800d648   0x00000078   Code   RO         7483    i.TIM_OC2_SetConfig  stm32f4xx_hal_tim.o
    0x0800d6c0   0x0800d6c0   0x00000078   Code   RO         7484    i.TIM_OC3_SetConfig  stm32f4xx_hal_tim.o
    0x0800d738   0x0800d738   0x00000058   Code   RO         7485    i.TIM_OC4_SetConfig  stm32f4xx_hal_tim.o
    0x0800d790   0x0800d790   0x00000026   Code   RO         7487    i.TIM_TI1_ConfigInputStage  stm32f4xx_hal_tim.o
    0x0800d7b6   0x0800d7b6   0x00000028   Code   RO         7489    i.TIM_TI2_ConfigInputStage  stm32f4xx_hal_tim.o
    0x0800d7de   0x0800d7de   0x00000002   PAD
    0x0800d7e0   0x0800d7e0   0x00000444   Code   RO          972    i.Target_Value_Set  chassis_task.o
    0x0800dc24   0x0800dc24   0x00000010   Code   RO         8401    i.UART_DMAAbortOnError  stm32f4xx_hal_uart.o
    0x0800dc34   0x0800dc34   0x0000004a   Code   RO         8402    i.UART_DMAError     stm32f4xx_hal_uart.o
    0x0800dc7e   0x0800dc7e   0x00000044   Code   RO         8407    i.UART_DMATransmitCplt  stm32f4xx_hal_uart.o
    0x0800dcc2   0x0800dcc2   0x0000000a   Code   RO         8409    i.UART_DMATxHalfCplt  stm32f4xx_hal_uart.o
    0x0800dccc   0x0800dccc   0x0000004e   Code   RO         8411    i.UART_EndRxTransfer  stm32f4xx_hal_uart.o
    0x0800dd1a   0x0800dd1a   0x0000001a   Code   RO         8412    i.UART_EndTransmit_IT  stm32f4xx_hal_uart.o
    0x0800dd34   0x0800dd34   0x0000001c   Code   RO         8413    i.UART_EndTxTransfer  stm32f4xx_hal_uart.o
    0x0800dd50   0x0800dd50   0x000000ca   Code   RO         8414    i.UART_Receive_IT   stm32f4xx_hal_uart.o
    0x0800de1a   0x0800de1a   0x00000002   PAD
    0x0800de1c   0x0800de1c   0x000000fc   Code   RO         8415    i.UART_SetConfig    stm32f4xx_hal_uart.o
    0x0800df18   0x0800df18   0x00000038   Code   RO         8417    i.UART_Start_Receive_IT  stm32f4xx_hal_uart.o
    0x0800df50   0x0800df50   0x0000005e   Code   RO         8418    i.UART_Transmit_IT  stm32f4xx_hal_uart.o
    0x0800dfae   0x0800dfae   0x0000008e   Code   RO         8419    i.UART_WaitOnFlagUntilTimeout  stm32f4xx_hal_uart.o
    0x0800e03c   0x0800e03c   0x0000000c   Code   RO          825    i.USART1_IRQHandler  stm32f4xx_it.o
    0x0800e048   0x0800e048   0x000000d0   Code   RO         2078    i.USART3_IRQHandler  remote_control.o
    0x0800e118   0x0800e118   0x000000c4   Code   RO         2287    i.USART6_IRQHandler  referee_usart_task.o
    0x0800e1dc   0x0800e1dc   0x00000002   Code   RO          826    i.UsageFault_Handler  stm32f4xx_it.o
    0x0800e1de   0x0800e1de   0x00000030   Code   RO        11734    i.__ARM_fpclassify  m_wm.l(fpclassify.o)
    0x0800e20e   0x0800e20e   0x00000026   Code   RO        11736    i.__ARM_fpclassifyf  m_wm.l(fpclassifyf.o)
    0x0800e234   0x0800e234   0x0000012c   Code   RO        11434    i.__hardfp_asinf    m_wm.l(asinf.o)
    0x0800e360   0x0800e360   0x000002d8   Code   RO        11446    i.__hardfp_atan     m_wm.l(atan.o)
    0x0800e638   0x0800e638   0x000001f0   Code   RO        11460    i.__hardfp_atan2    m_wm.l(atan2.o)
    0x0800e828   0x0800e828   0x00000250   Code   RO        11472    i.__hardfp_atan2f   m_wm.l(atan2f.o)
    0x0800ea78   0x0800ea78   0x000000c8   Code   RO        11484    i.__hardfp_cos      m_wm.l(cos.o)
    0x0800eb40   0x0800eb40   0x00000014   Code   RO        11496    i.__hardfp_fabs     m_wm.l(fabs.o)
    0x0800eb54   0x0800eb54   0x00000004   PAD
    0x0800eb58   0x0800eb58   0x000000c8   Code   RO        11502    i.__hardfp_sin      m_wm.l(sin.o)
    0x0800ec20   0x0800ec20   0x0000007a   Code   RO        11526    i.__hardfp_sqrt     m_wm.l(sqrt_full.o)
    0x0800ec9a   0x0800ec9a   0x0000003a   Code   RO        11532    i.__hardfp_sqrtf    m_wm.l(sqrtf_full.o)
    0x0800ecd4   0x0800ecd4   0x00000004   PAD
    0x0800ecd8   0x0800ecd8   0x00000438   Code   RO        11755    i.__ieee754_rem_pio2  m_wm.l(rred.o)
    0x0800f110   0x0800f110   0x00000170   Code   RO        11717    i.__kernel_cos      m_wm.l(cos_i.o)
    0x0800f280   0x0800f280   0x000000f8   Code   RO        11752    i.__kernel_poly     m_wm.l(poly.o)
    0x0800f378   0x0800f378   0x00000130   Code   RO        11763    i.__kernel_sin      m_wm.l(sin_i.o)
    0x0800f4a8   0x0800f4a8   0x00000014   Code   RO        11721    i.__mathlib_dbl_infnan  m_wm.l(dunder.o)
    0x0800f4bc   0x0800f4bc   0x00000014   Code   RO        11722    i.__mathlib_dbl_infnan2  m_wm.l(dunder.o)
    0x0800f4d0   0x0800f4d0   0x00000020   Code   RO        11723    i.__mathlib_dbl_invalid  m_wm.l(dunder.o)
    0x0800f4f0   0x0800f4f0   0x00000020   Code   RO        11726    i.__mathlib_dbl_underflow  m_wm.l(dunder.o)
    0x0800f510   0x0800f510   0x00000006   Code   RO        11739    i.__mathlib_flt_infnan  m_wm.l(funder.o)
    0x0800f516   0x0800f516   0x00000006   Code   RO        11740    i.__mathlib_flt_infnan2  m_wm.l(funder.o)
    0x0800f51c   0x0800f51c   0x00000010   Code   RO        11741    i.__mathlib_flt_invalid  m_wm.l(funder.o)
    0x0800f52c   0x0800f52c   0x00000010   Code   RO        11744    i.__mathlib_flt_underflow  m_wm.l(funder.o)
    0x0800f53c   0x0800f53c   0x0000000e   Code   RO        11360    i._is_digit         c_w.l(__printf_wp.o)
    0x0800f54a   0x0800f54a   0x00000002   PAD
    0x0800f54c   0x0800f54c   0x00000100   Code   RO        10262    i._ui_init_default_DynamicBottomGroup_0  ui_default.o
    0x0800f64c   0x0800f64c   0x000000bc   Code   RO        10263    i._ui_init_default_DynamicHightGroup_0  ui_default.o
    0x0800f708   0x0800f708   0x00000150   Code   RO        10264    i._ui_init_default_DynamicLeftGroup_0  ui_default.o
    0x0800f858   0x0800f858   0x00000150   Code   RO        10265    i._ui_init_default_DynamicRightGroup_0  ui_default.o
    0x0800f9a8   0x0800f9a8   0x00000288   Code   RO        10266    i._ui_init_default_StaticGroup_0  ui_default.o
    0x0800fc30   0x0800fc30   0x00000294   Code   RO        10267    i._ui_init_default_StaticLeftGroup_0  ui_default.o
    0x0800fec4   0x0800fec4   0x00000120   Code   RO        10268    i._ui_init_default_StaticMiddleGroup_0  ui_default.o
    0x0800ffe4   0x0800ffe4   0x000000b8   Code   RO        10532    i._ui_init_frame1_DynamicNumberGroup_0  ui_frame1.o
    0x0801009c   0x0801009c   0x00000220   Code   RO        10533    i._ui_init_frame1_StaticNumberGroup_0  ui_frame1.o
    0x080102bc   0x080102bc   0x000000a0   Code   RO        10534    i._ui_init_frame1_StaticTextGroup_0  ui_frame1.o
    0x0801035c   0x0801035c   0x000000a0   Code   RO        10535    i._ui_init_frame1_StaticTextGroup_1  ui_frame1.o
    0x080103fc   0x080103fc   0x0000009c   Code   RO        10536    i._ui_init_frame1_StaticTextGroup_2  ui_frame1.o
    0x08010498   0x08010498   0x000000a0   Code   RO        10537    i._ui_init_frame1_StaticTextGroup_3  ui_frame1.o
    0x08010538   0x08010538   0x000000b0   Code   RO        10538    i._ui_init_frame1_StaticTextGroup_4  ui_frame1.o
    0x080105e8   0x080105e8   0x000000a8   Code   RO        10539    i._ui_init_frame1_StaticTextGroup_5  ui_frame1.o
    0x08010690   0x08010690   0x000000ac   Code   RO        10540    i._ui_init_frame1_StaticTextGroup_6  ui_frame1.o
    0x0801073c   0x0801073c   0x00000034   Code   RO        10276    i._ui_update_default_DynamicBottomGroup_0  ui_default.o
    0x08010770   0x08010770   0x00000034   Code   RO        10277    i._ui_update_default_DynamicHightGroup_0  ui_default.o
    0x080107a4   0x080107a4   0x00000034   Code   RO        10278    i._ui_update_default_DynamicLeftGroup_0  ui_default.o
    0x080107d8   0x080107d8   0x00000034   Code   RO        10279    i._ui_update_default_DynamicRightGroup_0  ui_default.o
    0x0801080c   0x0801080c   0x00000034   Code   RO        10550    i._ui_update_frame1_DynamicNumberGroup_0  ui_frame1.o
    0x08010840   0x08010840   0x0000003c   Code   RO         4147    i.aRGB_led_show     bsp_led.o
    0x0801087c   0x0801087c   0x000001d0   Code   RO        10866    i.accel_comple_filter  AHRS.lib(ahrs.o)
    0x08010a4c   0x08010a4c   0x0000018c   Code   RO        10867    i.accel_update_kp_ki  AHRS.lib(ahrs.o)
    0x08010bd8   0x08010bd8   0x0000003c   Code   RO         4296    i.adcx_get_chx_value  bsp_adc.o
    0x08010c14   0x08010c14   0x0000016c   Code   RO        10868    i.angle_to_quat     AHRS.lib(ahrs.o)
    0x08010d80   0x08010d80   0x00000010   Code   RO        11448    i.atan              m_wm.l(atan.o)
    0x08010d90   0x08010d90   0x0000002c   Code   RO         1624    i.ballet_feq_calc   shoot.o
    0x08010dbc   0x08010dbc   0x0000002c   Code   RO         2476    i.battery_voltage_task  voltage_task.o
    0x08010de8   0x08010de8   0x0000011c   Code   RO         2690    i.bmi088_accel_init  bmi088driver.o
    0x08010f04   0x08010f04   0x000002b0   Code   RO         2691    i.bmi088_accel_self_test  bmi088driver.o
    0x080111b4   0x080111b4   0x000000dc   Code   RO         2692    i.bmi088_gyro_init  bmi088driver.o
    0x08011290   0x08011290   0x000000ca   Code   RO         2693    i.bmi088_gyro_self_test  bmi088driver.o
    0x0801135a   0x0801135a   0x00000002   PAD
    0x0801135c   0x0801135c   0x000000f0   Code   RO         4350    i.bsp_I2C_check_ack  bsp_i2c.o
    0x0801144c   0x0801144c   0x00000034   Code   RO         4351    i.bsp_I2C_master_transmit  bsp_i2c.o
    0x08011480   0x08011480   0x00000010   Code   RO         3959    i.buzzer_off        bsp_buzzer.o
    0x08011490   0x08011490   0x00000010   Code   RO         3960    i.buzzer_on         bsp_buzzer.o
    0x080114a0   0x080114a0   0x000000cc   Code   RO         2477    i.calc_battery_percentage  voltage_task.o
    0x0801156c   0x0801156c   0x0000002c   Code   RO        10761    i.calc_crc16        ui_interface.o
    0x08011598   0x08011598   0x00000020   Code   RO        10762    i.calc_crc8         ui_interface.o
    0x080115b8   0x080115b8   0x000000d0   Code   RO          973    i.calculate_wheel_vertical_acceleration  chassis_task.o
    0x08011688   0x08011688   0x0000008c   Code   RO         1907    i.cali_data_read    calibrate_task.o
    0x08011714   0x08011714   0x00000004   Code   RO         1909    i.cali_gimbal_hook  calibrate_task.o
    0x08011718   0x08011718   0x00000058   Code   RO         1910    i.cali_gyro_hook    calibrate_task.o
    0x08011770   0x08011770   0x00000024   Code   RO         1911    i.cali_head_hook    calibrate_task.o
    0x08011794   0x08011794   0x00000078   Code   RO         1912    i.cali_param_init   calibrate_task.o
    0x0801180c   0x0801180c   0x00000058   Code   RO         3993    i.can_filter_init   bsp_can.o
    0x08011864   0x08011864   0x000005fc   Code   RO          974    i.chassis_feedback_update  chassis_task.o
    0x08011e60   0x08011e60   0x00000304   Code   RO          975    i.chassis_init      chassis_task.o
    0x08012164   0x08012164   0x0000021c   Code   RO          976    i.chassis_mode_change_control_transit  chassis_task.o
    0x08012380   0x08012380   0x00000114   Code   RO          977    i.chassis_set_mode  chassis_task.o
    0x08012494   0x08012494   0x00000058   Code   RO          978    i.chassis_task      chassis_task.o
    0x080124ec   0x080124ec   0x00000028   Code   RO         4021    i.delay_init        bsp_delay.o
    0x08012514   0x08012514   0x00000038   Code   RO         4023    i.delay_us          bsp_delay.o
    0x0801254c   0x0801254c   0x0000005c   Code   RO         2033    i.detect_hook       detect_task.o
    0x080125a8   0x080125a8   0x00000046   Code   RO          979    i.evaluate_polynomial  chassis_task.o
    0x080125ee   0x080125ee   0x00000018   Code   RO        11498    i.fabs              m_wm.l(fabs.o)
    0x08012606   0x08012606   0x0000002e   Code   RO         3596    i.fifo_s_get        fifo.o
    0x08012634   0x08012634   0x00000016   Code   RO         3599    i.fifo_s_init       fifo.o
    0x0801264a   0x0801264a   0x00000084   Code   RO         3605    i.fifo_s_puts       fifo.o
    0x080126ce   0x080126ce   0x00000004   Code   RO         3607    i.fifo_s_used       fifo.o
    0x080126d2   0x080126d2   0x0000000c   Code   RO         4063    i.flash_read        bsp_flash.o
    0x080126de   0x080126de   0x0000002a   Code   RO         1758    i.float_to_uint     can_receive.o
    0x08012708   0x08012708   0x00000020   Code   RO         3415    i.fp32_constrain    user_lib.o
    0x08012728   0x08012728   0x00000030   Code   RO         3519    i.get_CRC16_check_sum  crc8_crc16.o
    0x08012758   0x08012758   0x0000001c   Code   RO         3520    i.get_CRC8_check_sum  crc8_crc16.o
    0x08012774   0x08012774   0x0000000c   Code   RO         1759    i.get_HT_motor_measure_point  can_receive.o
    0x08012780   0x08012780   0x00000008   Code   RO         1432    i.get_INS_angle_point  ins_task.o
    0x08012788   0x08012788   0x00000014   Code   RO         1760    i.get_LK_motor_measure_point  can_receive.o
    0x0801279c   0x0801279c   0x00000008   Code   RO         1702    i.get_Uart_Chassisdata_point  uart_receive.o
    0x080127a4   0x080127a4   0x00000008   Code   RO         1434    i.get_accel_data_point  ins_task.o
    0x080127ac   0x080127ac   0x000000e8   Code   RO        10869    i.get_angle         AHRS.lib(ahrs.o)
    0x08012894   0x08012894   0x00000024   Code   RO         2478    i.get_battery_percentage  voltage_task.o
    0x080128b8   0x080128b8   0x00000034   Code   RO         4297    i.get_battery_voltage  bsp_adc.o
    0x080128ec   0x080128ec   0x0000000c   Code   RO         1914    i.get_control_temperature  calibrate_task.o
    0x080128f8   0x080128f8   0x00000008   Code   RO         2036    i.get_error_list_point  detect_task.o
    0x08012900   0x08012900   0x00000008   Code   RO         1435    i.get_gyro_data_point  ins_task.o
    0x08012908   0x08012908   0x0000006c   Code   RO          980    i.get_jacobian_element  chassis_task.o
    0x08012974   0x08012974   0x00000010   Code   RO         2225    i.get_shoot_speed   referee.o
    0x08012984   0x08012984   0x00000008   Code   RO         1763    i.get_trigger_motor_measure_point  can_receive.o
    0x0801298c   0x0801298c   0x00000008   Code   RO         1764    i.get_yaw_gimbal_motor_measure_point  can_receive.o
    0x08012994   0x08012994   0x00000084   Code   RO         1335    i.gimbal_Init       gimbal_task.o
    0x08012a18   0x08012a18   0x0000007c   Code   RO         1336    i.gimbal_control_loop  gimbal_task.o
    0x08012a94   0x08012a94   0x00000074   Code   RO         1337    i.gimbal_feedback_update  gimbal_task.o
    0x08012b08   0x08012b08   0x00000022   Code   RO         1338    i.gimbal_set_control  gimbal_task.o
    0x08012b2a   0x08012b2a   0x00000032   Code   RO         1339    i.gimbal_set_mode   gimbal_task.o
    0x08012b5c   0x08012b5c   0x0000006c   Code   RO         1340    i.gimbal_task       gimbal_task.o
    0x08012bc8   0x08012bc8   0x0000004c   Code   RO         1437    i.gyro_offset_calc  ins_task.o
    0x08012c14   0x08012c14   0x0000007c   Code   RO          981    i.handle_airborne_state  chassis_task.o
    0x08012c90   0x08012c90   0x000000ec   Code   RO         1438    i.imu_cali_slove    ins_task.o
    0x08012d7c   0x08012d7c   0x00000124   Code   RO         1439    i.imu_cmd_spi_dma   ins_task.o
    0x08012ea0   0x08012ea0   0x0000000c   Code   RO         4119    i.imu_pwm_set       bsp_imu_pwm.o
    0x08012eac   0x08012eac   0x000000a8   Code   RO         1440    i.imu_temp_control  ins_task.o
    0x08012f54   0x08012f54   0x0000008c   Code   RO         2226    i.init_referee_struct_data  referee.o
    0x08012fe0   0x08012fe0   0x0000003c   Code   RO         4299    i.init_vrefint_reciprocal  bsp_adc.o
    0x0801301c   0x0801301c   0x00000002   Code   RO         3032    i.ist8310_GPIO_init  ist8310driver_middleware.o
    0x0801301e   0x0801301e   0x00000002   PAD
    0x08013020   0x08013020   0x0000001c   Code   RO         3033    i.ist8310_IIC_read_muli_reg  ist8310driver_middleware.o
    0x0801303c   0x0801303c   0x00000024   Code   RO         3034    i.ist8310_IIC_read_single_reg  ist8310driver_middleware.o
    0x08013060   0x08013060   0x00000024   Code   RO         3036    i.ist8310_IIC_write_single_reg  ist8310driver_middleware.o
    0x08013084   0x08013084   0x00000010   Code   RO         3037    i.ist8310_RST_H     ist8310driver_middleware.o
    0x08013094   0x08013094   0x00000010   Code   RO         3038    i.ist8310_RST_L     ist8310driver_middleware.o
    0x080130a4   0x080130a4   0x00000002   Code   RO         3039    i.ist8310_com_init  ist8310driver_middleware.o
    0x080130a6   0x080130a6   0x00000004   Code   RO         3040    i.ist8310_delay_ms  ist8310driver_middleware.o
    0x080130aa   0x080130aa   0x00000002   PAD
    0x080130ac   0x080130ac   0x0000007c   Code   RO         2997    i.ist8310_init      ist8310driver.o
    0x08013128   0x08013128   0x00000074   Code   RO         2998    i.ist8310_read_mag  ist8310driver.o
    0x0801319c   0x0801319c   0x000000b8   Code   RO         2592    i.iwdg_task         iwdg_task.o
    0x08013254   0x08013254   0x00000118   Code   RO         1577    i.led_RGB_flow_task  led_flow_task.o
    0x0801336c   0x0801336c   0x00000046   Code   RO         3420    i.loop_fp32_constrain  user_lib.o
    0x080133b2   0x080133b2   0x00000072   Code   RO           15    i.main              main.o
    0x08013424   0x08013424   0x0000000c   Code   RO         9751    i.makeFreeRtosPriority  cmsis_os.o
    0x08013430   0x08013430   0x00000044   Code   RO         2565    i.motor_cmd_task    motor_cmd.o
    0x08013474   0x08013474   0x000001c8   Code   RO         2525    i.oled_task         oled_task.o
    0x0801363c   0x0801363c   0x00000028   Code   RO         3126    i.oled_write_byte   oled.o
    0x08013664   0x08013664   0x00000010   Code   RO         9753    i.osDelay           cmsis_os.o
    0x08013674   0x08013674   0x0000000a   Code   RO         9756    i.osKernelStart     cmsis_os.o
    0x0801367e   0x0801367e   0x0000005c   Code   RO         9790    i.osThreadCreate    cmsis_os.o
    0x080136da   0x080136da   0x00000002   PAD
    0x080136dc   0x080136dc   0x00000024   Code   RO         9218    i.pcTaskGetName     tasks.o
    0x08013700   0x08013700   0x00000080   Code   RO         9219    i.prvAddCurrentTaskToDelayedList  tasks.o
    0x08013780   0x08013780   0x00000088   Code   RO         9220    i.prvAddNewTaskToReadyList  tasks.o
    0x08013808   0x08013808   0x0000005c   Code   RO         9583    i.prvCheckForValidListAndQueue  timers.o
    0x08013864   0x08013864   0x00000040   Code   RO         9221    i.prvCheckTasksWaitingTermination  tasks.o
    0x080138a4   0x080138a4   0x00000024   Code   RO         8872    i.prvCopyDataFromQueue  queue.o
    0x080138c8   0x080138c8   0x0000006e   Code   RO         8873    i.prvCopyDataToQueue  queue.o
    0x08013936   0x08013936   0x00000040   Code   RO         9222    i.prvDeleteTCB      tasks.o
    0x08013976   0x08013976   0x00000002   PAD
    0x08013978   0x08013978   0x00000024   Code   RO         9584    i.prvGetNextExpireTime  timers.o
    0x0801399c   0x0801399c   0x00000050   Code   RO        10130    i.prvHeapInit       heap_4.o
    0x080139ec   0x080139ec   0x00000028   Code   RO         9223    i.prvIdleTask       tasks.o
    0x08013a14   0x08013a14   0x00000018   Code   RO         8876    i.prvInitialiseNewQueue  queue.o
    0x08013a2c   0x08013a2c   0x00000098   Code   RO         9224    i.prvInitialiseNewTask  tasks.o
    0x08013ac4   0x08013ac4   0x00000060   Code   RO         9225    i.prvInitialiseTaskLists  tasks.o
    0x08013b24   0x08013b24   0x0000005c   Code   RO        10131    i.prvInsertBlockIntoFreeList  heap_4.o
    0x08013b80   0x08013b80   0x00000048   Code   RO         9586    i.prvInsertTimerInActiveList  timers.o
    0x08013bc8   0x08013bc8   0x0000001a   Code   RO         8877    i.prvIsQueueEmpty   queue.o
    0x08013be2   0x08013be2   0x0000001e   Code   RO         8878    i.prvIsQueueFull    queue.o
    0x08013c00   0x08013c00   0x00000068   Code   RO         9587    i.prvProcessExpiredTimer  timers.o
    0x08013c68   0x08013c68   0x00000110   Code   RO         9588    i.prvProcessReceivedCommands  timers.o
    0x08013d78   0x08013d78   0x0000006c   Code   RO         9589    i.prvProcessTimerOrBlockTask  timers.o
    0x08013de4   0x08013de4   0x00000024   Code   RO         9226    i.prvResetNextTaskUnblockTime  tasks.o
    0x08013e08   0x08013e08   0x0000002c   Code   RO         9590    i.prvSampleTimeNow  timers.o
    0x08013e34   0x08013e34   0x0000006e   Code   RO         9227    i.prvSearchForNameWithinSingleList  tasks.o
    0x08013ea2   0x08013ea2   0x00000002   PAD
    0x08013ea4   0x08013ea4   0x00000078   Code   RO         9591    i.prvSwitchTimerLists  timers.o
    0x08013f1c   0x08013f1c   0x00000018   Code   RO         9228    i.prvTaskCheckFreeStackSpace  tasks.o
    0x08013f34   0x08013f34   0x00000030   Code   RO        10186    i.prvTaskExitError  port.o
    0x08013f64   0x08013f64   0x00000014   Code   RO         9592    i.prvTimerTask      timers.o
    0x08013f78   0x08013f78   0x00000068   Code   RO         8879    i.prvUnlockQueue    queue.o
    0x08013fe0   0x08013fe0   0x000000e8   Code   RO        10132    i.pvPortMalloc      heap_4.o
    0x080140c8   0x080140c8   0x0000002c   Code   RO        10187    i.pxPortInitialiseStack  port.o
    0x080140f4   0x080140f4   0x00000084   Code   RO        10874    i.quat_normalization  AHRS.lib(ahrs.o)
    0x08014178   0x08014178   0x00000150   Code   RO         2227    i.referee_data_solve  referee.o
    0x080142c8   0x080142c8   0x0000012c   Code   RO         2288    i.referee_unpack_fifo_data  referee_usart_task.o
    0x080143f4   0x080143f4   0x000002a0   Code   RO         2289    i.referee_usart_task  referee_usart_task.o
    0x08014694   0x08014694   0x00000010   Code   RO         2080    i.remote_control_init  remote_control.o
    0x080146a4   0x080146a4   0x000000ba   Code   RO         2081    i.sbus_to_rc        remote_control.o
    0x0801475e   0x0801475e   0x00000002   PAD
    0x08014760   0x08014760   0x00000018   Code   RO         1625    i.shoot             shoot.o
    0x08014778   0x08014778   0x00000140   Code   RO         1626    i.shoot_control_set  shoot.o
    0x080148b8   0x080148b8   0x00000048   Code   RO         1627    i.shoot_feedback_update  shoot.o
    0x08014900   0x08014900   0x0000009c   Code   RO         1628    i.shoot_init        shoot.o
    0x0801499c   0x0801499c   0x00000030   Code   RO         1629    i.shoot_set_mode    shoot.o
    0x080149cc   0x080149cc   0x000000b4   Code   RO         1630    i.shoot_single_control  shoot.o
    0x08014a80   0x08014a80   0x0000013c   Code   RO         1631    i.shoot_speed_calc  shoot.o
    0x08014bbc   0x08014bbc   0x0000003e   Code   RO        11534    i.sqrtf             m_wm.l(sqrtf_full.o)
    0x08014bfa   0x08014bfa   0x00000002   PAD
    0x08014bfc   0x08014bfc   0x00000010   Code   RO         2145    i.test_task         test_task.o
    0x08014c0c   0x08014c0c   0x00000014   Code   RO         3424    i.theta_format      user_lib.o
    0x08014c20   0x08014c20   0x00000018   Code   RO         2037    i.toe_is_error      detect_task.o
    0x08014c38   0x08014c38   0x00000020   Code   RO        10764    i.transmit_message_date  ui_interface.o
    0x08014c58   0x08014c58   0x00000034   Code   RO         1703    i.uart_start_task   uart_receive.o
    0x08014c8c   0x08014c8c   0x00000004   Code   RO        10283    i.ui_init_default_DynamicBottomGroup  ui_default.o
    0x08014c90   0x08014c90   0x00000004   Code   RO        10284    i.ui_init_default_DynamicHightGroup  ui_default.o
    0x08014c94   0x08014c94   0x00000004   Code   RO        10285    i.ui_init_default_DynamicLeftGroup  ui_default.o
    0x08014c98   0x08014c98   0x00000004   Code   RO        10286    i.ui_init_default_DynamicRightGroup  ui_default.o
    0x08014c9c   0x08014c9c   0x00000004   Code   RO        10287    i.ui_init_default_StaticGroup  ui_default.o
    0x08014ca0   0x08014ca0   0x00000004   Code   RO        10288    i.ui_init_default_StaticLeftGroup  ui_default.o
    0x08014ca4   0x08014ca4   0x00000004   Code   RO        10289    i.ui_init_default_StaticMiddleGroup  ui_default.o
    0x08014ca8   0x08014ca8   0x00000004   Code   RO        10559    i.ui_init_frame1_DynamicNumberGroup  ui_frame1.o
    0x08014cac   0x08014cac   0x00000004   Code   RO        10560    i.ui_init_frame1_StaticNumberGroup  ui_frame1.o
    0x08014cb0   0x08014cb0   0x00000022   Code   RO        10561    i.ui_init_frame1_StaticTextGroup  ui_frame1.o
    0x08014cd2   0x08014cd2   0x00000002   PAD
    0x08014cd4   0x08014cd4   0x00000050   Code   RO        10766    i.ui_proc_1_frame   ui_interface.o
    0x08014d24   0x08014d24   0x00000050   Code   RO        10767    i.ui_proc_2_frame   ui_interface.o
    0x08014d74   0x08014d74   0x00000050   Code   RO        10768    i.ui_proc_5_frame   ui_interface.o
    0x08014dc4   0x08014dc4   0x00000060   Code   RO        10771    i.ui_proc_string_frame  ui_interface.o
    0x08014e24   0x08014e24   0x00000004   Code   RO        10297    i.ui_update_default_DynamicBottomGroup  ui_default.o
    0x08014e28   0x08014e28   0x00000004   Code   RO        10298    i.ui_update_default_DynamicHightGroup  ui_default.o
    0x08014e2c   0x08014e2c   0x00000004   Code   RO        10299    i.ui_update_default_DynamicLeftGroup  ui_default.o
    0x08014e30   0x08014e30   0x00000004   Code   RO        10300    i.ui_update_default_DynamicRightGroup  ui_default.o
    0x08014e34   0x08014e34   0x00000004   Code   RO        10565    i.ui_update_frame1_DynamicNumberGroup  ui_frame1.o
    0x08014e38   0x08014e38   0x00000028   Code   RO         1765    i.uint_to_float     can_receive.o
    0x08014e60   0x08014e60   0x00000068   Code   RO         9231    i.ulTaskNotifyTake  tasks.o
    0x08014ec8   0x08014ec8   0x0000007a   Code   RO        10875    i.update_w          AHRS.lib(ahrs.o)
    0x08014f42   0x08014f42   0x00000002   PAD
    0x08014f44   0x08014f44   0x000000d4   Code   RO         4252    i.usart6_init       bsp_usart.o
    0x08015018   0x08015018   0x00000026   Code   RO         8832    i.uxListRemove      list.o
    0x0801503e   0x0801503e   0x00000002   PAD
    0x08015040   0x08015040   0x00000014   Code   RO         9234    i.uxTaskGetStackHighWaterMark  tasks.o
    0x08015054   0x08015054   0x00000014   Code   RO          331    i.vApplicationGetIdleTaskMemory  freertos.o
    0x08015068   0x08015068   0x00000018   Code   RO          332    i.vApplicationGetTimerTaskMemory  freertos.o
    0x08015080   0x08015080   0x00000016   Code   RO         8833    i.vListInitialise   list.o
    0x08015096   0x08015096   0x00000006   Code   RO         8834    i.vListInitialiseItem  list.o
    0x0801509c   0x0801509c   0x00000036   Code   RO         8835    i.vListInsert       list.o
    0x080150d2   0x080150d2   0x00000018   Code   RO         8836    i.vListInsertEnd    list.o
    0x080150ea   0x080150ea   0x00000002   PAD
    0x080150ec   0x080150ec   0x00000040   Code   RO        10189    i.vPortEnterCritical  port.o
    0x0801512c   0x0801512c   0x0000002c   Code   RO        10190    i.vPortExitCritical  port.o
    0x08015158   0x08015158   0x00000064   Code   RO        10133    i.vPortFree         heap_4.o
    0x080151bc   0x080151bc   0x00000024   Code   RO        10191    i.vPortSetupTimerInterrupt  port.o
    0x080151e0   0x080151e0   0x00000054   Code   RO        10192    i.vPortValidateInterruptPriority  port.o
    0x08015234   0x08015234   0x00000028   Code   RO         8883    i.vQueueAddToRegistry  queue.o
    0x0801525c   0x0801525c   0x0000004a   Code   RO         8886    i.vQueueWaitForMessageRestricted  queue.o
    0x080152a6   0x080152a6   0x00000002   PAD
    0x080152a8   0x080152a8   0x00000050   Code   RO         9238    i.vTaskDelay        tasks.o
    0x080152f8   0x080152f8   0x00000010   Code   RO         9242    i.vTaskInternalSetTimeOutState  tasks.o
    0x08015308   0x08015308   0x0000000c   Code   RO         9243    i.vTaskMissedYield  tasks.o
    0x08015314   0x08015314   0x000000bc   Code   RO         9244    i.vTaskNotifyGiveFromISR  tasks.o
    0x080153d0   0x080153d0   0x00000034   Code   RO         9245    i.vTaskPlaceOnEventList  tasks.o
    0x08015404   0x08015404   0x0000003c   Code   RO         9246    i.vTaskPlaceOnEventListRestricted  tasks.o
    0x08015440   0x08015440   0x00000090   Code   RO         9253    i.vTaskStartScheduler  tasks.o
    0x080154d0   0x080154d0   0x00000010   Code   RO         9255    i.vTaskSuspendAll   tasks.o
    0x080154e0   0x080154e0   0x00000060   Code   RO         9256    i.vTaskSwitchContext  tasks.o
    0x08015540   0x08015540   0x00000040   Code   RO         3521    i.verify_CRC16_check_sum  crc8_crc16.o
    0x08015580   0x08015580   0x0000002e   Code   RO         3522    i.verify_CRC8_check_sum  crc8_crc16.o
    0x080155ae   0x080155ae   0x00000002   PAD
    0x080155b0   0x080155b0   0x00000104   Code   RO        10193    i.xPortStartScheduler  port.o
    0x080156b4   0x080156b4   0x0000002c   Code   RO        10194    i.xPortSysTickHandler  port.o
    0x080156e0   0x080156e0   0x00000070   Code   RO         8890    i.xQueueGenericCreateStatic  queue.o
    0x08015750   0x08015750   0x00000090   Code   RO         8891    i.xQueueGenericReset  queue.o
    0x080157e0   0x080157e0   0x00000170   Code   RO         8892    i.xQueueGenericSend  queue.o
    0x08015950   0x08015950   0x000000be   Code   RO         8893    i.xQueueGenericSendFromISR  queue.o
    0x08015a0e   0x08015a0e   0x00000002   PAD
    0x08015a10   0x08015a10   0x00000148   Code   RO         8901    i.xQueueReceive     queue.o
    0x08015b58   0x08015b58   0x00000098   Code   RO         9259    i.xTaskCheckForTimeOut  tasks.o
    0x08015bf0   0x08015bf0   0x0000006c   Code   RO         9260    i.xTaskCreate       tasks.o
    0x08015c5c   0x08015c5c   0x00000060   Code   RO         9261    i.xTaskCreateStatic  tasks.o
    0x08015cbc   0x08015cbc   0x0000008c   Code   RO         9265    i.xTaskGetHandle    tasks.o
    0x08015d48   0x08015d48   0x0000001c   Code   RO         9266    i.xTaskGetSchedulerState  tasks.o
    0x08015d64   0x08015d64   0x0000000c   Code   RO         9267    i.xTaskGetTickCount  tasks.o
    0x08015d70   0x08015d70   0x000000d4   Code   RO         9269    i.xTaskIncrementTick  tasks.o
    0x08015e44   0x08015e44   0x0000009c   Code   RO         9272    i.xTaskPriorityDisinherit  tasks.o
    0x08015ee0   0x08015ee0   0x00000078   Code   RO         9274    i.xTaskRemoveFromEventList  tasks.o
    0x08015f58   0x08015f58   0x000000cc   Code   RO         9275    i.xTaskResumeAll    tasks.o
    0x08016024   0x08016024   0x00000068   Code   RO         9599    i.xTimerCreateTimerTask  timers.o
    0x0801608c   0x0801608c   0x00000074   Code   RO         9600    i.xTimerGenericCommand  timers.o
    0x08016100   0x08016100   0x0000002c   Code   RO        11914    locale$$code        c_w.l(lc_numeric_c.o)
    0x0801612c   0x0801612c   0x0000002c   Code   RO        11979    locale$$code        c_w.l(lc_ctype_c.o)
    0x08016158   0x08016158   0x00000018   Code   RO        11392    x$fpl$basic         g_wm.l(basic.o)
    0x08016170   0x08016170   0x000002c4   Code   RO        11394    x$fpl$d2f           g_wm.l(d2f_clz.o)
    0x08016434   0x08016434   0x0000024c   Code   RO        11396    x$fpl$dadd          g_wm.l(daddsub_clz.o)
    0x08016680   0x08016680   0x00000018   Code   RO        11686    x$fpl$dcmpinf       g_wm.l(dcmpi.o)
    0x08016698   0x08016698   0x0000037c   Code   RO        11403    x$fpl$ddiv          g_wm.l(ddiv_clz.o)
    0x08016a14   0x08016a14   0x00000074   Code   RO        11406    x$fpl$deqf          g_wm.l(deqf.o)
    0x08016a88   0x08016a88   0x000000c8   Code   RO        11844    x$fpl$dfix          g_wm.l(dfix.o)
    0x08016b50   0x08016b50   0x0000002e   Code   RO        11409    x$fpl$dflt          g_wm.l(dflt_clz.o)
    0x08016b7e   0x08016b7e   0x0000001a   Code   RO        11410    x$fpl$dfltn         g_wm.l(dflt_clz.o)
    0x08016b98   0x08016b98   0x00000026   Code   RO        11408    x$fpl$dfltu         g_wm.l(dflt_clz.o)
    0x08016bbe   0x08016bbe   0x00000002   PAD
    0x08016bc0   0x08016bc0   0x00000078   Code   RO        11414    x$fpl$dleqf         g_wm.l(dleqf.o)
    0x08016c38   0x08016c38   0x000001c0   Code   RO        11416    x$fpl$dmul          g_wm.l(dmul_clz.o)
    0x08016df8   0x08016df8   0x00000102   Code   RO        11688    x$fpl$dnaninf       g_wm.l(dnaninf.o)
    0x08016efa   0x08016efa   0x00000070   Code   RO        11690    x$fpl$drenorm       g_wm.l(drenorm_clz.o)
    0x08016f6a   0x08016f6a   0x0000000c   Code   RO        11692    x$fpl$dretinf       g_wm.l(dretinf.o)
    0x08016f76   0x08016f76   0x00000062   Code   RO        11418    x$fpl$drleqf        g_wm.l(drleqf.o)
    0x08016fd8   0x08016fd8   0x00000050   Code   RO        11397    x$fpl$drsb          g_wm.l(daddsub_clz.o)
    0x08017028   0x08017028   0x00000208   Code   RO        11694    x$fpl$dsqrt         g_wm.l(dsqrt_umaalclz.o)
    0x08017230   0x08017230   0x0000029c   Code   RO        11398    x$fpl$dsub          g_wm.l(daddsub_clz.o)
    0x080174cc   0x080174cc   0x0000017a   Code   RO        11696    x$fpl$dunder        g_wm.l(dunder_clz.o)
    0x08017646   0x08017646   0x00000002   PAD
    0x08017648   0x08017648   0x000001ec   Code   RO        11698    x$fpl$exception     g_wm.l(except.o)
    0x08017834   0x08017834   0x0000007a   Code   RO        11420    x$fpl$f2d           g_wm.l(f2d.o)
    0x080178ae   0x080178ae   0x000000f2   Code   RO        11700    x$fpl$fnaninf       g_wm.l(fnaninf.o)
    0x080179a0   0x080179a0   0x0000000a   Code   RO        11848    x$fpl$fpinit        g_wm.l(fpinit.o)
    0x080179aa   0x080179aa   0x0000000a   Code   RO        11702    x$fpl$fretinf       g_wm.l(fretinf.o)
    0x080179b4   0x080179b4   0x0000013c   Code   RO        11704    x$fpl$funder        g_wm.l(funder_clz.o)
    0x08017af0   0x08017af0   0x00000020   Code   RO        11958    x$fpl$ieeestatus    g_wm.l(istatus.o)
    0x08017b10   0x08017b10   0x00000004   Code   RO        11706    x$fpl$printf1       g_wm.l(printf1.o)
    0x08017b14   0x08017b14   0x00000004   Code   RO        11708    x$fpl$printf2       g_wm.l(printf2.o)
    0x08017b18   0x08017b18   0x000000b2   Code   RO        11850    x$fpl$retnan        g_wm.l(retnan.o)
    0x08017bca   0x08017bca   0x0000007e   Code   RO        11714    x$fpl$trapveneer    g_wm.l(trapv.o)
    0x08017c48   0x08017c48   0x00000000   Code   RO        11716    x$fpl$usenofp       g_wm.l(usenofp.o)
    0x08017c48   0x08017c48   0x00000134   Data   RO          334    .constdata          freertos.o
    0x08017d7c   0x08017d7c   0x00000018   Data   RO          985    .constdata          chassis_task.o
    0x08017d94   0x08017d94   0x00000018   Data   RO         1342    .constdata          gimbal_task.o
    0x08017dac   0x08017dac   0x0000000c   Data   RO         1444    .constdata          ins_task.o
    0x08017db8   0x08017db8   0x00000018   Data   RO         1633    .constdata          shoot.o
    0x08017dd0   0x08017dd0   0x00000018   Data   RO         2526    .constdata          oled_task.o
    0x08017de8   0x08017de8   0x00000018   Data   RO         2527    .constdata          oled_task.o
    0x08017e00   0x08017e00   0x00000018   Data   RO         2528    .constdata          oled_task.o
    0x08017e18   0x08017e18   0x00000030   Data   RO         2529    .constdata          oled_task.o
    0x08017e48   0x08017e48   0x00000012   Data   RO         2698    .constdata          bmi088driver.o
    0x08017e5a   0x08017e5a   0x0000000c   Data   RO         3000    .constdata          ist8310driver.o
    0x08017e66   0x08017e66   0x00000874   Data   RO         3128    .constdata          oled.o
    0x080186da   0x080186da   0x00000300   Data   RO         3524    .constdata          crc8_crc16.o
    0x080189da   0x080189da   0x00000010   Data   RO         4417    .constdata          system_stm32f4xx.o
    0x080189ea   0x080189ea   0x00000008   Data   RO         4418    .constdata          system_stm32f4xx.o
    0x080189f2   0x080189f2   0x00000008   Data   RO         5250    .constdata          stm32f4xx_hal_dma.o
    0x080189fa   0x080189fa   0x00000300   Data   RO        10774    .constdata          ui_interface.o
    0x08018cfa   0x08018cfa   0x00000002   PAD
    0x08018cfc   0x08018cfc   0x0000000c   Data   RO        10876    .constdata          AHRS.lib(ahrs.o)
    0x08018d08   0x08018d08   0x00000804   Data   RO        11230    .constdata          arm_cortexM4lf_math.lib(arm_common_tables.o)
    0x0801950c   0x0801950c   0x00000028   Data   RO        11348    .constdata          c_w.l(_printf_hex_int_ll_ptr.o)
    0x08019534   0x08019534   0x00000011   Data   RO        11368    .constdata          c_w.l(__printf_flags_ss_wp.o)
    0x08019545   0x08019545   0x00000003   PAD
    0x08019548   0x08019548   0x00000098   Data   RO        11449    .constdata          m_wm.l(atan.o)
    0x080195e0   0x080195e0   0x00000008   Data   RO        11601    .constdata          c_w.l(_printf_wctomb.o)
    0x080195e8   0x080195e8   0x00000030   Data   RO        11718    .constdata          m_wm.l(cos_i.o)
    0x08019618   0x08019618   0x00000008   Data   RO        11754    .constdata          m_wm.l(qnan.o)
    0x08019620   0x08019620   0x000000c8   Data   RO        11757    .constdata          m_wm.l(rred.o)
    0x080196e8   0x080196e8   0x00000028   Data   RO        11764    .constdata          m_wm.l(sin_i.o)
    0x08019710   0x08019710   0x00000026   Data   RO        11811    .constdata          c_w.l(_printf_fp_hex.o)
    0x08019736   0x08019736   0x00000002   PAD
    0x08019738   0x08019738   0x00000094   Data   RO        11876    .constdata          c_w.l(bigflt0.o)
    0x080197cc   0x080197cc   0x00000071   Data   RO          335    .conststring        freertos.o
    0x0801983d   0x0801983d   0x00000003   PAD
    0x08019840   0x08019840   0x00000020   Data   RO        12029    Region$$Table       anon$$obj.o
    0x08019860   0x08019860   0x0000001c   Data   RO        11913    locale$$data        c_w.l(lc_numeric_c.o)
    0x0801987c   0x0801987c   0x00000110   Data   RO        11978    locale$$data        c_w.l(lc_ctype_c.o)


    Execution Region RW_IRAM1 (Exec base: 0x20000000, Load base: 0x0801998c, Size: 0x0000de88, Max: 0x00020000, ABSOLUTE, COMPRESSED[0x0000048c])

    Exec Addr    Load Addr    Size         Type   Attr      Idx    E Section Name        Object

    0x20000000   COMPRESSED   0x0000002c   Data   RW          337    .data               freertos.o
    0x2000002c   COMPRESSED   0x00000004   Data   RW          472    .data               can.o
    0x20000030   COMPRESSED   0x0000000c   Data   RW          827    .data               stm32f4xx_it.o
    0x2000003c   COMPRESSED   0x00000084   Data   RW          986    .data               chassis_task.o
    0x200000c0   COMPRESSED   0x000000a0   Data   RW         1446    .data               ins_task.o
    0x20000160   COMPRESSED   0x0000001c   Data   RW         1578    .data               led_flow_task.o
    0x2000017c   COMPRESSED   0x00000014   Data   RW         1634    .data               shoot.o
    0x20000190   COMPRESSED   0x0000000c   Data   RW         1705    .data               uart_receive.o
    0x2000019c   COMPRESSED   0x00000028   Data   RW         1767    .data               can_receive.o
    0x200001c4   COMPRESSED   0x00000004   Data   RW         1769    .data               can_receive.o
    0x200001c8   COMPRESSED   0x00000054   Data   RW         1922    .data               calibrate_task.o
    0x2000021c   COMPRESSED   0x00000002   Data   RW         2085    .data               remote_control.o
    0x2000021e   COMPRESSED   0x00000002   PAD
    0x20000220   COMPRESSED   0x00000004   Data   RW         2147    .data               test_task.o
    0x20000224   COMPRESSED   0x00000033   Data   RW         2229    .data               referee.o
    0x20000257   COMPRESSED   0x00000001   PAD
    0x20000258   COMPRESSED   0x00000014   Data   RW         2291    .data               referee_usart_task.o
    0x2000026c   COMPRESSED   0x00000008   Data   RW         2479    .data               voltage_task.o
    0x20000274   COMPRESSED   0x00000018   Data   RW         2530    .data               oled_task.o
    0x2000028c   COMPRESSED   0x00000078   Data   RW         2627    .data               balance_filter.o
    0x20000304   COMPRESSED   0x0000002c   Data   RW         2699    .data               bmi088driver.o
    0x20000330   COMPRESSED   0x00000008   Data   RW         3129    .data               oled.o
    0x20000338   COMPRESSED   0x00000002   Data   RW         3525    .data               crc8_crc16.o
    0x2000033a   COMPRESSED   0x00000002   PAD
    0x2000033c   COMPRESSED   0x000003c4   Data   RW         3798    .data               lqr.o
    0x20000700   COMPRESSED   0x00000004   Data   RW         3837    .data               kalman_filter.o
    0x20000704   COMPRESSED   0x00000008   Data   RW         4024    .data               bsp_delay.o
    0x2000070c   COMPRESSED   0x00000008   Data   RW         4148    .data               bsp_led.o
    0x20000714   COMPRESSED   0x00000004   Data   RW         4301    .data               bsp_adc.o
    0x20000718   COMPRESSED   0x00000004   Data   RW         4419    .data               system_stm32f4xx.o
    0x2000071c   COMPRESSED   0x0000000c   Data   RW         5690    .data               stm32f4xx_hal.o
    0x20000728   COMPRESSED   0x0000003c   Data   RW         9278    .data               tasks.o
    0x20000764   COMPRESSED   0x00000014   Data   RW         9608    .data               timers.o
    0x20000778   COMPRESSED   0x00000020   Data   RW        10139    .data               heap_4.o
    0x20000798   COMPRESSED   0x0000000c   Data   RW        10195    .data               port.o
    0x200007a4   COMPRESSED   0x0000004c   Data   RW        10305    .data               ui_default.o
    0x200007f0   COMPRESSED   0x00000034   Data   RW        10569    .data               ui_frame1.o
    0x20000824   COMPRESSED   0x00000008   Data   RW        10775    .data               ui_interface.o
    0x2000082c   COMPRESSED   0x00000010   Data   RW        10877    .data               AHRS.lib(ahrs.o)
    0x2000083c        -       0x000006a8   Zero   RW          333    .bss                freertos.o
    0x20000ee4        -       0x00000090   Zero   RW          423    .bss                adc.o
    0x20000f74        -       0x00000050   Zero   RW          471    .bss                can.o
    0x20000fc4        -       0x000000fc   Zero   RW          545    .bss                i2c.o
    0x200010c0        -       0x00000020   Zero   RW          597    .bss                rtc.o
    0x200010e0        -       0x00000118   Zero   RW          639    .bss                spi.o
    0x200011f8        -       0x000001b0   Zero   RW          687    .bss                tim.o
    0x200013a8        -       0x00000258   Zero   RW          761    .bss                usart.o
    0x20001600        -       0x00000704   Zero   RW          982    .bss                chassis_task.o
    0x20001d04        -       0x000000d4   Zero   RW         1341    .bss                gimbal_task.o
    0x20001dd8        -       0x0000011c   Zero   RW         1441    .bss                ins_task.o
    0x20001ef4        -       0x00000108   Zero   RW         1632    .bss                shoot.o
    0x20001ffc        -       0x00000060   Zero   RW         1704    .bss                uart_receive.o
    0x2000205c        -       0x0000014c   Zero   RW         1766    .bss                can_receive.o
    0x200021a8        -       0x00000014   Zero   RW         1916    .bss                calibrate_task.o
    0x200021bc        -       0x00000018   Zero   RW         1917    .bss                calibrate_task.o
    0x200021d4        -       0x00000018   Zero   RW         1918    .bss                calibrate_task.o
    0x200021ec        -       0x00000018   Zero   RW         1919    .bss                calibrate_task.o
    0x20002204        -       0x000000b9   Zero   RW         1920    .bss                calibrate_task.o
    0x200022bd        -       0x0000021c   Zero   RW         2038    .bss                detect_task.o
    0x200024d9        -       0x00000062   Zero   RW         2084    .bss                remote_control.o
    0x2000253b        -       0x000000b8   Zero   RW         2228    .bss                referee.o
    0x200025f3   COMPRESSED   0x00000001   PAD
    0x200025f4        -       0x000008a1   Zero   RW         2290    .bss                referee_usart_task.o
    0x20002e95   COMPRESSED   0x00000003   PAD
    0x20002e98        -       0x000004e0   Zero   RW         2624    .bss                balance_filter.o
    0x20003378        -       0x00000417   Zero   RW         3127    .bss                oled.o
    0x2000378f   COMPRESSED   0x00000001   PAD
    0x20003790        -       0x000000a0   Zero   RW         3797    .bss                lqr.o
    0x20003830        -       0x00000010   Zero   RW         4300    .bss                bsp_adc.o
    0x20003840        -       0x00000040   Zero   RW         8904    .bss                queue.o
    0x20003880        -       0x000000f0   Zero   RW         9277    .bss                tasks.o
    0x20003970        -       0x00000110   Zero   RW         9607    .bss                timers.o
    0x20003a80        -       0x00006000   Zero   RW        10138    .bss                heap_4.o
    0x20009a80        -       0x00000186   Zero   RW        10304    .bss                ui_default.o
    0x20009c06        -       0x0000021c   Zero   RW        10568    .bss                ui_frame1.o
    0x20009e22   COMPRESSED   0x00000002   PAD
    0x20009e24        -       0x00000060   Zero   RW        11772    .bss                c_w.l(libspace.o)
    0x20009e84   COMPRESSED   0x00000004   PAD
    0x20009e88        -       0x00002000   Zero   RW            2    HEAP                startup_stm32f407xx.o
    0x2000be88        -       0x00002000   Zero   RW            1    STACK               startup_stm32f407xx.o


==============================================================================

Image component sizes


      Code (inc. data)   RO Data    RW Data    ZI Data      Debug   Object Name

       324         40          0          0        144       2362   adc.o
        70          6          0          0          0       5148   ahrs_middleware.o
       822         72          0        120       1248       7802   balance_filter.o
      2144         36         18         44          0     626875   bmi088driver.o
       108         28          0          0          0       4724   bmi088middleware.o
       172         32          0          4         16       2449   bsp_adc.o
        32         10          0          0          0       1009   bsp_buzzer.o
        88          8          0          0          0        594   bsp_can.o
        96         20          0          8          0       1312   bsp_delay.o
        12          0          0          0          0        957   bsp_flash.o
       380         46          0          0          0       2762   bsp_i2c.o
        12          4          0          0          0        510   bsp_imu_pwm.o
        60          8          0          8          0        624   bsp_led.o
       188         28          0          0          0       2039   bsp_rc.o
      6488         86          0          0          0       5442   bsp_spi.o
       212         26          0          0          0       1239   bsp_usart.o
       400         32          0         84        277       6814   calibrate_task.o
       392         42          0          4         80       2518   can.o
      1834        152          0         44        332      10957   can_receive.o
     10734        646         24        132       1796     643813   chassis_task.o
       130          0          0          0          0      22987   cmsis_os.o
       186         12        768          2          0       3889   crc8_crc16.o
       124         14          0          0        540       2371   detect_task.o
       140          4          0          0          0        846   dma.o
         0          0          0          0          0      19724   event_groups.o
       204          0          0          0          0       9867   fifo.o
       304         22        421         44       1704       4193   freertos.o
       564         64         24          0        212      29214   gimbal_task.o
       348         20          0          0          0       1151   gpio.o
       504         32          0         32      24576       5087   heap_4.o
       504         80          0          0        252       3123   i2c.o
      2920        160         12        160        284      22463   ins_task.o
       240         10         12          0          0       2714   ist8310driver.o
       140         28          0          0          0       5147   ist8310driver_middleware.o
       184          8          0          0          0        688   iwdg_task.o
      2212         18          0          4          0       9227   kalman_filter.o
       280         10          0         28          0       1945   led_flow_task.o
       144          0          0          0          0       3646   list.o
       156          8          0        964        160       1377   lqr.o
       264          8          0          0          0     808887   main.o
        68          6          0          0          0        545   motor_cmd.o
       932         58       2164          8       1047      11475   oled.o
       456         22        120         24          0       2982   oled_task.o
       444         10          0          0          0       2650   pid.o
       814         92          0         12          0      12137   port.o
      1586         24          0          0         64      17808   queue.o
       492         24          0         51        184       3735   referee.o
      1168        118          0         20       2209       9428   referee_usart_task.o
       410         30          0          2         98       2744   remote_control.o
       116         22          0          0         32       1563   rtc.o
      1160        130         24         20        264       6166   shoot.o
       344         32          0          0        280       1931   spi.o
        64         26        392          0      16384        856   startup_stm32f407xx.o
       148         24          0         12          0       8845   stm32f4xx_hal.o
      1262         42          0          0          0       5398   stm32f4xx_hal_adc.o
      1992          6          0          0          0      15159   stm32f4xx_hal_can.o
       244         26          0          0          0      34214   stm32f4xx_hal_cortex.o
      1272         18          8          0          0       7598   stm32f4xx_hal_dma.o
       594         24          0          0          0       3035   stm32f4xx_hal_gpio.o
      3462         66          0          0          0      16308   stm32f4xx_hal_i2c.o
        56          4          0          0          0        854   stm32f4xx_hal_msp.o
      1722        104          0          0          0       6600   stm32f4xx_hal_rcc.o
       380         34          0          0          0       1540   stm32f4xx_hal_rcc_ex.o
       334          4          0          0          0       3451   stm32f4xx_hal_rtc.o
      1074         16          0          0          0       5057   stm32f4xx_hal_spi.o
      1798         56          0          0          0      13855   stm32f4xx_hal_tim.o
       154          0          0          0          0       1456   stm32f4xx_hal_tim_ex.o
      2132         22          0          0          0      17070   stm32f4xx_hal_uart.o
       164         44          0         12          0       8378   stm32f4xx_it.o
        84         18         24          4          0       1191   system_stm32f4xx.o
      2902        244          0         60        240      34589   tasks.o
        16          6          0          4          0       1545   test_task.o
      1312        128          0          0        432       6315   tim.o
      1088         94          0         20        272      31039   timers.o
       204         30          0         12         96       2717   uart_receive.o
      2964         88          0         76        390      21129   ui_default.o
      1978        138          0         52        540      11190   ui_frame1.o
       444         34        768          8          0       9884   ui_interface.o
       760         78          0          0        600       3584   usart.o
       122          8          0          0          0       2150   user_lib.o
       284         64          0          8          0       2289   voltage_task.o

    ----------------------------------------------------------------------
     71194       3834       4816       2092      54760    2638956   Object Totals
         0          0         32          0          0          0   (incl. Generated)
        78          0          5          5          7          0   (incl. Padding)

    ----------------------------------------------------------------------

      Code (inc. data)   RO Data    RW Data    ZI Data      Debug   Library Member Name

      2718         84         12         16          0       9922   ahrs.o
         0          0       2052          0          0       4636   arm_common_tables.o
       120         12          0          0          0      16970   arm_cos_f32.o
       264          0          0          0          0       1482   arm_mat_add_f32.o
         8          0          0          0          0        843   arm_mat_init_f32.o
      1328          4          0          0          0       2718   arm_mat_inverse_f32.o
       316          4          0          0          0       1627   arm_mat_mult_f32.o
       264          0          0          0          0       1482   arm_mat_sub_f32.o
       276          0          0          0          0       1516   arm_mat_trans_f32.o
       116         12          0          0          0        658   arm_sin_f32.o
       100          0          0          0          0          0   __dclz77c.o
         8          0          0          0          0         68   __main.o
       392          4         17          0          0         92   __printf_flags_ss_wp.o
        14          0          0          0          0         68   __printf_wp.o
         0          0          0          0          0          0   __rtentry.o
        12          0          0          0          0          0   __rtentry2.o
         6          0          0          0          0          0   __rtentry4.o
        52          8          0          0          0          0   __scatter.o
        28          0          0          0          0          0   __scatter_zi.o
        48          4          0          0          0         84   _fptrap.o
         6          0          0          0          0          0   _printf_a.o
         6          0          0          0          0          0   _printf_c.o
        44          0          0          0          0        108   _printf_char.o
        48          6          0          0          0         96   _printf_char_common.o
        40          0          0          0          0         68   _printf_charcount.o
         6          0          0          0          0          0   _printf_d.o
       120         16          0          0          0         92   _printf_dec.o
         6          0          0          0          0          0   _printf_e.o
         6          0          0          0          0          0   _printf_f.o
      1054          0          0          0          0        216   _printf_fp_dec.o
       764          8         38          0          0        100   _printf_fp_hex.o
       128         16          0          0          0         84   _printf_fp_infnan.o
         6          0          0          0          0          0   _printf_g.o
       148          4         40          0          0        160   _printf_hex_int_ll_ptr.o
         6          0          0          0          0          0   _printf_i.o
       178          0          0          0          0         88   _printf_intcommon.o
        10          0          0          0          0          0   _printf_l.o
         6          0          0          0          0          0   _printf_lc.o
        10          0          0          0          0          0   _printf_ll.o
         6          0          0          0          0          0   _printf_lld.o
         6          0          0          0          0          0   _printf_lli.o
         6          0          0          0          0          0   _printf_llo.o
         6          0          0          0          0          0   _printf_llu.o
         6          0          0          0          0          0   _printf_llx.o
       124         16          0          0          0         92   _printf_longlong_dec.o
         6          0          0          0          0          0   _printf_ls.o
         6          0          0          0          0          0   _printf_n.o
         6          0          0          0          0          0   _printf_o.o
       112         10          0          0          0        124   _printf_oct_int_ll.o
         6          0          0          0          0          0   _printf_p.o
        78          0          0          0          0        108   _printf_pad.o
         0          0          0          0          0          0   _printf_percent.o
         4          0          0          0          0          0   _printf_percent_end.o
         6          0          0          0          0          0   _printf_s.o
        82          0          0          0          0         80   _printf_str.o
        36          0          0          0          0         84   _printf_truncate.o
         6          0          0          0          0          0   _printf_u.o
        44          0          0          0          0        108   _printf_wchar.o
       188          6          8          0          0         92   _printf_wctomb.o
         6          0          0          0          0          0   _printf_x.o
        22          0          0          0          0        100   _rserrno.o
        10          0          0          0          0         68   _sputc.o
        64          0          0          0          0         92   _wcrtomb.o
        16          0          0          0          0         68   aeabi_memset.o
       228          4        148          0          0         96   bigflt0.o
      1936        128          0          0          0        672   btod.o
        10          0          0          0          0         68   defsig_exit.o
       172        110          0          0          0         76   defsig_fpe_inner.o
        14          0          0          0          0         80   defsig_fpe_outer.o
        50          0          0          0          0         88   defsig_general.o
        80         58          0          0          0         76   defsig_rtmem_inner.o
        14          0          0          0          0         80   defsig_rtmem_outer.o
        18          0          0          0          0         80   exit.o
        94          0          0          0          0         80   h1_alloc.o
        52          0          0          0          0         68   h1_extend.o
        78          0          0          0          0         80   h1_free.o
        14          0          0          0          0         84   h1_init.o
         6          0          0          0          0        152   heapauxi.o
         4          0          0          0          0        136   hguard.o
         0          0          0          0          0          0   indicate_semi.o
       138          0          0          0          0        168   init_alloc.o
        44         10        272          0          0         76   lc_ctype_c.o
        44         10         28          0          0         76   lc_numeric_c.o
         2          0          0          0          0          0   libinit.o
        42          0          0          0          0          0   libinit2.o
         2          0          0          0          0          0   libshutdown.o
         2          0          0          0          0          0   libshutdown2.o
         8          4          0          0         96         68   libspace.o
       138          0          0          0          0         80   lludiv10.o
       238          0          0          0          0        100   lludivv7m.o
         0          0          0          0          0          0   maybetermalloc1.o
        16          4          0          0          0         76   rt_ctype_table.o
         8          4          0          0          0         68   rt_errno_addr_intlibspace.o
         8          4          0          0          0         68   rt_heap_descriptor_intlibspace.o
         8          4          0          0          0         68   rt_locale_intlibspace.o
        68          0          0          0          0         68   rt_memclr.o
        78          0          0          0          0         80   rt_memclr_w.o
       138          0          0          0          0         68   rt_memcpy_v6.o
       100          0          0          0          0         80   rt_memcpy_w.o
         2          0          0          0          0          0   rtexit.o
        10          0          0          0          0          0   rtexit2.o
       128          0          0          0          0         68   strcmpv7m.o
        72          0          0          0          0         80   strcpy.o
        62          0          0          0          0         76   strlen.o
        12          4          0          0          0         68   sys_exit.o
        74          0          0          0          0         80   sys_stackheap_outer.o
        14          0          0          0          0         76   sys_wrch.o
         2          0          0          0          0         68   use_no_semi.o
        36          4          0          0          0         76   vsprintf.o
        24          0          0          0          0        164   basic.o
       708         16          0          0          0        140   d2f_clz.o
      1336         32          0          0          0        532   daddsub_clz.o
        24          0          0          0          0        116   dcmpi.o
       892        152          0          0          0        292   ddiv_clz.o
       116          8          0          0          0        140   deqf.o
       200         16          0          0          0        184   dfix.o
       110          0          0          0          0        348   dflt_clz.o
       120          8          0          0          0        140   dleqf.o
       448         16          0          0          0        164   dmul_clz.o
       258          4          0          0          0        156   dnaninf.o
       112          0          0          0          0        160   drenorm_clz.o
        12          0          0          0          0        116   dretinf.o
        98          0          0          0          0        128   drleqf.o
       520         56          0          0          0        180   dsqrt_umaalclz.o
       378          0          0          0          0        168   dunder_clz.o
       492         36          0          0          0        148   except.o
       122          8          0          0          0        132   f2d.o
       242          4          0          0          0        144   fnaninf.o
        10          0          0          0          0        116   fpinit.o
        10          0          0          0          0        116   fretinf.o
       316          0          0          0          0        132   funder_clz.o
        32          4          0          0          0        116   istatus.o
         4          0          0          0          0        116   printf1.o
         4          0          0          0          0        116   printf2.o
       178          0          0          0          0        116   retnan.o
       126          0          0          0          0        148   trapv.o
         0          0          0          0          0          0   usenofp.o
       300         42          0          0          0        176   asinf.o
       744        106        152          0          0        352   atan.o
       496         64          0          0          0        192   atan2.o
       592         90          0          0          0        184   atan2f.o
       200         20          0          0          0        164   cos.o
       368         46         48          0          0        200   cos_i.o
       104         16          0          0          0        496   dunder.o
        44          0          0          0          0        248   fabs.o
        48          0          0          0          0        124   fpclassify.o
        38          0          0          0          0        116   fpclassifyf.o
        44         12          0          0          0        464   funder.o
       248          0          0          0          0        152   poly.o
         0          0          8          0          0          0   qnan.o
      1080        142        200          0          0        188   rred.o
       200         20          0          0          0        164   sin.o
       304         24         40          0          0        208   sin_i.o
       122          0          0          0          0        148   sqrt_full.o
       120          0          0          0          0        272   sqrtf_full.o

    ----------------------------------------------------------------------
     25766       1504       3068         16        100      56222   Library Totals
        44          0          5          0          4          0   (incl. Padding)

    ----------------------------------------------------------------------

      Code (inc. data)   RO Data    RW Data    ZI Data      Debug   Library Name

      2718         84         12         16          0       9922   AHRS.lib
      2692         32       2052          0          0      31932   arm_cortexM4lf_math.lib
      8368        446        551          0         96       5992   c_w.l
      6892        360          0          0          0       4528   g_wm.l
      5052        582        448          0          0       3848   m_wm.l

    ----------------------------------------------------------------------
     25766       1504       3068         16        100      56222   Library Totals

    ----------------------------------------------------------------------

==============================================================================


      Code (inc. data)   RO Data    RW Data    ZI Data      Debug   

     96960       5338       7884       2108      54860    2639146   Grand Totals
     96960       5338       7884       1164      54860    2639146   ELF Image Totals (compressed)
     96960       5338       7884       1164          0          0   ROM Totals

==============================================================================

    Total RO  Size (Code + RO Data)               104844 ( 102.39kB)
    Total RW  Size (RW Data + ZI Data)             56968 (  55.63kB)
    Total ROM Size (Code + RO Data + RW Data)     106008 ( 103.52kB)

==============================================================================

