<html>
<body>
<pre>
<h1>µVision Build Log</h1>
<h2>Tool Versions:</h2>
IDE-Version: ¦ÌVision V5.24.2.0
Copyright (C) 2017 ARM Ltd and ARM Germany GmbH. All rights reserved.
License Information: 1 ASUS, whu, LIC=21E4T-R7DCY-VE4HA-1DFGG-7LG2C-6HCJY
 
Tool Versions:
Toolchain:       MDK-ARM Plus  Version: 5.24.1
Toolchain Path:  D:\Keil5\ARM\ARMCC\Bin
C Compiler:      Armcc.exe V5.06 update 5 (build 528)
Assembler:       Armasm.exe V5.06 update 5 (build 528)
Linker/Locator:  ArmLink.exe V5.06 update 5 (build 528)
Library Manager: ArmAr.exe V5.06 update 5 (build 528)
Hex Converter:   FromElf.exe V5.06 update 5 (build 528)
CPU DLL:         SARMCM3.DLL V5.24.1
Dialog DLL:      DCM.DLL V1.16.0.0
Target DLL:      CMSIS_AGDI.dll V1.28.3.0
Dialog DLL:      TCM.DLL V1.32.0.0
 
<h2>Project:</h2>
C:\Users\ASUS\Desktop\uart_balance\01Balance_chassis_task\MDK-ARM\chassis_task.uvprojx
Project File Date:  11/11/2025

<h2>Output:</h2>
*** Using Compiler 'V5.06 update 5 (build 528)', folder: 'D:\Keil5\ARM\ARMCC\Bin'
Build target 'chassis_task'
compiling Chassis_power_control.c...
..\application\CAN_receive.h(188): warning:  #1295-D: Deprecated declaration get_Chassisdata_point - give arg types
  extern const chassis_data_t *get_Chassisdata_point();
..\application\shoot.h(63): warning:  #1295-D: Deprecated declaration shoot - give arg types
  extern shoot_control_t *shoot();
..\application\shoot.h(64): warning:  #1295-D: Deprecated declaration shoot_init - give arg types
  extern void shoot_init();
..\application\shoot.h(66): warning:  #1-D: last line of file ends without a newline
  #endif
..\application\gimbal_task.h(79): warning:  #1295-D: Deprecated declaration gimbal_task - give arg types
  void gimbal_task();
..\application\gimbal_task.h(81): warning:  #1-D: last line of file ends without a newline
  #endif
..\application\chassis_task.h(173): warning:  #47-D: incompatible redefinition of macro "HALF_ECD_RANGE"  (declared at line 7 of "..\application\shoot.h")
  #define HALF_ECD_RANGE                14383
..\application\Chassis_power_control.h(10): warning:  #1-D: last line of file ends without a newline
  #endif
..\application\Chassis_power_control.c(14): warning:  #177-D: variable "Power_Max"  was declared but never referenced
  static uint16_t  Power_Max;
..\application\Chassis_power_control.c: 9 warnings, 0 errors
compiling chassis_behaviour.c...
..\application\CAN_receive.h(188): warning:  #1295-D: Deprecated declaration get_Chassisdata_point - give arg types
  extern const chassis_data_t *get_Chassisdata_point();
..\application\shoot.h(63): warning:  #1295-D: Deprecated declaration shoot - give arg types
  extern shoot_control_t *shoot();
..\application\shoot.h(64): warning:  #1295-D: Deprecated declaration shoot_init - give arg types
  extern void shoot_init();
..\application\shoot.h(66): warning:  #1-D: last line of file ends without a newline
  #endif
..\application\gimbal_task.h(79): warning:  #1295-D: Deprecated declaration gimbal_task - give arg types
  void gimbal_task();
..\application\gimbal_task.h(81): warning:  #1-D: last line of file ends without a newline
  #endif
..\application\chassis_task.h(173): warning:  #47-D: incompatible redefinition of macro "HALF_ECD_RANGE"  (declared at line 7 of "..\application\shoot.h")
  #define HALF_ECD_RANGE                14383
..\application\chassis_behaviour.c(284): warning:  #177-D: function "chassis_zero_force_control"  was declared but never referenced
  static void chassis_zero_force_control(fp32 *vx_can_set, fp32 *vy_can_set, fp32 *wz_can_set, chassis_move_t *chassis_move_rc_to_vector)
..\application\chassis_behaviour.c(369): warning:  #177-D: function "chassis_engineer_follow_chassis_yaw_control"  was declared but never referenced
  static void chassis_engineer_follow_chassis_yaw_control(fp32 *vx_set, fp32 *vy_set, fp32 *angle_set, chassis_move_t *chassis_move_rc_to_vector)
..\application\chassis_behaviour.c(430): warning:  #177-D: function "chassis_open_set_control"  was declared but never referenced
  static void chassis_open_set_control(fp32 *vx_set, fp32 *vy_set, fp32 *wz_set, chassis_move_t *chassis_move_rc_to_vector)
..\application\chassis_behaviour.c: 10 warnings, 0 errors
compiling LQR.c...
../application/CAN_receive.h(188): warning:  #1295-D: Deprecated declaration get_Chassisdata_point - give arg types
  extern const chassis_data_t *get_Chassisdata_point();
../application/shoot.h(63): warning:  #1295-D: Deprecated declaration shoot - give arg types
  extern shoot_control_t *shoot();
../application/shoot.h(64): warning:  #1295-D: Deprecated declaration shoot_init - give arg types
  extern void shoot_init();
../application/shoot.h(66): warning:  #1-D: last line of file ends without a newline
  #endif
../application/gimbal_task.h(79): warning:  #1295-D: Deprecated declaration gimbal_task - give arg types
  void gimbal_task();
../application/gimbal_task.h(81): warning:  #1-D: last line of file ends without a newline
  #endif
../application/chassis_task.h(173): warning:  #47-D: incompatible redefinition of macro "HALF_ECD_RANGE"  (declared at line 7 of "../application/shoot.h")
  #define HALF_ECD_RANGE                14383
..\components\algorithm\LQR.h(13): warning:  #1-D: last line of file ends without a newline
  #endif
..\components\algorithm\LQR.c(290): warning:  #1-D: last line of file ends without a newline
  }
..\components\algorithm\LQR.c: 9 warnings, 0 errors
compiling main.c...
../application/CAN_receive.h(188): warning:  #1295-D: Deprecated declaration get_Chassisdata_point - give arg types
  extern const chassis_data_t *get_Chassisdata_point();
../application/shoot.h(63): warning:  #1295-D: Deprecated declaration shoot - give arg types
  extern shoot_control_t *shoot();
../application/shoot.h(66): warning:  #1-D: last line of file ends without a newline
  #endif
../application/gimbal_task.h(79): warning:  #1295-D: Deprecated declaration gimbal_task - give arg types
  void gimbal_task();
../application/gimbal_task.h(81): warning:  #1-D: last line of file ends without a newline
  #endif
../application/chassis_task.h(173): warning:  #47-D: incompatible redefinition of macro "HALF_ECD_RANGE"  (declared at line 7 of "../application/shoot.h")
  #define HALF_ECD_RANGE                14383
../Src/main.c: 7 warnings, 0 errors
compiling gimbal_task.c...
..\application\CAN_receive.h(188): warning:  #1295-D: Deprecated declaration get_Chassisdata_point - give arg types
  extern const chassis_data_t *get_Chassisdata_point();
..\application\shoot.h(63): warning:  #1295-D: Deprecated declaration shoot - give arg types
  extern shoot_control_t *shoot();
..\application\shoot.h(64): warning:  #1295-D: Deprecated declaration shoot_init - give arg types
  extern void shoot_init();
..\application\shoot.h(66): warning:  #1-D: last line of file ends without a newline
  #endif
..\application\gimbal_task.h(79): warning:  #1295-D: Deprecated declaration gimbal_task - give arg types
  void gimbal_task();
..\application\gimbal_task.h(81): warning:  #1-D: last line of file ends without a newline
  #endif
..\application\chassis_task.h(173): warning:  #47-D: incompatible redefinition of macro "HALF_ECD_RANGE"  (declared at line 7 of "..\application\shoot.h")
  #define HALF_ECD_RANGE                14383
..\application\uart_receive.h(23): warning:  #1295-D: Deprecated declaration get_Uart_Chassisdata_point - give arg types
  const chassis_data_t *get_Uart_Chassisdata_point();
..\application\uart_receive.h(25): warning:  #1-D: last line of file ends without a newline
  #endif
..\application\gimbal_task.c: 9 warnings, 0 errors
compiling balance_filter.c...
../application/CAN_receive.h(188): warning:  #1295-D: Deprecated declaration get_Chassisdata_point - give arg types
  extern const chassis_data_t *get_Chassisdata_point();
../application/shoot.h(63): warning:  #1295-D: Deprecated declaration shoot - give arg types
  extern shoot_control_t *shoot();
../application/shoot.h(64): warning:  #1295-D: Deprecated declaration shoot_init - give arg types
  extern void shoot_init();
../application/shoot.h(66): warning:  #1-D: last line of file ends without a newline
  #endif
../application/gimbal_task.h(79): warning:  #1295-D: Deprecated declaration gimbal_task - give arg types
  void gimbal_task();
../application/gimbal_task.h(81): warning:  #1-D: last line of file ends without a newline
  #endif
../application/chassis_task.h(173): warning:  #47-D: incompatible redefinition of macro "HALF_ECD_RANGE"  (declared at line 7 of "../application/shoot.h")
  #define HALF_ECD_RANGE                14383
..\components\filter\balance_filter.h(43): warning:  #1-D: last line of file ends without a newline
  #endif
..\components\filter\balance_filter.c: 8 warnings, 0 errors
compiling test_task.c...
..\application\vofa.h(2): warning:  #1-D: last line of file ends without a newline
  void sendfloatdata(float data[],uint8_t number);
..\application\CAN_receive.h(188): warning:  #1295-D: Deprecated declaration get_Chassisdata_point - give arg types
  extern const chassis_data_t *get_Chassisdata_point();
..\application\shoot.h(63): warning:  #1295-D: Deprecated declaration shoot - give arg types
  extern shoot_control_t *shoot();
..\application\shoot.h(64): warning:  #1295-D: Deprecated declaration shoot_init - give arg types
  extern void shoot_init();
..\application\shoot.h(66): warning:  #1-D: last line of file ends without a newline
  #endif
..\application\gimbal_task.h(79): warning:  #1295-D: Deprecated declaration gimbal_task - give arg types
  void gimbal_task();
..\application\gimbal_task.h(81): warning:  #1-D: last line of file ends without a newline
  #endif
..\application\chassis_task.h(173): warning:  #47-D: incompatible redefinition of macro "HALF_ECD_RANGE"  (declared at line 7 of "..\application\shoot.h")
  #define HALF_ECD_RANGE                14383
../components/UI/ui_types.h(8): warning:  #14-D: extra text after expected end of preprocessing directive
  #ifdef __CC_ARM || __GNUC__
../components/UI/ui_default_Ungroup_0.h(12): warning:  #1295-D: Deprecated declaration _ui_init_default_Ungroup_0 - give arg types
  void _ui_init_default_Ungroup_0();
../components/UI/ui_default_Ungroup_0.h(13): warning:  #1295-D: Deprecated declaration _ui_update_default_Ungroup_0 - give arg types
  void _ui_update_default_Ungroup_0();
../components/UI/ui_default_Ungroup_0.h(14): warning:  #1295-D: Deprecated declaration _ui_remove_default_Ungroup_0 - give arg types
  void _ui_remove_default_Ungroup_0();
../components/UI/ui_default_Ungroup_1.h(12): warning:  #1295-D: Deprecated declaration _ui_init_default_Ungroup_1 - give arg types
  void _ui_init_default_Ungroup_1();
../components/UI/ui_default_Ungroup_1.h(13): warning:  #1295-D: Deprecated declaration _ui_update_default_Ungroup_1 - give arg types
  void _ui_update_default_Ungroup_1();
../components/UI/ui_default_Ungroup_1.h(14): warning:  #1295-D: Deprecated declaration _ui_remove_default_Ungroup_1 - give arg types
  void _ui_remove_default_Ungroup_1();
../components/UI/ui_default_Ungroup_2.h(12): warning:  #1295-D: Deprecated declaration _ui_init_default_Ungroup_2 - give arg types
  void _ui_init_default_Ungroup_2();
../components/UI/ui_default_Ungroup_2.h(13): warning:  #1295-D: Deprecated declaration _ui_update_default_Ungroup_2 - give arg types
  void _ui_update_default_Ungroup_2();
../components/UI/ui_default_Ungroup_2.h(14): warning:  #1295-D: Deprecated declaration _ui_remove_default_Ungroup_2 - give arg types
  void _ui_remove_default_Ungroup_2();
../components/UI/ui_default_Ungroup_3.h(12): warning:  #1295-D: Deprecated declaration _ui_init_default_Ungroup_3 - give arg types
  void _ui_init_default_Ungroup_3();
../components/UI/ui_default_Ungroup_3.h(13): warning:  #1295-D: Deprecated declaration _ui_update_default_Ungroup_3 - give arg types
  void _ui_update_default_Ungroup_3();
../components/UI/ui_default_Ungroup_3.h(14): warning:  #1295-D: Deprecated declaration _ui_remove_default_Ungroup_3 - give arg types
  void _ui_remove_default_Ungroup_3();
../components/UI/ui_default_Ungroup_4.h(18): warning:  #1295-D: Deprecated declaration _ui_init_default_Ungroup_4 - give arg types
  void _ui_init_default_Ungroup_4();
../components/UI/ui_default_Ungroup_4.h(19): warning:  #1295-D: Deprecated declaration _ui_update_default_Ungroup_4 - give arg types
  void _ui_update_default_Ungroup_4();
../components/UI/ui_default_Ungroup_4.h(20): warning:  #1295-D: Deprecated declaration _ui_remove_default_Ungroup_4 - give arg types
  void _ui_remove_default_Ungroup_4();
../components/UI/ui_default_Ungroup_5.h(12): warning:  #1295-D: Deprecated declaration _ui_init_default_Ungroup_5 - give arg types
  void _ui_init_default_Ungroup_5();
../components/UI/ui_default_Ungroup_5.h(13): warning:  #1295-D: Deprecated declaration _ui_update_default_Ungroup_5 - give arg types
  void _ui_update_default_Ungroup_5();
../components/UI/ui_default_Ungroup_5.h(14): warning:  #1295-D: Deprecated declaration _ui_remove_default_Ungroup_5 - give arg types
  void _ui_remove_default_Ungroup_5();
..\application\test_task.c(49): warning:  #177-D: variable "error"  was declared but never referenced
      static uint8_t error, last_error;
..\application\test_task.c(49): warning:  #177-D: variable "last_error"  was declared but never referenced
      static uint8_t error, last_error;
..\application\test_task.c(50): warning:  #177-D: variable "error_num"  was declared but never referenced
      static uint8_t error_num;
..\application\test_task.c(119): warning:  #177-D: function "buzzer_warn_error"  was declared but never referenced
  static void buzzer_warn_error(uint8_t num)
..\application\test_task.c: 31 warnings, 0 errors
compiling freertos.c...
../application/CAN_receive.h(188): warning:  #1295-D: Deprecated declaration get_Chassisdata_point - give arg types
  extern const chassis_data_t *get_Chassisdata_point();
../application/shoot.h(63): warning:  #1295-D: Deprecated declaration shoot - give arg types
  extern shoot_control_t *shoot();
../application/shoot.h(64): warning:  #1295-D: Deprecated declaration shoot_init - give arg types
  extern void shoot_init();
../application/shoot.h(66): warning:  #1-D: last line of file ends without a newline
  #endif
../application/gimbal_task.h(79): warning:  #1295-D: Deprecated declaration gimbal_task - give arg types
  void gimbal_task();
../application/gimbal_task.h(81): warning:  #1-D: last line of file ends without a newline
  #endif
../application/chassis_task.h(173): warning:  #47-D: incompatible redefinition of macro "HALF_ECD_RANGE"  (declared at line 7 of "../application/shoot.h")
  #define HALF_ECD_RANGE                14383
../application/Can_task.h(2): warning:  #1-D: last line of file ends without a newline
  extern void Can_task(void const *pvParameters);
../application/set_power_task.h(8): warning:  #1-D: last line of file ends without a newline
  #endif
../application/uart_receive.h(23): warning:  #1295-D: Deprecated declaration get_Uart_Chassisdata_point - give arg types
  const chassis_data_t *get_Uart_Chassisdata_point();
../application/uart_receive.h(25): warning:  #1-D: last line of file ends without a newline
  #endif
../Src/freertos.c: 11 warnings, 0 errors
compiling chassis_task.c...
..\application\CAN_receive.h(188): warning:  #1295-D: Deprecated declaration get_Chassisdata_point - give arg types
  extern const chassis_data_t *get_Chassisdata_point();
..\application\shoot.h(63): warning:  #1295-D: Deprecated declaration shoot - give arg types
  extern shoot_control_t *shoot();
..\application\shoot.h(64): warning:  #1295-D: Deprecated declaration shoot_init - give arg types
  extern void shoot_init();
..\application\shoot.h(66): warning:  #1-D: last line of file ends without a newline
  #endif
..\application\gimbal_task.h(79): warning:  #1295-D: Deprecated declaration gimbal_task - give arg types
  void gimbal_task();
..\application\gimbal_task.h(81): warning:  #1-D: last line of file ends without a newline
  #endif
..\application\chassis_task.h(173): warning:  #47-D: incompatible redefinition of macro "HALF_ECD_RANGE"  (declared at line 7 of "..\application\shoot.h")
  #define HALF_ECD_RANGE                14383
..\application\vofa.h(2): warning:  #1-D: last line of file ends without a newline
  void sendfloatdata(float data[],uint8_t number);
..\application\Chassis_power_control.h(10): warning:  #1-D: last line of file ends without a newline
  #endif
../components/algorithm/LQR.h(13): warning:  #1-D: last line of file ends without a newline
  #endif
..\components\filter\balance_filter.h(43): warning:  #1-D: last line of file ends without a newline
  #endif
..\application\uart_receive.h(23): warning:  #1295-D: Deprecated declaration get_Uart_Chassisdata_point - give arg types
  const chassis_data_t *get_Uart_Chassisdata_point();
..\application\uart_receive.h(25): warning:  #1-D: last line of file ends without a newline
  #endif
..\application\chassis_task.c(258): warning:  #1035-D: single-precision operand implicitly converted to double-precision
  	chassis_move_init->foot_motor_L.distance_offset = (chassis_move_init->foot_motor_L.position / 360.0f) * 
HEEL_PERIMETER;
..\application\chassis_task.c(259): warning:  #1035-D: single-precision operand implicitly converted to double-precision
  	chassis_move_init->foot_motor_R.distance_offset = ((360.0f - chassis_move_init->foot_motor_R.position )/ 360.0f) * 
HEEL_PERIMETER;
..\application\chassis_task.c(294): warning:  #177-D: variable "motor_speed_pid"  was declared but never referenced
  	const static fp32 motor_speed_pid[3] = {M3505_MOTOR_SPEED_PID_KP, M3505_MOTOR_SPEED_PID_KI, M3505_MOTOR_SPEED_PID_KD};
..\application\chassis_task.c(297): warning:  #177-D: variable "chassis_x_order_filter"  was declared but never referenced
  	const static fp32 chassis_x_order_filter[1] = {CHASSIS_ACCEL_X_NUM};
..\application\chassis_task.c(298): warning:  #177-D: variable "chassis_y_order_filter"  was declared but never referenced
  	const static fp32 chassis_y_order_filter[1] = {CHASSIS_ACCEL_Y_NUM};
..\application\chassis_task.c(373): warning:  #1035-D: single-precision operand implicitly converted to double-precision
  	fdb->foot_motor_L.distance = (fdb->foot_motor_L.position / 360.0f + fdb->foot_motor_L.turns) * 
HEEL_PERIMETER - fdb->foot_motor_L.distance_offset;
..\application\chassis_task.c(374): warning:  #1035-D: single-precision operand implicitly converted to double-precision
  	fdb->foot_motor_R.distance = ((360.0f - fdb->foot_motor_R.position) / 360.0f + fdb->foot_motor_R.turns) * 
HEEL_PERIMETER - fdb->foot_motor_R.distance_offset;
..\application\chassis_task.c(627): warning:  #1035-D: single-precision operand implicitly converted to double-precision
  		Moving_High_Offset >= 0.2 &&
..\application\chassis_task.c(638): warning:  #1035-D: single-precision operand implicitly converted to double-precision
  		if (Moving_High_Offset < 0.2)
..\application\chassis_task.c(1282): warning:  #174-D: expression has no effect
  		
IMITED_TORQUE;
..\application\chassis_task.c(1371): warning:  #1035-D: single-precision operand implicitly converted to double-precision
  				(detect->chassis_posture_info.leg_length_R>0.33&&detect->torque_info.supportive_force_R <= 20))
..\application\chassis_task.c(1377): warning:  #1035-D: single-precision operand implicitly converted to double-precision
  				(detect->chassis_posture_info.leg_length_L>0.33&&detect->torque_info.supportive_force_R <= 20))
..\application\chassis_task.c(1497): warning:  #177-D: variable "dL0"  was declared but never referenced
  	fp32 dL0 = 0, L0 = 0, Q0 = 0, S0 = 0;
..\application\chassis_task.c(1499): warning:  #550-D: variable "S3"  was set but never used
  	fp32 A0, B0, C0, Q2, Q3, S2, S3;
..\application\chassis_task.c(1501): warning:  #177-D: variable "sin_Q2"  was declared but never referenced
  	fp32 sin_Q2, cos_Q2, sin_Q3, cos_Q3;
..\application\chassis_task.c(1501): warning:  #177-D: variable "cos_Q2"  was declared but never referenced
  	fp32 sin_Q2, cos_Q2, sin_Q3, cos_Q3;
..\application\chassis_task.c(1501): warning:  #177-D: variable "sin_Q3"  was declared but never referenced
  	fp32 sin_Q2, cos_Q2, sin_Q3, cos_Q3;
..\application\chassis_task.c(1501): warning:  #177-D: variable "cos_Q3"  was declared but never referenced
  	fp32 sin_Q2, cos_Q2, sin_Q3, cos_Q3;
..\application\chassis_task.c(1502): warning:  #177-D: variable "axb"  was declared but never referenced
  	fp32 axb, ayb, axd, ayd, a2, axc;
..\application\chassis_task.c(1502): warning:  #177-D: variable "ayb"  was declared but never referenced
  	fp32 axb, ayb, axd, ayd, a2, axc;
..\application\chassis_task.c(1502): warning:  #177-D: variable "axd"  was declared but never referenced
  	fp32 axb, ayb, axd, ayd, a2, axc;
..\application\chassis_task.c(1502): warning:  #177-D: variable "ayd"  was declared but never referenced
  	fp32 axb, ayb, axd, ayd, a2, axc;
..\application\chassis_task.c(1502): warning:  #177-D: variable "a2"  was declared but never referenced
  	fp32 axb, ayb, axd, ayd, a2, axc;
..\application\chassis_task.c(1502): warning:  #177-D: variable "axc"  was declared but never referenced
  	fp32 axb, ayb, axd, ayd, a2, axc;
..\application\chassis_task.c: 37 warnings, 0 errors
linking...
Program Size: Code=90832 RO-data=7176 RW-data=2028 ZI-data=55100  
FromELF: creating hex file...
"chassis_task\chassis_task.axf" - 0 Error(s), 130 Warning(s).

<h2>Software Packages used:</h2>

Package Vendor: ARM
                http://www.keil.com/pack/ARM.CMSIS.5.0.1.pack
                ARM.CMSIS.5.0.1
                CMSIS (Cortex Microcontroller Software Interface Standard)
   * Component: CORE Version: 5.0.1

Package Vendor: Keil
                http://www.keil.com/pack/Keil.ARM_Compiler.1.3.1.pack
                Keil.ARM_Compiler.1.3.1
                Keil ARM Compiler extensions for ARM Compiler 5 and ARM Compiler 6
   * Component: Event Recorder Variant: DAP Version: 1.1.0

Package Vendor: Keil
                http://www.keil.com/pack/Keil.STM32F4xx_DFP.2.11.0.pack
                Keil.STM32F4xx_DFP.2.11.0
                STMicroelectronics STM32F4 Series Device Support, Drivers and Examples

<h2>Collection of Component include folders:</h2>
  .\RTE\Compiler
  .\RTE\_chassis_task
  D:\Keil5\ARM\PACK\ARM\CMSIS\5.0.1\CMSIS\Include
  D:\Keil5\ARM\PACK\Keil\ARM_Compiler\1.3.1\Include
  D:\Keil5\ARM\PACK\Keil\STM32F4xx_DFP\2.11.0\Drivers\CMSIS\Device\ST\STM32F4xx\Include

<h2>Collection of Component Files used:</h2>

   * Component: Keil.ARM Compiler::Compiler:Event Recorder:DAP:1.1.0
      Include file:  Config\EventRecorderConf.h
      Include file:  Include\EventRecorder.h
      Source file:   Source\EventRecorder.c

   * Component: ARM::CMSIS:CORE:5.0.1
Build Time Elapsed:  00:00:08
</pre>
</body>
</html>
